Archive member included to satisfy reference by file (symbol)

c:/nxp/mcuxpressoide_10.0.2_411/ide/tools/bin/../lib/gcc/arm-none-eabi/5.4.1/../../../../arm-none-eabi/lib/armv6-m\libcr_semihost_nf.a(_cr__main.o)
                              ./startup/startup_mkl25z4.o (__main)
c:/nxp/mcuxpressoide_10.0.2_411/ide/tools/bin/../lib/gcc/arm-none-eabi/5.4.1/../../../../arm-none-eabi/lib/armv6-m\libcr_semihost_nf.a(_cr_assert.o)
                              ./drivers/fsl_clock.o (__assertion_failed)
c:/nxp/mcuxpressoide_10.0.2_411/ide/tools/bin/../lib/gcc/arm-none-eabi/5.4.1/../../../../arm-none-eabi/lib/armv6-m\libcr_semihost_nf.a(__ciob.o)
                              c:/nxp/mcuxpressoide_10.0.2_411/ide/tools/bin/../lib/gcc/arm-none-eabi/5.4.1/../../../../arm-none-eabi/lib/armv6-m\libcr_semihost_nf.a(_cr_assert.o) (__Ciob)
c:/nxp/mcuxpressoide_10.0.2_411/ide/tools/bin/../lib/gcc/arm-none-eabi/5.4.1/../../../../arm-none-eabi/lib/armv6-m\libcr_semihost_nf.a(__sys_appexit.o)
                              c:/nxp/mcuxpressoide_10.0.2_411/ide/tools/bin/../lib/gcc/arm-none-eabi/5.4.1/../../../../arm-none-eabi/lib/armv6-m\libcr_semihost_nf.a(_cr_assert.o) (__sys_appexit)
c:/nxp/mcuxpressoide_10.0.2_411/ide/tools/bin/../lib/gcc/arm-none-eabi/5.4.1/../../../../arm-none-eabi/lib/armv6-m\libcr_c.a(memcpy.o)
                              ./freertos/queue.o (memcpy)
c:/nxp/mcuxpressoide_10.0.2_411/ide/tools/bin/../lib/gcc/arm-none-eabi/5.4.1/../../../../arm-none-eabi/lib/armv6-m\libcr_c.a(memset.o)
                              ./freertos/tasks.o (memset)
c:/nxp/mcuxpressoide_10.0.2_411/ide/tools/bin/../lib/gcc/arm-none-eabi/5.4.1/../../../../arm-none-eabi/lib/armv6-m\libcr_c.a(_deferredlazyseek.o)
                              c:/nxp/mcuxpressoide_10.0.2_411/ide/tools/bin/../lib/gcc/arm-none-eabi/5.4.1/../../../../arm-none-eabi/lib/armv6-m\libcr_semihost_nf.a(_cr_assert.o) (__flsbuf)
c:/nxp/mcuxpressoide_10.0.2_411/ide/tools/bin/../lib/gcc/arm-none-eabi/5.4.1/../../../../arm-none-eabi/lib/armv6-m\libcr_c.a(_fflush.o)
                              c:/nxp/mcuxpressoide_10.0.2_411/ide/tools/bin/../lib/gcc/arm-none-eabi/5.4.1/../../../../arm-none-eabi/lib/armv6-m\libcr_c.a(_deferredlazyseek.o) (_fflush)
c:/nxp/mcuxpressoide_10.0.2_411/ide/tools/bin/../lib/gcc/arm-none-eabi/5.4.1/../../../../arm-none-eabi/lib/armv6-m\libcr_c.a(_writebuf.o)
                              c:/nxp/mcuxpressoide_10.0.2_411/ide/tools/bin/../lib/gcc/arm-none-eabi/5.4.1/../../../../arm-none-eabi/lib/armv6-m\libcr_c.a(_deferredlazyseek.o) (_Cwritebuf)
c:/nxp/mcuxpressoide_10.0.2_411/ide/tools/bin/../lib/gcc/arm-none-eabi/5.4.1/../../../../arm-none-eabi/lib/armv6-m\libcr_c.a(alloc.o)
                              c:/nxp/mcuxpressoide_10.0.2_411/ide/tools/bin/../lib/gcc/arm-none-eabi/5.4.1/../../../../arm-none-eabi/lib/armv6-m\libcr_c.a(_deferredlazyseek.o) (_Csys_alloc)
c:/nxp/mcuxpressoide_10.0.2_411/ide/tools/bin/../lib/gcc/arm-none-eabi/5.4.1/../../../../arm-none-eabi/lib/armv6-m\libcr_c.a(fputs.o)
                              c:/nxp/mcuxpressoide_10.0.2_411/ide/tools/bin/../lib/gcc/arm-none-eabi/5.4.1/../../../../arm-none-eabi/lib/armv6-m\libcr_semihost_nf.a(_cr_assert.o) (fputs)
c:/nxp/mcuxpressoide_10.0.2_411/ide/tools/bin/../lib/gcc/arm-none-eabi/5.4.1/../../../../arm-none-eabi/lib/armv6-m\libcr_c.a(fseek.o)
                              c:/nxp/mcuxpressoide_10.0.2_411/ide/tools/bin/../lib/gcc/arm-none-eabi/5.4.1/../../../../arm-none-eabi/lib/armv6-m\libcr_c.a(_deferredlazyseek.o) (fseek)
c:/nxp/mcuxpressoide_10.0.2_411/ide/tools/bin/../lib/gcc/arm-none-eabi/5.4.1/../../../../arm-none-eabi/lib/armv6-m\libcr_c.a(ftell.o)
                              c:/nxp/mcuxpressoide_10.0.2_411/ide/tools/bin/../lib/gcc/arm-none-eabi/5.4.1/../../../../arm-none-eabi/lib/armv6-m\libcr_c.a(fseek.o) (ftell)
c:/nxp/mcuxpressoide_10.0.2_411/ide/tools/bin/../lib/gcc/arm-none-eabi/5.4.1/../../../../arm-none-eabi/lib/armv6-m\libcr_c.a(initio.o)
                              c:/nxp/mcuxpressoide_10.0.2_411/ide/tools/bin/../lib/gcc/arm-none-eabi/5.4.1/../../../../arm-none-eabi/lib/armv6-m\libcr_semihost_nf.a(_cr__main.o) (_initio)
c:/nxp/mcuxpressoide_10.0.2_411/ide/tools/bin/../lib/gcc/arm-none-eabi/5.4.1/../../../../arm-none-eabi/lib/armv6-m\libcr_c.a(printf.o)
                              ./source/main.o (_printf)
c:/nxp/mcuxpressoide_10.0.2_411/ide/tools/bin/../lib/gcc/arm-none-eabi/5.4.1/../../../../arm-none-eabi/lib/armv6-m\libcr_c.a(setvbuf.o)
                              c:/nxp/mcuxpressoide_10.0.2_411/ide/tools/bin/../lib/gcc/arm-none-eabi/5.4.1/../../../../arm-none-eabi/lib/armv6-m\libcr_c.a(initio.o) (setvbuf)
c:/nxp/mcuxpressoide_10.0.2_411/ide/tools/bin/../lib/gcc/arm-none-eabi/5.4.1/../../../../arm-none-eabi/lib/armv6-m\libcr_c.a(strlen.o)
                              c:/nxp/mcuxpressoide_10.0.2_411/ide/tools/bin/../lib/gcc/arm-none-eabi/5.4.1/../../../../arm-none-eabi/lib/armv6-m\libcr_c.a(printf.o) (strlen)
[...]
Memory Configuration

Name             Origin             Length             Attributes
PROGRAM_FLASH    0x00000000         0x00020000         xr
SRAM             0x1ffff000         0x00004000         xrw
*default*        0x00000000         0xffffffff

Linker script and memory map

LOAD ./utilities/fsl_debug_console.o
LOAD ./startup/startup_mkl25z4.o
LOAD ./source/gpiosetup.o
LOAD ./source/main.o
LOAD ./source/mtb.o
LOAD ./source/rgbLed.o
LOAD ./source/semihost_hardfault.o
LOAD ./freertos/croutine.o
LOAD ./freertos/event_groups.o
LOAD ./freertos/fsl_tickless_lptmr.o
LOAD ./freertos/fsl_tickless_systick.o
LOAD ./freertos/heap_4.o
LOAD ./freertos/list.o
LOAD ./freertos/port.o
LOAD ./freertos/queue.o
LOAD ./freertos/tasks.o
LOAD ./freertos/timers.o
LOAD ./drivers/fsl_clock.o
LOAD ./drivers/fsl_common.o
LOAD ./drivers/fsl_flash.o
LOAD ./drivers/fsl_gpio.o
LOAD ./drivers/fsl_lpsci.o
LOAD ./drivers/fsl_lpsci_freertos.o
LOAD ./drivers/fsl_smc.o
LOAD ./drivers/fsl_uart.o
LOAD ./drivers/fsl_uart_freertos.o
LOAD ./board/board.o
LOAD ./board/clock_config.o
LOAD ./board/peripherals.o
LOAD ./board/pin_mux.o
LOAD ./CMSIS/system_MKL25Z4.o
START GROUP
LOAD c:/nxp/mcuxpressoide_10.0.2_411/ide/tools/bin/../lib/gcc/arm-none-eabi/5.4.1/../../../../arm-none-eabi/lib/armv6-m\libcr_semihost_nf.a
LOAD c:/nxp/mcuxpressoide_10.0.2_411/ide/tools/bin/../lib/gcc/arm-none-eabi/5.4.1/../../../../arm-none-eabi/lib/armv6-m\libcr_c.a
LOAD c:/nxp/mcuxpressoide_10.0.2_411/ide/tools/bin/../lib/gcc/arm-none-eabi/5.4.1/armv6-m\libcr_eabihelpers.a
END GROUP
                0x00000000                __base_PROGRAM_FLASH = 0x0
                0x00000000                __base_Flash = 0x0
                0x00020000                __top_PROGRAM_FLASH = 0x20000
                0x00020000                __top_Flash = 0x20000
                0x1ffff000                __base_SRAM = 0x1ffff000
                0x1ffff000                __base_RAM = 0x1ffff000
                0x20003000                __top_SRAM = 0x20003000
                0x20003000                __top_RAM = 0x20003000

.text           0x00000000     0x60a8
 FILL mask 0xff
                0x00000000                __vectors_start__ = ABSOLUTE (.)
 *(.isr_vector)
 .isr_vector    0x00000000       0xc0 ./startup/startup_mkl25z4.o
                0x00000000                g_pfnVectors
                0x00000000                __Vectors
                0x000000c0                . = ALIGN (0x4)
                0x000000c0                __section_table_start = .
                0x000000c0                __data_section_table = .
                0x000000c0        0x4 LONG 0x60a8 LOADADDR (.data)
                0x000000c4        0x4 LONG 0x1ffff080 ADDR (.data)
                0x000000c8        0x4 LONG 0xc SIZEOF (.data)
                0x000000cc                __data_section_table_end = .
                0x000000cc                __bss_section_table = .
                0x000000cc        0x4 LONG 0x1ffff08c ADDR (.bss)
                0x000000d0        0x4 LONG 0x2a84 SIZEOF (.bss)
                0x000000d4                __bss_section_table_end = .
                0x000000d4                __section_table_end = .
 *(.after_vectors*)
 .after_vectors.init_data
                0x000000d4       0x18 ./startup/startup_mkl25z4.o
                0x000000d4                data_init
 .after_vectors.init_bss
                0x000000ec       0x14 ./startup/startup_mkl25z4.o
                0x000000ec                bss_init
 .after_vectors.reset
                0x00000100       0x4c ./startup/startup_mkl25z4.o
                0x00000100                ResetISR
 .after_vectors
                0x0000014c      0x118 ./startup/startup_mkl25z4.o
                0x0000014c                NMI_Handler
                0x00000160                I2C0_DriverIRQHandler
                0x00000160                DMA0_DriverIRQHandler
                0x00000160                SPI1_DriverIRQHandler
                0x00000160                LPTMR0_DriverIRQHandler
                0x00000160                Reserved39_DriverIRQHandler
                0x00000160                PIT_DriverIRQHandler
                0x00000160                PORTD_DriverIRQHandler
                0x00000160                DMA2_DriverIRQHandler
                0x00000160                CMP0_DriverIRQHandler
                0x00000160                TPM2_DriverIRQHandler
                0x00000160                ADC0_DriverIRQHandler
                0x00000160                SPI0_DriverIRQHandler
                0x00000160                TSI0_DriverIRQHandler
                0x00000160                RTC_Seconds_DriverIRQHandler
                0x00000160                I2C1_DriverIRQHandler
                0x00000160                DMA1_DriverIRQHandler
                0x00000160                LLWU_DriverIRQHandler
                0x00000160                MCG_DriverIRQHandler
                0x00000160                RTC_DriverIRQHandler
                0x00000160                TPM1_DriverIRQHandler
                0x00000160                PORTA_DriverIRQHandler
                0x00000160                FTFA_DriverIRQHandler
                0x00000160                IntDefaultHandler
                0x00000160                USB0_DriverIRQHandler
                0x00000160                DAC0_DriverIRQHandler
                0x00000160                Reserved45_DriverIRQHandler
                0x00000160                LVD_LVW_DriverIRQHandler
                0x00000160                TPM0_DriverIRQHandler
                0x00000160                DMA3_DriverIRQHandler
                0x00000160                Reserved20_DriverIRQHandler
                0x00000164                DMA0_IRQHandler
                0x0000016c                DMA1_IRQHandler
                0x00000174                DMA2_IRQHandler
                0x0000017c                DMA3_IRQHandler
                0x00000184                Reserved20_IRQHandler
                0x0000018c                FTFA_IRQHandler
                0x00000194                LVD_LVW_IRQHandler
                0x0000019c                LLWU_IRQHandler
                0x000001a4                I2C0_IRQHandler
                0x000001ac                I2C1_IRQHandler
                0x000001b4                SPI0_IRQHandler
                0x000001bc                SPI1_IRQHandler
                0x000001c4                UART0_IRQHandler
                0x000001cc                UART1_IRQHandler
                0x000001d4                UART2_IRQHandler
                0x000001dc                ADC0_IRQHandler
                0x000001e4                CMP0_IRQHandler
                0x000001ec                TPM0_IRQHandler
                0x000001f4                TPM1_IRQHandler
                0x000001fc                TPM2_IRQHandler
                0x00000204                RTC_IRQHandler
                0x0000020c                RTC_Seconds_IRQHandler
                0x00000214                PIT_IRQHandler
                0x0000021c                Reserved39_IRQHandler
                0x00000224                USB0_IRQHandler
                0x0000022c                DAC0_IRQHandler
                0x00000234                TSI0_IRQHandler
                0x0000023c                MCG_IRQHandler
                0x00000244                LPTMR0_IRQHandler
                0x0000024c                Reserved45_IRQHandler
                0x00000254                PORTA_IRQHandler
                0x0000025c                PORTD_IRQHandler
                0x00000400                . = 0x400
 *fill*         0x00000264      0x19c ff
                0x00000400                PROVIDE (__FLASH_CONFIG_START__, .)
 *(.FlashConfig)
 .FlashConfig   0x00000400       0x10 ./startup/startup_mkl25z4.o
                0x00000400                Flash_Config
                0x00000410                PROVIDE (__FLASH_CONFIG_END__, .)
                0x00000001                ASSERT (! ((__FLASH_CONFIG_START__ == __FLASH_CONFIG_END__)), Linker Flash Config Support Enabled, but no .FlashConfig section provided within application)
 *(.text*)
 .text.UART_EnableTx
                0x00000410       0x40 ./utilities/fsl_debug_console.o
 .text.UART_EnableRx
                0x00000450       0x40 ./utilities/fsl_debug_console.o
 .text.LPSCI_EnableTx
                0x00000490       0x40 ./utilities/fsl_debug_console.o
 .text.LPSCI_EnableRx
                0x000004d0       0x40 ./utilities/fsl_debug_console.o
 .text.DbgConsole_Init
                0x00000510       0xf4 ./utilities/fsl_debug_console.o
                0x00000510                DbgConsole_Init
 .text.init_gpio
                0x00000604       0xac ./source/gpiosetup.o
                0x00000604                init_gpio
 .text.set_pin  0x000006b0       0x78 ./source/gpiosetup.o
                0x000006b0                set_pin
 .text.setupHardware
                0x00000728       0x20 ./source/main.o
 .text.vLEDTask1
                0x00000748       0x28 ./source/main.o
 .text.vLEDTask2
                0x00000770       0x24 ./source/main.o
 .text.vUARTTask
                0x00000794       0x3c ./source/main.o
 .text.main     0x000007d0       0x78 ./source/main.o
                0x000007d0                main
 .text.init_rgb
                0x00000848       0xa4 ./source/rgbLed.o
                0x00000848                init_rgb
 .text.set_rgb  0x000008ec       0xf4 ./source/rgbLed.o
                0x000008ec                set_rgb
 .text.HardFault_Handler
                0x000009e0       0x2c ./source/semihost_hardfault.o
                0x000009e0                HardFault_Handler
 .text.prvSetupTimerInterrupt
                0x00000a0c       0x3c ./freertos/fsl_tickless_lptmr.o
                0x00000a0c                prvSetupTimerInterrupt
 .text.pvPortMalloc
                0x00000a48      0x14c ./freertos/heap_4.o
                0x00000a48                pvPortMalloc
 .text.vPortFree
                0x00000b94       0x90 ./freertos/heap_4.o
                0x00000b94                vPortFree
 .text.prvHeapInit
                0x00000c24       0xc0 ./freertos/heap_4.o
 .text.prvInsertBlockIntoFreeList
                0x00000ce4       0xb0 ./freertos/heap_4.o
 .text.vListInitialise
                0x00000d94       0x3c ./freertos/list.o
                0x00000d94                vListInitialise
 .text.vListInitialiseItem
                0x00000dd0       0x18 ./freertos/list.o
                0x00000dd0                vListInitialiseItem
 .text.vListInsertEnd
                0x00000de8       0x44 ./freertos/list.o
                0x00000de8                vListInsertEnd
 .text.vListInsert
                0x00000e2c       0x6c ./freertos/list.o
                0x00000e2c                vListInsert
 .text.uxListRemove
                0x00000e98       0x50 ./freertos/list.o
                0x00000e98                uxListRemove
 .text.pxPortInitialiseStack
                0x00000ee8       0x54 ./freertos/port.o
                0x00000ee8                pxPortInitialiseStack
 .text.prvTaskExitError
                0x00000f3c       0x18 ./freertos/port.o
 .text.SVC_Handler
                0x00000f54        0xc ./freertos/port.o
                0x00000f54                SVC_Handler
 .text.vPortStartFirstTask
                0x00000f60       0x38 ./freertos/port.o
 .text.xPortStartScheduler
                0x00000f98       0x44 ./freertos/port.o
                0x00000f98                xPortStartScheduler
 .text.vPortYield
                0x00000fdc       0x20 ./freertos/port.o
                0x00000fdc                vPortYield
 .text.vPortEnterCritical
                0x00000ffc       0x24 ./freertos/port.o
                0x00000ffc                vPortEnterCritical
 .text.vPortExitCritical
                0x00001020       0x30 ./freertos/port.o
                0x00001020                vPortExitCritical
 .text.ulSetInterruptMaskFromISR
                0x00001050        0xc ./freertos/port.o
                0x00001050                ulSetInterruptMaskFromISR
 .text.vClearInterruptMaskFromISR
                0x0000105c        0x8 ./freertos/port.o
                0x0000105c                vClearInterruptMaskFromISR
 *fill*         0x00001064        0xc ff
 .text.PendSV_Handler
                0x00001070       0x48 ./freertos/port.o
                0x00001070                PendSV_Handler
 .text.SysTick_Handler
                0x000010b8       0x34 ./freertos/port.o
                0x000010b8                SysTick_Handler
 .text.xQueueGenericReset
                0x000010ec       0xa8 ./freertos/queue.o
                0x000010ec                xQueueGenericReset
 .text.xQueueGenericCreate
                0x00001194       0x64 ./freertos/queue.o
                0x00001194                xQueueGenericCreate
 .text.prvInitialiseNewQueue
                0x000011f8       0x50 ./freertos/queue.o
 .text.xQueueGenericSend
                0x00001248      0x188 ./freertos/queue.o
                0x00001248                xQueueGenericSend
 .text.xQueueGenericSendFromISR
                0x000013d0       0xe4 ./freertos/queue.o
                0x000013d0                xQueueGenericSendFromISR
 .text.xQueueGenericReceive
                0x000014b4      0x1c8 ./freertos/queue.o
                0x000014b4                xQueueGenericReceive
 .text.prvCopyDataToQueue
                0x0000167c       0xd8 ./freertos/queue.o
 .text.prvCopyDataFromQueue
                0x00001754       0x4c ./freertos/queue.o
 .text.prvUnlockQueue
                0x000017a0       0xc0 ./freertos/queue.o
 .text.prvIsQueueEmpty
                0x00001860       0x2c ./freertos/queue.o
 .text.prvIsQueueFull
                0x0000188c       0x30 ./freertos/queue.o
 .text.vQueueAddToRegistry
                0x000018bc       0x50 ./freertos/queue.o
                0x000018bc                vQueueAddToRegistry
 .text.vQueueWaitForMessageRestricted
                0x0000190c       0x68 ./freertos/queue.o
                0x0000190c                vQueueWaitForMessageRestricted
 .text.xTaskCreate
                0x00001974       0x90 ./freertos/tasks.o
                0x00001974                xTaskCreate
 .text.prvInitialiseNewTask
                0x00001a04      0x120 ./freertos/tasks.o
 .text.prvAddNewTaskToReadyList
                0x00001b24       0xd0 ./freertos/tasks.o
 .text.vTaskDelay
                0x00001bf4       0x4c ./freertos/tasks.o
                0x00001bf4                vTaskDelay
 .text.vTaskStartScheduler
                0x00001c40       0x78 ./freertos/tasks.o
                0x00001c40                vTaskStartScheduler
 .text.vTaskSuspendAll
                0x00001cb8       0x18 ./freertos/tasks.o
                0x00001cb8                vTaskSuspendAll
 .text.xTaskResumeAll
                0x00001cd0      0x118 ./freertos/tasks.o
                0x00001cd0                xTaskResumeAll
 .text.xTaskGetTickCount
                0x00001de8       0x1c ./freertos/tasks.o
                0x00001de8                xTaskGetTickCount
 .text.xTaskIncrementTick
                0x00001e04      0x14c ./freertos/tasks.o
                0x00001e04                xTaskIncrementTick
 .text.vTaskSwitchContext
                0x00001f50       0xa4 ./freertos/tasks.o
                0x00001f50                vTaskSwitchContext
 .text.vTaskPlaceOnEventList
                0x00001ff4       0x3c ./freertos/tasks.o
                0x00001ff4                vTaskPlaceOnEventList
 .text.vTaskPlaceOnEventListRestricted
                0x00002030       0x4c ./freertos/tasks.o
                0x00002030                vTaskPlaceOnEventListRestricted
 .text.xTaskRemoveFromEventList
                0x0000207c       0xb8 ./freertos/tasks.o
                0x0000207c                xTaskRemoveFromEventList
 .text.vTaskSetTimeOutState
                0x00002134       0x34 ./freertos/tasks.o
                0x00002134                vTaskSetTimeOutState
 .text.xTaskCheckForTimeOut
                0x00002168       0x9c ./freertos/tasks.o
                0x00002168                xTaskCheckForTimeOut
 .text.vTaskMissedYield
                0x00002204       0x14 ./freertos/tasks.o
                0x00002204                vTaskMissedYield
 .text.prvIdleTask
                0x00002218       0x2c ./freertos/tasks.o
 .text.prvInitialiseTaskLists
                0x00002244       0x88 ./freertos/tasks.o
 .text.prvCheckTasksWaitingTermination
                0x000022cc       0x74 ./freertos/tasks.o
 .text.prvDeleteTCB
                0x00002340       0x24 ./freertos/tasks.o
 .text.prvResetNextTaskUnblockTime
                0x00002364       0x48 ./freertos/tasks.o
 .text.xTaskGetSchedulerState
                0x000023ac       0x38 ./freertos/tasks.o
                0x000023ac                xTaskGetSchedulerState
 .text.vTaskPriorityInherit
                0x000023e4       0xbc ./freertos/tasks.o
                0x000023e4                vTaskPriorityInherit
 .text.xTaskPriorityDisinherit
                0x000024a0       0xb8 ./freertos/tasks.o
                0x000024a0                xTaskPriorityDisinherit
 .text.pvTaskIncrementMutexHeldCount
                0x00002558       0x24 ./freertos/tasks.o
                0x00002558                pvTaskIncrementMutexHeldCount
 .text.prvAddCurrentTaskToDelayedList
                0x0000257c       0xa8 ./freertos/tasks.o
 .text.xTimerCreateTimerTask
                0x00002624       0x54 ./freertos/timers.o
                0x00002624                xTimerCreateTimerTask
 .text.xTimerGenericCommand
                0x00002678       0x9c ./freertos/timers.o
                0x00002678                xTimerGenericCommand
 .text.prvProcessExpiredTimer
                0x00002714       0x70 ./freertos/timers.o
 .text.prvTimerTask
                0x00002784       0x28 ./freertos/timers.o
 .text.prvProcessTimerOrBlockTask
                0x000027ac       0x8c ./freertos/timers.o
 .text.prvGetNextExpireTime
                0x00002838       0x40 ./freertos/timers.o
 .text.prvSampleTimeNow
                0x00002878       0x40 ./freertos/timers.o
 .text.prvInsertTimerInActiveList
                0x000028b8       0x84 ./freertos/timers.o
 .text.prvProcessReceivedCommands
                0x0000293c      0x12c ./freertos/timers.o
 .text.prvSwitchTimerLists
                0x00002a68       0xb4 ./freertos/timers.o
 .text.prvCheckForValidListAndQueue
                0x00002b1c       0x74 ./freertos/timers.o
 .text.CLOCK_SetEr32kClock
                0x00002b90       0x30 ./drivers/fsl_clock.o
 .text.CLOCK_SetPllFllSelClock
                0x00002bc0       0x38 ./drivers/fsl_clock.o
 .text.OSC_SetExtRefClkConfig
                0x00002bf8       0x48 ./drivers/fsl_clock.o
 .text.OSC_SetCapLoad
                0x00002c40       0x4c ./drivers/fsl_clock.o
 .text.CLOCK_GetMcgExtClkFreq
                0x00002c8c       0x28 ./drivers/fsl_clock.o
 .text.CLOCK_GetFllExtRefClkFreq
                0x00002cb4       0xa4 ./drivers/fsl_clock.o
 .text.CLOCK_GetFllRefClkFreq
                0x00002d58       0x30 ./drivers/fsl_clock.o
 .text.CLOCK_GetPll0RefFreq
                0x00002d88       0x10 ./drivers/fsl_clock.o
 .text.CLOCK_GetOscRangeFromFreq
                0x00002d98       0x4c ./drivers/fsl_clock.o
 .text.CLOCK_GetPllFllSelClkFreq
                0x00002de4       0x50 ./drivers/fsl_clock.o
                0x00002de4                CLOCK_GetPllFllSelClkFreq
 .text.CLOCK_SetSimConfig
                0x00002e34       0x38 ./drivers/fsl_clock.o
                0x00002e34                CLOCK_SetSimConfig
 .text.CLOCK_GetFllFreq
                0x00002e6c       0x84 ./drivers/fsl_clock.o
                0x00002e6c                CLOCK_GetFllFreq
 .text.CLOCK_GetPll0Freq
                0x00002ef0       0x70 ./drivers/fsl_clock.o
                0x00002ef0                CLOCK_GetPll0Freq
 .text.CLOCK_SetExternalRefClkConfig
                0x00002f60       0x18 ./drivers/fsl_clock.o
                0x00002f60                CLOCK_SetExternalRefClkConfig
 .text.CLOCK_SetInternalRefClkConfig
                0x00002f78      0x12c ./drivers/fsl_clock.o
                0x00002f78                CLOCK_SetInternalRefClkConfig
 .text.CLOCK_EnablePll0
                0x000030a4       0x98 ./drivers/fsl_clock.o
                0x000030a4                CLOCK_EnablePll0
 .text.CLOCK_InitOsc0
                0x0000313c       0x98 ./drivers/fsl_clock.o
                0x0000313c                CLOCK_InitOsc0
 .text.CLOCK_SetPbeMode
                0x000031d4       0xb0 ./drivers/fsl_clock.o
                0x000031d4                CLOCK_SetPbeMode
 .text.CLOCK_BootToPeeMode
                0x00003284       0x70 ./drivers/fsl_clock.o
                0x00003284                CLOCK_BootToPeeMode
 .text.CLOCK_EnableClock
                0x000032f4       0x38 ./drivers/fsl_lpsci.o
 .text.LPSCI_GetInstance
                0x0000332c       0x48 ./drivers/fsl_lpsci.o
                0x0000332c                LPSCI_GetInstance
 .text.LPSCI_Init
                0x00003374      0x270 ./drivers/fsl_lpsci.o
                0x00003374                LPSCI_Init
 .text.LPSCI_GetDefaultConfig
                0x000035e4       0x44 ./drivers/fsl_lpsci.o
                0x000035e4                LPSCI_GetDefaultConfig
 .text.LPSCI_GetStatusFlags
                0x00003628       0x28 ./drivers/fsl_lpsci.o
                0x00003628                LPSCI_GetStatusFlags
 .text.LPSCI_ClearStatusFlags
                0x00003650       0x98 ./drivers/fsl_lpsci.o
                0x00003650                LPSCI_ClearStatusFlags
 .text.LPSCI_WriteBlocking
                0x000036e8       0x4c ./drivers/fsl_lpsci.o
                0x000036e8                LPSCI_WriteBlocking
 .text.LPSCI_ReadBlocking
                0x00003734       0xc0 ./drivers/fsl_lpsci.o
                0x00003734                LPSCI_ReadBlocking
 .text.UART0_DriverIRQHandler
                0x000037f4       0x24 ./drivers/fsl_lpsci.o
                0x000037f4                UART0_DriverIRQHandler
 .text.CLOCK_EnableClock
                0x00003818       0x38 ./drivers/fsl_uart.o
 .text.UART_GetInstance
                0x00003850       0x54 ./drivers/fsl_uart.o
                0x00003850                UART_GetInstance
 .text.UART_Init
                0x000038a4      0x1fc ./drivers/fsl_uart.o
                0x000038a4                UART_Init
 .text.UART_GetDefaultConfig
                0x00003aa0       0x44 ./drivers/fsl_uart.o
                0x00003aa0                UART_GetDefaultConfig
 .text.UART_GetStatusFlags
                0x00003ae4       0x28 ./drivers/fsl_uart.o
                0x00003ae4                UART_GetStatusFlags
 .text.UART_WriteBlocking
                0x00003b0c       0x3c ./drivers/fsl_uart.o
                0x00003b0c                UART_WriteBlocking
 .text.UART_ReadBlocking
                0x00003b48       0x98 ./drivers/fsl_uart.o
                0x00003b48                UART_ReadBlocking
 .text.UART1_DriverIRQHandler
                0x00003be0       0x24 ./drivers/fsl_uart.o
                0x00003be0                UART1_DriverIRQHandler
 .text.UART2_DriverIRQHandler
                0x00003c04       0x24 ./drivers/fsl_uart.o
                0x00003c04                UART2_DriverIRQHandler
 .text.CLOCK_SetLpsci0Clock
                0x00003c28       0x38 ./board/board.o
 .text.BOARD_InitDebugConsole
                0x00003c60       0x30 ./board/board.o
                0x00003c60                BOARD_InitDebugConsole
 .text.CLOCK_SetSimSafeDivs
                0x00003c90       0x20 ./board/clock_config.o
 .text.CLOCK_SetXtal0Freq
                0x00003cb0       0x1c ./board/clock_config.o
 .text.BOARD_InitBootClocks
                0x00003ccc       0x10 ./board/clock_config.o
                0x00003ccc                BOARD_InitBootClocks
 .text.CLOCK_CONFIG_SetFllExtRefDiv
                0x00003cdc       0x3c ./board/clock_config.o
 .text.BOARD_BootClockRUN
                0x00003d18       0x64 ./board/clock_config.o
                0x00003d18                BOARD_BootClockRUN
 .text.SystemInit
                0x00003d7c       0x18 ./CMSIS/system_MKL25Z4.o
                0x00003d7c                SystemInit
 .text.__main   0x00003d94        0xc c:/nxp/mcuxpressoide_10.0.2_411/ide/tools/bin/../lib/gcc/arm-none-eabi/5.4.1/../../../../arm-none-eabi/lib/armv6-m\libcr_semihost_nf.a(_cr__main.o)
                0x00003d94                __CR_SEMIHOST
                0x00003d94                __main
 .text.__assertion_failed
                0x00003da0       0x4c c:/nxp/mcuxpressoide_10.0.2_411/ide/tools/bin/../lib/gcc/arm-none-eabi/5.4.1/../../../../arm-none-eabi/lib/armv6-m\libcr_semihost_nf.a(_cr_assert.o)
                0x00003da0                __assertion_failed
 .text.__sys_appexit
                0x00003dec        0xc c:/nxp/mcuxpressoide_10.0.2_411/ide/tools/bin/../lib/gcc/arm-none-eabi/5.4.1/../../../../arm-none-eabi/lib/armv6-m\libcr_semihost_nf.a(__sys_appexit.o)
                0x00003dec                __sys_appexit
                0x00003dec                __exit
 .text.memcpy   0x00003df8        0x8 c:/nxp/mcuxpressoide_10.0.2_411/ide/tools/bin/../lib/gcc/arm-none-eabi/5.4.1/../../../../arm-none-eabi/lib/armv6-m\libcr_c.a(memcpy.o)
                0x00003df8                memcpy
 .text.memset   0x00003e00        0x8 c:/nxp/mcuxpressoide_10.0.2_411/ide/tools/bin/../lib/gcc/arm-none-eabi/5.4.1/../../../../arm-none-eabi/lib/armv6-m\libcr_c.a(memset.o)
                0x00003e00                memset
 .text._deferredlazyseek
                0x00003e08       0x40 c:/nxp/mcuxpressoide_10.0.2_411/ide/tools/bin/../lib/gcc/arm-none-eabi/5.4.1/../../../../arm-none-eabi/lib/armv6-m\libcr_c.a(_deferredlazyseek.o)
                0x00003e08                _deferredlazyseek
 .text.__flsbuf
                0x00003e48      0x14c c:/nxp/mcuxpressoide_10.0.2_411/ide/tools/bin/../lib/gcc/arm-none-eabi/5.4.1/../../../../arm-none-eabi/lib/armv6-m\libcr_c.a(_deferredlazyseek.o)
                0x00003e48                __flsbuf
 .text._fflush  0x00003f94       0x60 c:/nxp/mcuxpressoide_10.0.2_411/ide/tools/bin/../lib/gcc/arm-none-eabi/5.4.1/../../../../arm-none-eabi/lib/armv6-m\libcr_c.a(_fflush.o)
                0x00003f94                _fflush
 .text._Cwritebuf
                0x00003ff4       0x6c c:/nxp/mcuxpressoide_10.0.2_411/ide/tools/bin/../lib/gcc/arm-none-eabi/5.4.1/../../../../arm-none-eabi/lib/armv6-m\libcr_c.a(_writebuf.o)
                0x00003ff4                _Cwritebuf
 .text.malloc   0x00004060       0xcc c:/nxp/mcuxpressoide_10.0.2_411/ide/tools/bin/../lib/gcc/arm-none-eabi/5.4.1/../../../../arm-none-eabi/lib/armv6-m\libcr_c.a(alloc.o)
                0x00004060                malloc
 .text.free     0x0000412c       0x2e c:/nxp/mcuxpressoide_10.0.2_411/ide/tools/bin/../lib/gcc/arm-none-eabi/5.4.1/../../../../arm-none-eabi/lib/armv6-m\libcr_c.a(alloc.o)
                0x0000412c                free
 *fill*         0x0000415a        0x2 ff
 .text._Csys_alloc
                0x0000415c       0x20 c:/nxp/mcuxpressoide_10.0.2_411/ide/tools/bin/../lib/gcc/arm-none-eabi/5.4.1/../../../../arm-none-eabi/lib/armv6-m\libcr_c.a(alloc.o)
                0x0000415c                _Csys_alloc
 .text.fputs    0x0000417c       0x30 c:/nxp/mcuxpressoide_10.0.2_411/ide/tools/bin/../lib/gcc/arm-none-eabi/5.4.1/../../../../arm-none-eabi/lib/armv6-m\libcr_c.a(fputs.o)
                0x0000417c                fputs
 .text.fseek    0x000041ac       0xf0 c:/nxp/mcuxpressoide_10.0.2_411/ide/tools/bin/../lib/gcc/arm-none-eabi/5.4.1/../../../../arm-none-eabi/lib/armv6-m\libcr_c.a(fseek.o)
                0x000041ac                fseek
 .text.ftell    0x0000429c       0x48 c:/nxp/mcuxpressoide_10.0.2_411/ide/tools/bin/../lib/gcc/arm-none-eabi/5.4.1/../../../../arm-none-eabi/lib/armv6-m\libcr_c.a(ftell.o)
                0x0000429c                ftell
 .text._initio  0x000042e4       0x7c c:/nxp/mcuxpressoide_10.0.2_411/ide/tools/bin/../lib/gcc/arm-none-eabi/5.4.1/../../../../arm-none-eabi/lib/armv6-m\libcr_c.a(initio.o)
                0x000042e4                _initio
 .text.no_fp_display
                0x00004360        0x4 c:/nxp/mcuxpressoide_10.0.2_411/ide/tools/bin/../lib/gcc/arm-none-eabi/5.4.1/../../../../arm-none-eabi/lib/armv6-m\libcr_c.a(printf.o)
 .text.__vfprintf
                0x00004364      0xd5c c:/nxp/mcuxpressoide_10.0.2_411/ide/tools/bin/../lib/gcc/arm-none-eabi/5.4.1/../../../../arm-none-eabi/lib/armv6-m\libcr_c.a(printf.o)
                0x00004364                __vfprintf
 .text._vsnprintf
                0x000050c0       0x60 c:/nxp/mcuxpressoide_10.0.2_411/ide/tools/bin/../lib/gcc/arm-none-eabi/5.4.1/../../../../arm-none-eabi/lib/armv6-m\libcr_c.a(printf.o)
                0x000050c0                _vsnprintf
 .text._printf  0x00005120       0x50 c:/nxp/mcuxpressoide_10.0.2_411/ide/tools/bin/../lib/gcc/arm-none-eabi/5.4.1/../../../../arm-none-eabi/lib/armv6-m\libcr_c.a(printf.o)
                0x00005120                _printf
 .text.setvbuf  0x00005170       0x4c c:/nxp/mcuxpressoide_10.0.2_411/ide/tools/bin/../lib/gcc/arm-none-eabi/5.4.1/../../../../arm-none-eabi/lib/armv6-m\libcr_c.a(setvbuf.o)
                0x00005170                setvbuf
 .text.strlen   0x000051bc       0x54 c:/nxp/mcuxpressoide_10.0.2_411/ide/tools/bin/../lib/gcc/arm-none-eabi/5.4.1/../../../../arm-none-eabi/lib/armv6-m\libcr_c.a(strlen.o)
                0x000051bc                strlen
 .text._sbrk    0x00005210       0x40 c:/nxp/mcuxpressoide_10.0.2_411/ide/tools/bin/../lib/gcc/arm-none-eabi/5.4.1/../../../../arm-none-eabi/lib/armv6-m\libcr_c.a(_cr_sbrk.o)
                0x00005210                _sbrk
 .text._fdopen  0x00005250       0x74 c:/nxp/mcuxpressoide_10.0.2_411/ide/tools/bin/../lib/gcc/arm-none-eabi/5.4.1/../../../../arm-none-eabi/lib/armv6-m\libcr_c.a(_fdopen.o)
                0x00005250                _fdopen
 .text.fclose   0x000052c4       0x5c c:/nxp/mcuxpressoide_10.0.2_411/ide/tools/bin/../lib/gcc/arm-none-eabi/5.4.1/../../../../arm-none-eabi/lib/armv6-m\libcr_c.a(fclose.o)
                0x000052c4                fclose
 .text.fflush   0x00005320       0x44 c:/nxp/mcuxpressoide_10.0.2_411/ide/tools/bin/../lib/gcc/arm-none-eabi/5.4.1/../../../../arm-none-eabi/lib/armv6-m\libcr_c.a(fflush.o)
                0x00005320                fflush
 .text.remove   0x00005364       0x12 c:/nxp/mcuxpressoide_10.0.2_411/ide/tools/bin/../lib/gcc/arm-none-eabi/5.4.1/../../../../arm-none-eabi/lib/armv6-m\libcr_c.a(remove.o)
                0x00005364                remove
 *fill*         0x00005376        0x2 ff
 .text.__check_heap_overflow
                0x00005378       0x14 c:/nxp/mcuxpressoide_10.0.2_411/ide/tools/bin/../lib/gcc/arm-none-eabi/5.4.1/../../../../arm-none-eabi/lib/armv6-m\libcr_c.a(_cr_check_heap.o)
                0x00005378                __check_heap_overflow
 .text._do_fflush
                0x0000538c       0x48 c:/nxp/mcuxpressoide_10.0.2_411/ide/tools/bin/../lib/gcc/arm-none-eabi/5.4.1/../../../../arm-none-eabi/lib/armv6-m\libcr_c.a(_do_fflush.o)
                0x0000538c                _do_fflush
 .text.__aeabi_division_idivmod
                0x000053d4       0x78 c:/nxp/mcuxpressoide_10.0.2_411/ide/tools/bin/../lib/gcc/arm-none-eabi/5.4.1/armv6-m\libcr_eabihelpers.a(division_32.o)
                0x000053d4                __aeabi_idivmod
                0x000053d4                __aeabi_idiv
                0x000053da                __aeabi_uidivmod
                0x000053da                __aeabi_uidiv
 .text.__aeabi_division_idiv0
                0x0000544c        0x2 c:/nxp/mcuxpressoide_10.0.2_411/ide/tools/bin/../lib/gcc/arm-none-eabi/5.4.1/armv6-m\libcr_eabihelpers.a(division_idiv0.o)
                0x0000544c                __aeabi_idiv0
 .text.__aeabi_llong_lmul
                0x0000544e       0x2e c:/nxp/mcuxpressoide_10.0.2_411/ide/tools/bin/../lib/gcc/arm-none-eabi/5.4.1/armv6-m\libcr_eabihelpers.a(llong.o)
                0x0000544e                __aeabi_lmul
 .text.__aeabi_memcpy
                0x0000547c       0x2c c:/nxp/mcuxpressoide_10.0.2_411/ide/tools/bin/../lib/gcc/arm-none-eabi/5.4.1/armv6-m\libcr_eabihelpers.a(memcpy.o)
                0x0000547c                __aeabi_memcpy4
                0x0000547c                __aeabi_memcpy8
                0x0000547c                __aeabi_memcpy
 .text.__aeabi_memset_lowlevel
                0x000054a8       0x2a c:/nxp/mcuxpressoide_10.0.2_411/ide/tools/bin/../lib/gcc/arm-none-eabi/5.4.1/armv6-m\libcr_eabihelpers.a(memcpy.o)
                0x000054a8                __aeabi_lowlevel_memset
 .text.__sys_close
                0x000054d2        0xc c:/nxp/mcuxpressoide_10.0.2_411/ide/tools/bin/../lib/gcc/arm-none-eabi/5.4.1/../../../../arm-none-eabi/lib/armv6-m\libcr_semihost_nf.a(__sys_close.o)
                0x000054d2                __sys_close
 .text.__sys_flen
                0x000054de        0xc c:/nxp/mcuxpressoide_10.0.2_411/ide/tools/bin/../lib/gcc/arm-none-eabi/5.4.1/../../../../arm-none-eabi/lib/armv6-m\libcr_semihost_nf.a(__sys_flen.o)
                0x000054de                __sys_flen
 .text.__sys_istty
                0x000054ea        0xc c:/nxp/mcuxpressoide_10.0.2_411/ide/tools/bin/../lib/gcc/arm-none-eabi/5.4.1/../../../../arm-none-eabi/lib/armv6-m\libcr_semihost_nf.a(__sys_istty.o)
                0x000054ea                __sys_istty
 .text.__sys_remove
                0x000054f6        0xc c:/nxp/mcuxpressoide_10.0.2_411/ide/tools/bin/../lib/gcc/arm-none-eabi/5.4.1/../../../../arm-none-eabi/lib/armv6-m\libcr_semihost_nf.a(__sys_remove.o)
                0x000054f6                __sys_remove
 .text.__sys_seek
                0x00005502        0xc c:/nxp/mcuxpressoide_10.0.2_411/ide/tools/bin/../lib/gcc/arm-none-eabi/5.4.1/../../../../arm-none-eabi/lib/armv6-m\libcr_semihost_nf.a(__sys_seek.o)
                0x00005502                __sys_seek
 .text.__sys_tmpnam
                0x0000550e        0xc c:/nxp/mcuxpressoide_10.0.2_411/ide/tools/bin/../lib/gcc/arm-none-eabi/5.4.1/../../../../arm-none-eabi/lib/armv6-m\libcr_semihost_nf.a(__sys_tmpnam.o)
                0x0000550e                __sys_tmpnam
 .text.__sys_write
                0x0000551a        0xc c:/nxp/mcuxpressoide_10.0.2_411/ide/tools/bin/../lib/gcc/arm-none-eabi/5.4.1/../../../../arm-none-eabi/lib/armv6-m\libcr_semihost_nf.a(__sys_write.o)
                0x0000551a                __sys_write
 *(.rodata .rodata.* .constdata .constdata.*)
 *fill*         0x00005526        0x2 ff
 .rodata.set_pin
                0x00005528       0x20 ./source/gpiosetup.o
 .rodata        0x00005548       0x42 ./source/main.o
 *fill*         0x0000558a        0x2 ff
 .rodata.set_rgb
                0x0000558c       0x20 ./source/rgbLed.o
 .rodata        0x000055ac        0x5 ./freertos/tasks.o
 *fill*         0x000055b1        0x3 ff
 .rodata        0x000055b4        0xd ./freertos/timers.o
 *fill*         0x000055c1        0x3 ff
 .rodata.prvProcessReceivedCommands
                0x000055c4       0x28 ./freertos/timers.o
 .rodata        0x000055ec      0x11d ./drivers/fsl_clock.o
 *fill*         0x00005709        0x3 ff
 .rodata.fllFactorTable.5253
                0x0000570c       0x10 ./drivers/fsl_clock.o
 .rodata        0x0000571c      0x48c ./drivers/fsl_lpsci.o
 .rodata.s_uartBases
                0x00005ba8        0xc ./drivers/fsl_uart.o
 .rodata.s_uartClock
                0x00005bb4        0xc ./drivers/fsl_uart.o
 .rodata        0x00005bc0      0x45b ./drivers/fsl_uart.o
 *fill*         0x0000601b        0x1 ff
 .rodata.mcgConfig_BOARD_BootClockRUN
                0x0000601c        0xa ./board/clock_config.o
                0x0000601c                mcgConfig_BOARD_BootClockRUN
 *fill*         0x00006026        0x2 ff
 .rodata.simConfig_BOARD_BootClockRUN
                0x00006028        0x8 ./board/clock_config.o
                0x00006028                simConfig_BOARD_BootClockRUN
 .rodata.oscConfig_BOARD_BootClockRUN
                0x00006030        0x8 ./board/clock_config.o
                0x00006030                oscConfig_BOARD_BootClockRUN
 .rodata.str1.1
                0x00006038       0x15 c:/nxp/mcuxpressoide_10.0.2_411/ide/tools/bin/../lib/gcc/arm-none-eabi/5.4.1/../../../../arm-none-eabi/lib/armv6-m\libcr_semihost_nf.a(_cr_assert.o)
 *fill*         0x0000604d        0x3 ff
 .rodata.__num_Ciob_streams
                0x00006050        0x4 c:/nxp/mcuxpressoide_10.0.2_411/ide/tools/bin/../lib/gcc/arm-none-eabi/5.4.1/../../../../arm-none-eabi/lib/armv6-m\libcr_semihost_nf.a(__ciob.o)
                0x00006050                __num_Ciob_streams
 .rodata.str1.1
                0x00006054       0x18 c:/nxp/mcuxpressoide_10.0.2_411/ide/tools/bin/../lib/gcc/arm-none-eabi/5.4.1/../../../../arm-none-eabi/lib/armv6-m\libcr_c.a(alloc.o)
 .rodata.str1.1
                0x0000606c        0x4 c:/nxp/mcuxpressoide_10.0.2_411/ide/tools/bin/../lib/gcc/arm-none-eabi/5.4.1/../../../../arm-none-eabi/lib/armv6-m\libcr_c.a(initio.o)
 .rodata.str1.1
                0x00006070       0x35 c:/nxp/mcuxpressoide_10.0.2_411/ide/tools/bin/../lib/gcc/arm-none-eabi/5.4.1/../../../../arm-none-eabi/lib/armv6-m\libcr_c.a(printf.o)
                                 0x38 (size before relaxing)
                0x000060a8                . = ALIGN (0x4)
 *fill*         0x000060a5        0x3 ff

.glue_7         0x000060a8        0x0
 .glue_7        0x000060a8        0x0 linker stubs

.glue_7t        0x000060a8        0x0
 .glue_7t       0x000060a8        0x0 linker stubs

.vfp11_veneer   0x000060a8        0x0
 .vfp11_veneer  0x000060a8        0x0 linker stubs

.v4_bx          0x000060a8        0x0
 .v4_bx         0x000060a8        0x0 linker stubs

.iplt           0x000060a8        0x0
 .iplt          0x000060a8        0x0 ./utilities/fsl_debug_console.o

.rel.dyn        0x000060a8        0x0
 .rel.iplt      0x000060a8        0x0 ./utilities/fsl_debug_console.o

.ARM.extab
 *(.ARM.extab* .gnu.linkonce.armextab.*)
                0x000060a8                __exidx_start = .

.ARM.exidx
 *(.ARM.exidx* .gnu.linkonce.armexidx.*)
                0x000060a8                __exidx_end = .
                0x000060a8                _etext = .

.m_usb_data
 *(m_usb_bdt)

.mtb_buffer_default
                0x1ffff000       0x80
 *(.mtb*)
 .mtb.$RAM1     0x1ffff000       0x80 ./source/mtb.o
                0x1ffff000                __mtb_buffer__

.uninit_RESERVED
                0x1ffff080        0x0
 *(.bss.$RESERVED*)
                0x1ffff080                . = ALIGN (0x4)
                0x1ffff080                _end_uninit_RESERVED = .

.data           0x1ffff080        0xc load address 0x000060a8
 FILL mask 0xff
                0x1ffff080                _data = .
 *(vtable)
 *(.ramfunc*)
 *(.data*)
 .data.uxCriticalNesting
                0x1ffff080        0x4 ./freertos/port.o
 .data.s_slowIrcFreq
                0x1ffff084        0x4 ./drivers/fsl_clock.o
 .data.SystemCoreClock
                0x1ffff088        0x4 ./CMSIS/system_MKL25Z4.o
                0x1ffff088                SystemCoreClock
                0x1ffff08c                . = ALIGN (0x4)
                0x1ffff08c                _edata = .

.igot.plt       0x1ffff08c        0x0 load address 0x000060b4
 .igot.plt      0x1ffff08c        0x0 ./utilities/fsl_debug_console.o

.bss            0x1ffff08c     0x2a84 load address 0x000060b4
                0x1ffff08c                _bss = .
 *(.bss*)
 .bss.s_debugConsole
                0x1ffff08c       0x10 ./utilities/fsl_debug_console.o
 .bss.ucHeap    0x1ffff09c     0x2800 ./freertos/heap_4.o
 .bss.xStart    0x2000189c        0x8 ./freertos/heap_4.o
 .bss.pxEnd     0x200018a4        0x4 ./freertos/heap_4.o
 .bss.xFreeBytesRemaining
                0x200018a8        0x4 ./freertos/heap_4.o
 .bss.xMinimumEverFreeBytesRemaining
                0x200018ac        0x4 ./freertos/heap_4.o
 .bss.xBlockAllocatedBit
                0x200018b0        0x4 ./freertos/heap_4.o
 .bss.xQueueRegistry
                0x200018b4       0x40 ./freertos/queue.o
                0x200018b4                xQueueRegistry
 .bss.pxCurrentTCB
                0x200018f4        0x4 ./freertos/tasks.o
                0x200018f4                pxCurrentTCB
 .bss.pxReadyTasksLists
                0x200018f8       0x64 ./freertos/tasks.o
 .bss.xDelayedTaskList1
                0x2000195c       0x14 ./freertos/tasks.o
 .bss.xDelayedTaskList2
                0x20001970       0x14 ./freertos/tasks.o
 .bss.pxDelayedTaskList
                0x20001984        0x4 ./freertos/tasks.o
 .bss.pxOverflowDelayedTaskList
                0x20001988        0x4 ./freertos/tasks.o
 .bss.xPendingReadyList
                0x2000198c       0x14 ./freertos/tasks.o
 .bss.xTasksWaitingTermination
                0x200019a0       0x14 ./freertos/tasks.o
 .bss.uxDeletedTasksWaitingCleanUp
                0x200019b4        0x4 ./freertos/tasks.o
 .bss.xSuspendedTaskList
                0x200019b8       0x14 ./freertos/tasks.o
 .bss.uxCurrentNumberOfTasks
                0x200019cc        0x4 ./freertos/tasks.o
 .bss.xTickCount
                0x200019d0        0x4 ./freertos/tasks.o
 .bss.uxTopReadyPriority
                0x200019d4        0x4 ./freertos/tasks.o
 .bss.xSchedulerRunning
                0x200019d8        0x4 ./freertos/tasks.o
 .bss.uxPendedTicks
                0x200019dc        0x4 ./freertos/tasks.o
 .bss.xYieldPending
                0x200019e0        0x4 ./freertos/tasks.o
 .bss.xNumOfOverflows
                0x200019e4        0x4 ./freertos/tasks.o
 .bss.uxTaskNumber
                0x200019e8        0x4 ./freertos/tasks.o
 .bss.xNextTaskUnblockTime
                0x200019ec        0x4 ./freertos/tasks.o
 .bss.xIdleTaskHandle
                0x200019f0        0x4 ./freertos/tasks.o
 .bss.uxSchedulerSuspended
                0x200019f4        0x4 ./freertos/tasks.o
 .bss.xActiveTimerList1
                0x200019f8       0x14 ./freertos/timers.o
 .bss.xActiveTimerList2
                0x20001a0c       0x14 ./freertos/timers.o
 .bss.pxCurrentTimerList
                0x20001a20        0x4 ./freertos/timers.o
 .bss.pxOverflowTimerList
                0x20001a24        0x4 ./freertos/timers.o
 .bss.xTimerQueue
                0x20001a28        0x4 ./freertos/timers.o
 .bss.xTimerTaskHandle
                0x20001a2c        0x4 ./freertos/timers.o
 .bss.xLastTime.4598
                0x20001a30        0x4 ./freertos/timers.o
 .bss.g_xtal0Freq
                0x20001a34        0x4 ./drivers/fsl_clock.o
                0x20001a34                g_xtal0Freq
 .bss.s_lpsciHandle
                0x20001a38        0x4 ./drivers/fsl_lpsci.o
 .bss.s_lpsciIsr
                0x20001a3c        0x4 ./drivers/fsl_lpsci.o
 .bss.s_uartHandle
                0x20001a40        0xc ./drivers/fsl_uart.o
 .bss.s_uartIsr
                0x20001a4c        0x4 ./drivers/fsl_uart.o
 .bss.__Ciob    0x20001a50       0xb4 c:/nxp/mcuxpressoide_10.0.2_411/ide/tools/bin/../lib/gcc/arm-none-eabi/5.4.1/../../../../arm-none-eabi/lib/armv6-m\libcr_semihost_nf.a(__ciob.o)
                0x20001a50                __Ciob
 .bss.__heaps   0x20001b04        0x4 c:/nxp/mcuxpressoide_10.0.2_411/ide/tools/bin/../lib/gcc/arm-none-eabi/5.4.1/../../../../arm-none-eabi/lib/armv6-m\libcr_c.a(__init_alloc.o)
                0x20001b04                __heaps
 .bss.__end_of_heap
                0x20001b08        0x4 c:/nxp/mcuxpressoide_10.0.2_411/ide/tools/bin/../lib/gcc/arm-none-eabi/5.4.1/../../../../arm-none-eabi/lib/armv6-m\libcr_c.a(__init_alloc.o)
                0x20001b08                __end_of_heap
 .bss.errno     0x20001b0c        0x4 c:/nxp/mcuxpressoide_10.0.2_411/ide/tools/bin/../lib/gcc/arm-none-eabi/5.4.1/../../../../arm-none-eabi/lib/armv6-m\libcr_c.a(errno.o)
                0x20001b0c                errno
 *(COMMON)
                0x20001b10                . = ALIGN (0x4)
                0x20001b10                _ebss = .
                [!provide]                PROVIDE (end, .)

.noinit         0x20001b10        0x0 load address 0x000060b4
                0x20001b10                _noinit = .
 *(.noinit*)
                0x20001b10                . = ALIGN (0x4)
                0x20001b10                _end_noinit = .

.heap           0x20001b10      0x400 load address 0x000060b4
                0x20001b10                _pvHeapStart = .
                0x20001f10                . = (. + 0x400)
 *fill*         0x20001b10      0x400 
                0x20001f10                . = ALIGN (0x4)
                0x20001f10                _pvHeapLimit = .

.heap2stackfill
                0x20001f10      0x400 load address 0x000060b4
                0x20002310                . = (. + 0x400)
 *fill*         0x20001f10      0x400 

.stack          0x20002c00        0x0
                0x20002c00                _vStackBase = .
                0x20002c00                . = ALIGN (0x4)
                0x20003000                _vStackTop = (. + 0x400)
OUTPUT(E4ISD2_rtos_blinky2.axf elf32-littlearm)

.debug_info     0x00000000     0xa04e
 .debug_info    0x00000000      0x807 ./utilities/fsl_debug_console.o
 .debug_info    0x00000807      0x49f ./startup/startup_mkl25z4.o
 .debug_info    0x00000ca6      0x3e9 ./source/gpiosetup.o
 .debug_info    0x0000108f      0x1d8 ./source/main.o
 .debug_info    0x00001267       0x51 ./source/mtb.o
 .debug_info    0x000012b8      0x3e9 ./source/rgbLed.o
 .debug_info    0x000016a1       0x3b ./source/semihost_hardfault.o
 .debug_info    0x000016dc       0xb7 ./freertos/fsl_tickless_lptmr.o
 .debug_info    0x00001793      0x2e4 ./freertos/heap_4.o
 .debug_info    0x00001a77      0x296 ./freertos/list.o
 .debug_info    0x00001d0d      0x229 ./freertos/port.o
 .debug_info    0x00001f36      0xe02 ./freertos/queue.o
 .debug_info    0x00002d38     0x1779 ./freertos/tasks.o
 .debug_info    0x000044b1      0xac4 ./freertos/timers.o
 .debug_info    0x00004f75     0x190c ./drivers/fsl_clock.o
 .debug_info    0x00006881     0x135c ./drivers/fsl_lpsci.o
 .debug_info    0x00007bdd     0x1306 ./drivers/fsl_uart.o
 .debug_info    0x00008ee3      0x38b ./board/board.o
 .debug_info    0x0000926e      0xa17 ./board/clock_config.o
 .debug_info    0x00009c85      0x3c9 ./CMSIS/system_MKL25Z4.o

.debug_abbrev   0x00000000     0x1c2b
 .debug_abbrev  0x00000000      0x1ac ./utilities/fsl_debug_console.o
 .debug_abbrev  0x000001ac      0x131 ./startup/startup_mkl25z4.o
 .debug_abbrev  0x000002dd      0x121 ./source/gpiosetup.o
 .debug_abbrev  0x000003fe       0xd9 ./source/main.o
 .debug_abbrev  0x000004d7       0x41 ./source/mtb.o
 .debug_abbrev  0x00000518      0x12a ./source/rgbLed.o
 .debug_abbrev  0x00000642       0x2f ./source/semihost_hardfault.o
 .debug_abbrev  0x00000671       0x63 ./freertos/fsl_tickless_lptmr.o
 .debug_abbrev  0x000006d4      0x15b ./freertos/heap_4.o
 .debug_abbrev  0x0000082f       0xc1 ./freertos/list.o
 .debug_abbrev  0x000008f0      0x160 ./freertos/port.o
 .debug_abbrev  0x00000a50      0x1a6 ./freertos/queue.o
 .debug_abbrev  0x00000bf6      0x247 ./freertos/tasks.o
 .debug_abbrev  0x00000e3d      0x1ac ./freertos/timers.o
 .debug_abbrev  0x00000fe9      0x302 ./drivers/fsl_clock.o
 .debug_abbrev  0x000012eb      0x296 ./drivers/fsl_lpsci.o
 .debug_abbrev  0x00001581      0x2ae ./drivers/fsl_uart.o
 .debug_abbrev  0x0000182f      0x118 ./board/board.o
 .debug_abbrev  0x00001947      0x1db ./board/clock_config.o
 .debug_abbrev  0x00001b22      0x109 ./CMSIS/system_MKL25Z4.o

.debug_aranges  0x00000000      0xc30
 .debug_aranges
                0x00000000       0x48 ./utilities/fsl_debug_console.o
 .debug_aranges
                0x00000048      0x160 ./startup/startup_mkl25z4.o
 .debug_aranges
                0x000001a8       0x28 ./source/gpiosetup.o
 .debug_aranges
                0x000001d0       0x40 ./source/main.o
 .debug_aranges
                0x00000210       0x18 ./source/mtb.o
 .debug_aranges
                0x00000228       0x28 ./source/rgbLed.o
 .debug_aranges
                0x00000250       0x20 ./source/semihost_hardfault.o
 .debug_aranges
                0x00000270       0x20 ./freertos/fsl_tickless_lptmr.o
 .debug_aranges
                0x00000290       0x50 ./freertos/heap_4.o
 .debug_aranges
                0x000002e0       0x40 ./freertos/list.o
 .debug_aranges
                0x00000320       0x80 ./freertos/port.o
 .debug_aranges
                0x000003a0      0x118 ./freertos/queue.o
 .debug_aranges
                0x000004b8      0x1e8 ./freertos/tasks.o
 .debug_aranges
                0x000006a0       0xc8 ./freertos/timers.o
 .debug_aranges
                0x00000768      0x1d8 ./drivers/fsl_clock.o
 .debug_aranges
                0x00000940      0x118 ./drivers/fsl_lpsci.o
 .debug_aranges
                0x00000a58      0x130 ./drivers/fsl_uart.o
 .debug_aranges
                0x00000b88       0x28 ./board/board.o
 .debug_aranges
                0x00000bb0       0x58 ./board/clock_config.o
 .debug_aranges
                0x00000c08       0x28 ./CMSIS/system_MKL25Z4.o

.debug_ranges   0x00000000      0xae8
 .debug_ranges  0x00000000       0x38 ./utilities/fsl_debug_console.o
 .debug_ranges  0x00000038      0x150 ./startup/startup_mkl25z4.o
 .debug_ranges  0x00000188       0x18 ./source/gpiosetup.o
 .debug_ranges  0x000001a0       0x30 ./source/main.o
 .debug_ranges  0x000001d0       0x18 ./source/rgbLed.o
 .debug_ranges  0x000001e8       0x10 ./source/semihost_hardfault.o
 .debug_ranges  0x000001f8       0x10 ./freertos/fsl_tickless_lptmr.o
 .debug_ranges  0x00000208       0x40 ./freertos/heap_4.o
 .debug_ranges  0x00000248       0x30 ./freertos/list.o
 .debug_ranges  0x00000278       0x70 ./freertos/port.o
 .debug_ranges  0x000002e8      0x108 ./freertos/queue.o
 .debug_ranges  0x000003f0      0x1d8 ./freertos/tasks.o
 .debug_ranges  0x000005c8       0xb8 ./freertos/timers.o
 .debug_ranges  0x00000680      0x1c8 ./drivers/fsl_clock.o
 .debug_ranges  0x00000848      0x108 ./drivers/fsl_lpsci.o
 .debug_ranges  0x00000950      0x120 ./drivers/fsl_uart.o
 .debug_ranges  0x00000a70       0x18 ./board/board.o
 .debug_ranges  0x00000a88       0x48 ./board/clock_config.o
 .debug_ranges  0x00000ad0       0x18 ./CMSIS/system_MKL25Z4.o

.debug_macro    0x00000000     0xed9b
 .debug_macro   0x00000000      0x13a ./utilities/fsl_debug_console.o
 .debug_macro   0x0000013a      0x862 ./utilities/fsl_debug_console.o
 .debug_macro   0x0000099c       0x10 ./utilities/fsl_debug_console.o
 .debug_macro   0x000009ac       0x16 ./utilities/fsl_debug_console.o
 .debug_macro   0x000009c2       0x10 ./utilities/fsl_debug_console.o
 .debug_macro   0x000009d2      0x12d ./utilities/fsl_debug_console.o
 .debug_macro   0x00000aff       0x28 ./utilities/fsl_debug_console.o
 .debug_macro   0x00000b27       0xc4 ./utilities/fsl_debug_console.o
 .debug_macro   0x00000beb       0x16 ./utilities/fsl_debug_console.o
 .debug_macro   0x00000c01       0x22 ./utilities/fsl_debug_console.o
 .debug_macro   0x00000c23      0x5b2 ./utilities/fsl_debug_console.o
 .debug_macro   0x000011d5       0x10 ./utilities/fsl_debug_console.o
 .debug_macro   0x000011e5       0x3f ./utilities/fsl_debug_console.o
 .debug_macro   0x00001224       0x3a ./utilities/fsl_debug_console.o
 .debug_macro   0x0000125e       0x26 ./utilities/fsl_debug_console.o
 .debug_macro   0x00001284      0x329 ./utilities/fsl_debug_console.o
 .debug_macro   0x000015ad       0x30 ./utilities/fsl_debug_console.o
 .debug_macro   0x000015dd     0x51e2 ./utilities/fsl_debug_console.o
 .debug_macro   0x000067bf     0x1352 ./utilities/fsl_debug_console.o
 .debug_macro   0x00007b11       0x3a ./utilities/fsl_debug_console.o
 .debug_macro   0x00007b4b       0xf4 ./utilities/fsl_debug_console.o
 .debug_macro   0x00007c3f       0x35 ./utilities/fsl_debug_console.o
 .debug_macro   0x00007c74       0xd2 ./utilities/fsl_debug_console.o
 .debug_macro   0x00007d46       0x2e ./utilities/fsl_debug_console.o
 .debug_macro   0x00007d74       0x10 ./utilities/fsl_debug_console.o
 .debug_macro   0x00007d84       0x10 ./utilities/fsl_debug_console.o
 .debug_macro   0x00007d94       0x29 ./startup/startup_mkl25z4.o
 .debug_macro   0x00007dbd      0x102 ./source/gpiosetup.o
 .debug_macro   0x00007ebf       0x1c ./source/gpiosetup.o
 .debug_macro   0x00007edb       0x16 ./source/gpiosetup.o
 .debug_macro   0x00007ef1       0x58 ./source/gpiosetup.o
 .debug_macro   0x00007f49      0x1b1 ./source/main.o
 .debug_macro   0x000080fa       0x16 ./source/main.o
 .debug_macro   0x00008110      0x18b ./source/main.o
 .debug_macro   0x0000829b      0x168 ./source/main.o
 .debug_macro   0x00008403       0xb6 ./source/main.o
 .debug_macro   0x000084b9       0x10 ./source/main.o
 .debug_macro   0x000084c9       0x1f ./source/main.o
 .debug_macro   0x000084e8      0x361 ./source/main.o
 .debug_macro   0x00008849       0xc0 ./source/main.o
 .debug_macro   0x00008909       0x8c ./source/main.o
 .debug_macro   0x00008995       0x1c ./source/main.o
 .debug_macro   0x000089b1       0x10 ./source/main.o
 .debug_macro   0x000089c1      0x112 ./source/main.o
 .debug_macro   0x00008ad3       0x40 ./source/main.o
 .debug_macro   0x00008b13       0x2f ./source/mtb.o
 .debug_macro   0x00008b42       0x82 ./source/mtb.o
 .debug_macro   0x00008bc4       0x10 ./source/mtb.o
 .debug_macro   0x00008bd4      0x108 ./source/rgbLed.o
 .debug_macro   0x00008cdc       0x11 ./source/semihost_hardfault.o
 .debug_macro   0x00008ced       0xbd ./freertos/fsl_tickless_lptmr.o
 .debug_macro   0x00008daa       0x8e ./freertos/fsl_tickless_lptmr.o
 .debug_macro   0x00008e38       0xe0 ./freertos/heap_4.o
 .debug_macro   0x00008f18       0xb9 ./freertos/list.o
 .debug_macro   0x00008fd1       0xcf ./freertos/port.o
 .debug_macro   0x000090a0      0x122 ./freertos/queue.o
 .debug_macro   0x000091c2       0x94 ./freertos/queue.o
 .debug_macro   0x00009256      0x1d1 ./freertos/tasks.o
 .debug_macro   0x00009427       0x11 ./freertos/tasks.o
 .debug_macro   0x00009438       0x3f ./freertos/tasks.o
 .debug_macro   0x00009477     0x51e2 ./freertos/tasks.o
 .debug_macro   0x0000e659       0xec ./freertos/timers.o
 .debug_macro   0x0000e745      0x196 ./drivers/fsl_clock.o
 .debug_macro   0x0000e8db       0xec ./drivers/fsl_lpsci.o
 .debug_macro   0x0000e9c7       0xf2 ./drivers/fsl_uart.o
 .debug_macro   0x0000eab9      0x12b ./board/board.o
 .debug_macro   0x0000ebe4      0x123 ./board/clock_config.o
 .debug_macro   0x0000ed07       0x94 ./CMSIS/system_MKL25Z4.o

.debug_line     0x00000000     0x548d
 .debug_line    0x00000000      0x35e ./utilities/fsl_debug_console.o
 .debug_line    0x0000035e      0x128 ./startup/startup_mkl25z4.o
 .debug_line    0x00000486      0x302 ./source/gpiosetup.o
 .debug_line    0x00000788      0x53a ./source/main.o
 .debug_line    0x00000cc2       0x95 ./source/mtb.o
 .debug_line    0x00000d57      0x30b ./source/rgbLed.o
 .debug_line    0x00001062       0x54 ./source/semihost_hardfault.o
 .debug_line    0x000010b6      0x1c4 ./freertos/fsl_tickless_lptmr.o
 .debug_line    0x0000127a      0x2b8 ./freertos/heap_4.o
 .debug_line    0x00001532      0x20e ./freertos/list.o
 .debug_line    0x00001740      0x2c5 ./freertos/port.o
 .debug_line    0x00001a05      0x7d5 ./freertos/queue.o
 .debug_line    0x000021da      0xdcf ./freertos/tasks.o
 .debug_line    0x00002fa9      0x492 ./freertos/timers.o
 .debug_line    0x0000343b      0x9a1 ./drivers/fsl_clock.o
 .debug_line    0x00003ddc      0x755 ./drivers/fsl_lpsci.o
 .debug_line    0x00004531      0x758 ./drivers/fsl_uart.o
 .debug_line    0x00004c89      0x2ff ./board/board.o
 .debug_line    0x00004f88      0x31d ./board/clock_config.o
 .debug_line    0x000052a5      0x1e8 ./CMSIS/system_MKL25Z4.o

.debug_str      0x00000000    0x3be86
 .debug_str     0x00000000    0x30b0c ./utilities/fsl_debug_console.o
                              0x30d66 (size before relaxing)
 .debug_str     0x00030b0c      0x3a2 ./startup/startup_mkl25z4.o
                               0x2830 (size before relaxing)
 .debug_str     0x00030eae      0x3fc ./source/gpiosetup.o
                              0x2ff18 (size before relaxing)
 .debug_str     0x000312aa     0x3ea5 ./source/main.o
                              0x33f9a (size before relaxing)
 .debug_str     0x0003514f      0x532 ./source/mtb.o
                               0x2943 (size before relaxing)
 .debug_str     0x00035681       0x43 ./source/rgbLed.o
                              0x2fe79 (size before relaxing)
 .debug_str     0x000356c4       0x1f ./source/semihost_hardfault.o
                               0x2434 (size before relaxing)
 .debug_str     0x000356e3      0x44c ./freertos/fsl_tickless_lptmr.o
                               0x7283 (size before relaxing)
 .debug_str     0x00035b2f      0x27e ./freertos/heap_4.o
                               0x711e (size before relaxing)
 .debug_str     0x00035dad      0x11e ./freertos/list.o
                               0x6a3b (size before relaxing)
 .debug_str     0x00035ecb      0x17b ./freertos/port.o
                               0x741a (size before relaxing)
 .debug_str     0x00036046      0xf60 ./freertos/queue.o
                               0x7f97 (size before relaxing)
 .debug_str     0x00036fa6     0x1ac0 ./freertos/tasks.o
                              0x2d6ae (size before relaxing)
 .debug_str     0x00038a66      0x4c6 ./freertos/timers.o
                               0x84e2 (size before relaxing)
 .debug_str     0x00038f2c     0x1775 ./drivers/fsl_clock.o
                              0x31905 (size before relaxing)
 .debug_str     0x0003a6a1      0xb67 ./drivers/fsl_lpsci.o
                              0x30f0d (size before relaxing)
 .debug_str     0x0003b208      0x832 ./drivers/fsl_uart.o
                              0x30f30 (size before relaxing)
 .debug_str     0x0003ba3a       0x4c ./board/board.o
                              0x30980 (size before relaxing)
 .debug_str     0x0003ba86      0x3b1 ./board/clock_config.o
                              0x30843 (size before relaxing)
 .debug_str     0x0003be37       0x4f ./CMSIS/system_MKL25Z4.o
                              0x2f27f (size before relaxing)

.comment        0x00000000       0x6e
 .comment       0x00000000       0x6e ./utilities/fsl_debug_console.o
                                 0x6f (size before relaxing)
 .comment       0x0000006e       0x6f ./startup/startup_mkl25z4.o
 .comment       0x0000006e       0x6f ./source/gpiosetup.o
 .comment       0x0000006e       0x6f ./source/main.o
 .comment       0x0000006e       0x6f ./source/mtb.o
 .comment       0x0000006e       0x6f ./source/rgbLed.o
 .comment       0x0000006e       0x6f ./source/semihost_hardfault.o
 .comment       0x0000006e       0x6f ./freertos/fsl_tickless_lptmr.o
 .comment       0x0000006e       0x6f ./freertos/heap_4.o
 .comment       0x0000006e       0x6f ./freertos/list.o
 .comment       0x0000006e       0x6f ./freertos/port.o
 .comment       0x0000006e       0x6f ./freertos/queue.o
 .comment       0x0000006e       0x6f ./freertos/tasks.o
 .comment       0x0000006e       0x6f ./freertos/timers.o
 .comment       0x0000006e       0x6f ./drivers/fsl_clock.o
 .comment       0x0000006e       0x6f ./drivers/fsl_lpsci.o
 .comment       0x0000006e       0x6f ./drivers/fsl_uart.o
 .comment       0x0000006e       0x6f ./board/board.o
 .comment       0x0000006e       0x6f ./board/clock_config.o
 .comment       0x0000006e       0x6f ./CMSIS/system_MKL25Z4.o
 .comment       0x0000006e       0x6f c:/nxp/mcuxpressoide_10.0.2_411/ide/tools/bin/../lib/gcc/arm-none-eabi/5.4.1/../../../../arm-none-eabi/lib/armv6-m\libcr_semihost_nf.a(_cr__main.o)
 .comment       0x0000006e       0x6f c:/nxp/mcuxpressoide_10.0.2_411/ide/tools/bin/../lib/gcc/arm-none-eabi/5.4.1/../../../../arm-none-eabi/lib/armv6-m\libcr_semihost_nf.a(_cr_assert.o)
 .comment       0x0000006e       0x6f c:/nxp/mcuxpressoide_10.0.2_411/ide/tools/bin/../lib/gcc/arm-none-eabi/5.4.1/../../../../arm-none-eabi/lib/armv6-m\libcr_semihost_nf.a(__ciob.o)
 .comment       0x0000006e       0x6f c:/nxp/mcuxpressoide_10.0.2_411/ide/tools/bin/../lib/gcc/arm-none-eabi/5.4.1/../../../../arm-none-eabi/lib/armv6-m\libcr_c.a(memcpy.o)
 .comment       0x0000006e       0x6f c:/nxp/mcuxpressoide_10.0.2_411/ide/tools/bin/../lib/gcc/arm-none-eabi/5.4.1/../../../../arm-none-eabi/lib/armv6-m\libcr_c.a(memset.o)
 .comment       0x0000006e       0x6f c:/nxp/mcuxpressoide_10.0.2_411/ide/tools/bin/../lib/gcc/arm-none-eabi/5.4.1/../../../../arm-none-eabi/lib/armv6-m\libcr_c.a(_deferredlazyseek.o)
 .comment       0x0000006e       0x6f c:/nxp/mcuxpressoide_10.0.2_411/ide/tools/bin/../lib/gcc/arm-none-eabi/5.4.1/../../../../arm-none-eabi/lib/armv6-m\libcr_c.a(_fflush.o)
 .comment       0x0000006e       0x6f c:/nxp/mcuxpressoide_10.0.2_411/ide/tools/bin/../lib/gcc/arm-none-eabi/5.4.1/../../../../arm-none-eabi/lib/armv6-m\libcr_c.a(_writebuf.o)
 .comment       0x0000006e       0x6f c:/nxp/mcuxpressoide_10.0.2_411/ide/tools/bin/../lib/gcc/arm-none-eabi/5.4.1/../../../../arm-none-eabi/lib/armv6-m\libcr_c.a(alloc.o)
 .comment       0x0000006e       0x6f c:/nxp/mcuxpressoide_10.0.2_411/ide/tools/bin/../lib/gcc/arm-none-eabi/5.4.1/../../../../arm-none-eabi/lib/armv6-m\libcr_c.a(fputs.o)
 .comment       0x0000006e       0x6f c:/nxp/mcuxpressoide_10.0.2_411/ide/tools/bin/../lib/gcc/arm-none-eabi/5.4.1/../../../../arm-none-eabi/lib/armv6-m\libcr_c.a(fseek.o)
 .comment       0x0000006e       0x6f c:/nxp/mcuxpressoide_10.0.2_411/ide/tools/bin/../lib/gcc/arm-none-eabi/5.4.1/../../../../arm-none-eabi/lib/armv6-m\libcr_c.a(ftell.o)
 .comment       0x0000006e       0x6f c:/nxp/mcuxpressoide_10.0.2_411/ide/tools/bin/../lib/gcc/arm-none-eabi/5.4.1/../../../../arm-none-eabi/lib/armv6-m\libcr_c.a(initio.o)
 .comment       0x0000006e       0x6f c:/nxp/mcuxpressoide_10.0.2_411/ide/tools/bin/../lib/gcc/arm-none-eabi/5.4.1/../../../../arm-none-eabi/lib/armv6-m\libcr_c.a(printf.o)
 .comment       0x0000006e       0x6f c:/nxp/mcuxpressoide_10.0.2_411/ide/tools/bin/../lib/gcc/arm-none-eabi/5.4.1/../../../../arm-none-eabi/lib/armv6-m\libcr_c.a(setvbuf.o)
 .comment       0x0000006e       0x6f c:/nxp/mcuxpressoide_10.0.2_411/ide/tools/bin/../lib/gcc/arm-none-eabi/5.4.1/../../../../arm-none-eabi/lib/armv6-m\libcr_c.a(strlen.o)
 .comment       0x0000006e       0x6f c:/nxp/mcuxpressoide_10.0.2_411/ide/tools/bin/../lib/gcc/arm-none-eabi/5.4.1/../../../../arm-none-eabi/lib/armv6-m\libcr_c.a(__init_alloc.o)
 .comment       0x0000006e       0x6f c:/nxp/mcuxpressoide_10.0.2_411/ide/tools/bin/../lib/gcc/arm-none-eabi/5.4.1/../../../../arm-none-eabi/lib/armv6-m\libcr_c.a(_cr_sbrk.o)
 .comment       0x0000006e       0x6f c:/nxp/mcuxpressoide_10.0.2_411/ide/tools/bin/../lib/gcc/arm-none-eabi/5.4.1/../../../../arm-none-eabi/lib/armv6-m\libcr_c.a(_fdopen.o)
 .comment       0x0000006e       0x6f c:/nxp/mcuxpressoide_10.0.2_411/ide/tools/bin/../lib/gcc/arm-none-eabi/5.4.1/../../../../arm-none-eabi/lib/armv6-m\libcr_c.a(errno.o)
 .comment       0x0000006e       0x6f c:/nxp/mcuxpressoide_10.0.2_411/ide/tools/bin/../lib/gcc/arm-none-eabi/5.4.1/../../../../arm-none-eabi/lib/armv6-m\libcr_c.a(fclose.o)
 .comment       0x0000006e       0x6f c:/nxp/mcuxpressoide_10.0.2_411/ide/tools/bin/../lib/gcc/arm-none-eabi/5.4.1/../../../../arm-none-eabi/lib/armv6-m\libcr_c.a(fflush.o)
 .comment       0x0000006e       0x6f c:/nxp/mcuxpressoide_10.0.2_411/ide/tools/bin/../lib/gcc/arm-none-eabi/5.4.1/../../../../arm-none-eabi/lib/armv6-m\libcr_c.a(remove.o)
 .comment       0x0000006e       0x6f c:/nxp/mcuxpressoide_10.0.2_411/ide/tools/bin/../lib/gcc/arm-none-eabi/5.4.1/../../../../arm-none-eabi/lib/armv6-m\libcr_c.a(_cr_check_heap.o)
 .comment       0x0000006e       0x6f c:/nxp/mcuxpressoide_10.0.2_411/ide/tools/bin/../lib/gcc/arm-none-eabi/5.4.1/../../../../arm-none-eabi/lib/armv6-m\libcr_c.a(_do_fflush.o)

.ARM.attributes
                0x00000000       0x30
 .ARM.attributes
                0x00000000       0x32 ./utilities/fsl_debug_console.o
 .ARM.attributes
                0x00000032       0x32 ./startup/startup_mkl25z4.o
 .ARM.attributes
                0x00000064       0x32 ./source/gpiosetup.o
 .ARM.attributes
                0x00000096       0x32 ./source/main.o
 .ARM.attributes
                0x000000c8       0x32 ./source/mtb.o
 .ARM.attributes
                0x000000fa       0x32 ./source/rgbLed.o
 .ARM.attributes
                0x0000012c       0x32 ./source/semihost_hardfault.o
 .ARM.attributes
                0x0000015e       0x32 ./freertos/fsl_tickless_lptmr.o
 .ARM.attributes
                0x00000190       0x32 ./freertos/heap_4.o
 .ARM.attributes
                0x000001c2       0x32 ./freertos/list.o
 .ARM.attributes
                0x000001f4       0x32 ./freertos/port.o
 .ARM.attributes
                0x00000226       0x32 ./freertos/queue.o
 .ARM.attributes
                0x00000258       0x32 ./freertos/tasks.o
 .ARM.attributes
                0x0000028a       0x32 ./freertos/timers.o
 .ARM.attributes
                0x000002bc       0x32 ./drivers/fsl_clock.o
 .ARM.attributes
                0x000002ee       0x32 ./drivers/fsl_lpsci.o
 .ARM.attributes
                0x00000320       0x32 ./drivers/fsl_uart.o
 .ARM.attributes
                0x00000352       0x32 ./board/board.o
 .ARM.attributes
                0x00000384       0x32 ./board/clock_config.o
 .ARM.attributes
                0x000003b6       0x32 ./CMSIS/system_MKL25Z4.o
 .ARM.attributes
                0x000003e8       0x31 c:/nxp/mcuxpressoide_10.0.2_411/ide/tools/bin/../lib/gcc/arm-none-eabi/5.4.1/../../../../arm-none-eabi/lib/armv6-m\libcr_semihost_nf.a(_cr__main.o)
 .ARM.attributes
                0x00000419       0x31 c:/nxp/mcuxpressoide_10.0.2_411/ide/tools/bin/../lib/gcc/arm-none-eabi/5.4.1/../../../../arm-none-eabi/lib/armv6-m\libcr_semihost_nf.a(_cr_assert.o)
 .ARM.attributes
                0x0000044a       0x31 c:/nxp/mcuxpressoide_10.0.2_411/ide/tools/bin/../lib/gcc/arm-none-eabi/5.4.1/../../../../arm-none-eabi/lib/armv6-m\libcr_semihost_nf.a(__ciob.o)
 .ARM.attributes
                0x0000047b       0x21 c:/nxp/mcuxpressoide_10.0.2_411/ide/tools/bin/../lib/gcc/arm-none-eabi/5.4.1/../../../../arm-none-eabi/lib/armv6-m\libcr_semihost_nf.a(__sys_appexit.o)
 .ARM.attributes
                0x0000049c       0x31 c:/nxp/mcuxpressoide_10.0.2_411/ide/tools/bin/../lib/gcc/arm-none-eabi/5.4.1/../../../../arm-none-eabi/lib/armv6-m\libcr_c.a(memcpy.o)
 .ARM.attributes
                0x000004cd       0x31 c:/nxp/mcuxpressoide_10.0.2_411/ide/tools/bin/../lib/gcc/arm-none-eabi/5.4.1/../../../../arm-none-eabi/lib/armv6-m\libcr_c.a(memset.o)
 .ARM.attributes
                0x000004fe       0x31 c:/nxp/mcuxpressoide_10.0.2_411/ide/tools/bin/../lib/gcc/arm-none-eabi/5.4.1/../../../../arm-none-eabi/lib/armv6-m\libcr_c.a(_deferredlazyseek.o)
 .ARM.attributes
                0x0000052f       0x31 c:/nxp/mcuxpressoide_10.0.2_411/ide/tools/bin/../lib/gcc/arm-none-eabi/5.4.1/../../../../arm-none-eabi/lib/armv6-m\libcr_c.a(_fflush.o)
 .ARM.attributes
                0x00000560       0x31 c:/nxp/mcuxpressoide_10.0.2_411/ide/tools/bin/../lib/gcc/arm-none-eabi/5.4.1/../../../../arm-none-eabi/lib/armv6-m\libcr_c.a(_writebuf.o)
 .ARM.attributes
                0x00000591       0x31 c:/nxp/mcuxpressoide_10.0.2_411/ide/tools/bin/../lib/gcc/arm-none-eabi/5.4.1/../../../../arm-none-eabi/lib/armv6-m\libcr_c.a(alloc.o)
 .ARM.attributes
                0x000005c2       0x31 c:/nxp/mcuxpressoide_10.0.2_411/ide/tools/bin/../lib/gcc/arm-none-eabi/5.4.1/../../../../arm-none-eabi/lib/armv6-m\libcr_c.a(fputs.o)
 .ARM.attributes
                0x000005f3       0x31 c:/nxp/mcuxpressoide_10.0.2_411/ide/tools/bin/../lib/gcc/arm-none-eabi/5.4.1/../../../../arm-none-eabi/lib/armv6-m\libcr_c.a(fseek.o)
 .ARM.attributes
                0x00000624       0x31 c:/nxp/mcuxpressoide_10.0.2_411/ide/tools/bin/../lib/gcc/arm-none-eabi/5.4.1/../../../../arm-none-eabi/lib/armv6-m\libcr_c.a(ftell.o)
 .ARM.attributes
                0x00000655       0x31 c:/nxp/mcuxpressoide_10.0.2_411/ide/tools/bin/../lib/gcc/arm-none-eabi/5.4.1/../../../../arm-none-eabi/lib/armv6-m\libcr_c.a(initio.o)
 .ARM.attributes
                0x00000686       0x31 c:/nxp/mcuxpressoide_10.0.2_411/ide/tools/bin/../lib/gcc/arm-none-eabi/5.4.1/../../../../arm-none-eabi/lib/armv6-m\libcr_c.a(printf.o)
 .ARM.attributes
                0x000006b7       0x31 c:/nxp/mcuxpressoide_10.0.2_411/ide/tools/bin/../lib/gcc/arm-none-eabi/5.4.1/../../../../arm-none-eabi/lib/armv6-m\libcr_c.a(setvbuf.o)
 .ARM.attributes
                0x000006e8       0x31 c:/nxp/mcuxpressoide_10.0.2_411/ide/tools/bin/../lib/gcc/arm-none-eabi/5.4.1/../../../../arm-none-eabi/lib/armv6-m\libcr_c.a(strlen.o)
 .ARM.attributes
                0x00000719       0x31 c:/nxp/mcuxpressoide_10.0.2_411/ide/tools/bin/../lib/gcc/arm-none-eabi/5.4.1/../../../../arm-none-eabi/lib/armv6-m\libcr_c.a(__init_alloc.o)
 .ARM.attributes
                0x0000074a       0x31 c:/nxp/mcuxpressoide_10.0.2_411/ide/tools/bin/../lib/gcc/arm-none-eabi/5.4.1/../../../../arm-none-eabi/lib/armv6-m\libcr_c.a(_cr_sbrk.o)
 .ARM.attributes
                0x0000077b       0x31 c:/nxp/mcuxpressoide_10.0.2_411/ide/tools/bin/../lib/gcc/arm-none-eabi/5.4.1/../../../../arm-none-eabi/lib/armv6-m\libcr_c.a(_fdopen.o)
 .ARM.attributes
                0x000007ac       0x31 c:/nxp/mcuxpressoide_10.0.2_411/ide/tools/bin/../lib/gcc/arm-none-eabi/5.4.1/../../../../arm-none-eabi/lib/armv6-m\libcr_c.a(errno.o)
 .ARM.attributes
                0x000007dd       0x31 c:/nxp/mcuxpressoide_10.0.2_411/ide/tools/bin/../lib/gcc/arm-none-eabi/5.4.1/../../../../arm-none-eabi/lib/armv6-m\libcr_c.a(fclose.o)
 .ARM.attributes
                0x0000080e       0x31 c:/nxp/mcuxpressoide_10.0.2_411/ide/tools/bin/../lib/gcc/arm-none-eabi/5.4.1/../../../../arm-none-eabi/lib/armv6-m\libcr_c.a(fflush.o)
 .ARM.attributes
                0x0000083f       0x31 c:/nxp/mcuxpressoide_10.0.2_411/ide/tools/bin/../lib/gcc/arm-none-eabi/5.4.1/../../../../arm-none-eabi/lib/armv6-m\libcr_c.a(remove.o)
 .ARM.attributes
                0x00000870       0x31 c:/nxp/mcuxpressoide_10.0.2_411/ide/tools/bin/../lib/gcc/arm-none-eabi/5.4.1/../../../../arm-none-eabi/lib/armv6-m\libcr_c.a(_cr_check_heap.o)
 .ARM.attributes
                0x000008a1       0x31 c:/nxp/mcuxpressoide_10.0.2_411/ide/tools/bin/../lib/gcc/arm-none-eabi/5.4.1/../../../../arm-none-eabi/lib/armv6-m\libcr_c.a(_do_fflush.o)
 .ARM.attributes
                0x000008d2       0x21 c:/nxp/mcuxpressoide_10.0.2_411/ide/tools/bin/../lib/gcc/arm-none-eabi/5.4.1/armv6-m\libcr_eabihelpers.a(division_32.o)
 .ARM.attributes
                0x000008f3       0x21 c:/nxp/mcuxpressoide_10.0.2_411/ide/tools/bin/../lib/gcc/arm-none-eabi/5.4.1/armv6-m\libcr_eabihelpers.a(division_idiv0.o)
 .ARM.attributes
                0x00000914       0x21 c:/nxp/mcuxpressoide_10.0.2_411/ide/tools/bin/../lib/gcc/arm-none-eabi/5.4.1/armv6-m\libcr_eabihelpers.a(llong.o)
 .ARM.attributes
                0x00000935       0x21 c:/nxp/mcuxpressoide_10.0.2_411/ide/tools/bin/../lib/gcc/arm-none-eabi/5.4.1/armv6-m\libcr_eabihelpers.a(memcpy.o)
 .ARM.attributes
                0x00000956       0x21 c:/nxp/mcuxpressoide_10.0.2_411/ide/tools/bin/../lib/gcc/arm-none-eabi/5.4.1/../../../../arm-none-eabi/lib/armv6-m\libcr_semihost_nf.a(__sys_close.o)
 .ARM.attributes
                0x00000977       0x21 c:/nxp/mcuxpressoide_10.0.2_411/ide/tools/bin/../lib/gcc/arm-none-eabi/5.4.1/../../../../arm-none-eabi/lib/armv6-m\libcr_semihost_nf.a(__sys_flen.o)
 .ARM.attributes
                0x00000998       0x21 c:/nxp/mcuxpressoide_10.0.2_411/ide/tools/bin/../lib/gcc/arm-none-eabi/5.4.1/../../../../arm-none-eabi/lib/armv6-m\libcr_semihost_nf.a(__sys_istty.o)
 .ARM.attributes
                0x000009b9       0x21 c:/nxp/mcuxpressoide_10.0.2_411/ide/tools/bin/../lib/gcc/arm-none-eabi/5.4.1/../../../../arm-none-eabi/lib/armv6-m\libcr_semihost_nf.a(__sys_remove.o)
 .ARM.attributes
                0x000009da       0x21 c:/nxp/mcuxpressoide_10.0.2_411/ide/tools/bin/../lib/gcc/arm-none-eabi/5.4.1/../../../../arm-none-eabi/lib/armv6-m\libcr_semihost_nf.a(__sys_seek.o)
 .ARM.attributes
                0x000009fb       0x21 c:/nxp/mcuxpressoide_10.0.2_411/ide/tools/bin/../lib/gcc/arm-none-eabi/5.4.1/../../../../arm-none-eabi/lib/armv6-m\libcr_semihost_nf.a(__sys_tmpnam.o)
 .ARM.attributes
                0x00000a1c       0x21 c:/nxp/mcuxpressoide_10.0.2_411/ide/tools/bin/../lib/gcc/arm-none-eabi/5.4.1/../../../../arm-none-eabi/lib/armv6-m\libcr_semihost_nf.a(__sys_write.o)

.debug_frame    0x00000000     0x27f8
 .debug_frame   0x00000000       0xcc ./utilities/fsl_debug_console.o
 .debug_frame   0x000000cc      0x3b0 ./startup/startup_mkl25z4.o
 .debug_frame   0x0000047c       0x4c ./source/gpiosetup.o
 .debug_frame   0x000004c8       0xac ./source/main.o
 .debug_frame   0x00000574       0x4c ./source/rgbLed.o
 .debug_frame   0x000005c0       0x20 ./source/semihost_hardfault.o
 .debug_frame   0x000005e0       0x30 ./freertos/fsl_tickless_lptmr.o
 .debug_frame   0x00000610       0xe4 ./freertos/heap_4.o
 .debug_frame   0x000006f4       0xb0 ./freertos/list.o
 .debug_frame   0x000007a4      0x154 ./freertos/port.o
 .debug_frame   0x000008f8      0x410 ./freertos/queue.o
 .debug_frame   0x00000d08      0x73c ./freertos/tasks.o
 .debug_frame   0x00001444      0x2c8 ./freertos/timers.o
 .debug_frame   0x0000170c      0x6dc ./drivers/fsl_clock.o
 .debug_frame   0x00001de8      0x410 ./drivers/fsl_lpsci.o
 .debug_frame   0x000021f8      0x464 ./drivers/fsl_uart.o
 .debug_frame   0x0000265c       0x50 ./board/board.o
 .debug_frame   0x000026ac      0x100 ./board/clock_config.o
 .debug_frame   0x000027ac       0x4c ./CMSIS/system_MKL25Z4.o
