Archive member included to satisfy reference by file (symbol)

c:/nxp/mcuxpressoide_10.0.2_411/ide/tools/bin/../lib/gcc/arm-none-eabi/5.4.1/../../../../arm-none-eabi/lib/armv6-m\libcr_semihost_nf.a(_cr__main.o)
                              ./startup/startup_mkl25z4.o (__main)
c:/nxp/mcuxpressoide_10.0.2_411/ide/tools/bin/../lib/gcc/arm-none-eabi/5.4.1/../../../../arm-none-eabi/lib/armv6-m\libcr_semihost_nf.a(_cr_assert.o)
                              ./drivers/fsl_clock.o (__assertion_failed)
c:/nxp/mcuxpressoide_10.0.2_411/ide/tools/bin/../lib/gcc/arm-none-eabi/5.4.1/../../../../arm-none-eabi/lib/armv6-m\libcr_semihost_nf.a(__ciob.o)
                              c:/nxp/mcuxpressoide_10.0.2_411/ide/tools/bin/../lib/gcc/arm-none-eabi/5.4.1/../../../../arm-none-eabi/lib/armv6-m\libcr_semihost_nf.a(_cr_assert.o) (__Ciob)
c:/nxp/mcuxpressoide_10.0.2_411/ide/tools/bin/../lib/gcc/arm-none-eabi/5.4.1/../../../../arm-none-eabi/lib/armv6-m\libcr_semihost_nf.a(__sys_appexit.o)
                              c:/nxp/mcuxpressoide_10.0.2_411/ide/tools/bin/../lib/gcc/arm-none-eabi/5.4.1/../../../../arm-none-eabi/lib/armv6-m\libcr_semihost_nf.a(_cr_assert.o) (__sys_appexit)
c:/nxp/mcuxpressoide_10.0.2_411/ide/tools/bin/../lib/gcc/arm-none-eabi/5.4.1/../../../../arm-none-eabi/lib/armv6-m\libcr_c.a(memcpy.o)
                              ./freertos/queue.o (memcpy)
c:/nxp/mcuxpressoide_10.0.2_411/ide/tools/bin/../lib/gcc/arm-none-eabi/5.4.1/../../../../arm-none-eabi/lib/armv6-m\libcr_c.a(memset.o)
                              ./freertos/tasks.o (memset)
c:/nxp/mcuxpressoide_10.0.2_411/ide/tools/bin/../lib/gcc/arm-none-eabi/5.4.1/../../../../arm-none-eabi/lib/armv6-m\libcr_c.a(_deferredlazyseek.o)
                              c:/nxp/mcuxpressoide_10.0.2_411/ide/tools/bin/../lib/gcc/arm-none-eabi/5.4.1/../../../../arm-none-eabi/lib/armv6-m\libcr_semihost_nf.a(_cr_assert.o) (__flsbuf)
c:/nxp/mcuxpressoide_10.0.2_411/ide/tools/bin/../lib/gcc/arm-none-eabi/5.4.1/../../../../arm-none-eabi/lib/armv6-m\libcr_c.a(_fflush.o)
                              c:/nxp/mcuxpressoide_10.0.2_411/ide/tools/bin/../lib/gcc/arm-none-eabi/5.4.1/../../../../arm-none-eabi/lib/armv6-m\libcr_c.a(_deferredlazyseek.o) (_fflush)
c:/nxp/mcuxpressoide_10.0.2_411/ide/tools/bin/../lib/gcc/arm-none-eabi/5.4.1/../../../../arm-none-eabi/lib/armv6-m\libcr_c.a(_writebuf.o)
                              c:/nxp/mcuxpressoide_10.0.2_411/ide/tools/bin/../lib/gcc/arm-none-eabi/5.4.1/../../../../arm-none-eabi/lib/armv6-m\libcr_c.a(_deferredlazyseek.o) (_Cwritebuf)
c:/nxp/mcuxpressoide_10.0.2_411/ide/tools/bin/../lib/gcc/arm-none-eabi/5.4.1/../../../../arm-none-eabi/lib/armv6-m\libcr_c.a(alloc.o)
                              c:/nxp/mcuxpressoide_10.0.2_411/ide/tools/bin/../lib/gcc/arm-none-eabi/5.4.1/../../../../arm-none-eabi/lib/armv6-m\libcr_c.a(_deferredlazyseek.o) (_Csys_alloc)
c:/nxp/mcuxpressoide_10.0.2_411/ide/tools/bin/../lib/gcc/arm-none-eabi/5.4.1/../../../../arm-none-eabi/lib/armv6-m\libcr_c.a(fputs.o)
                              c:/nxp/mcuxpressoide_10.0.2_411/ide/tools/bin/../lib/gcc/arm-none-eabi/5.4.1/../../../../arm-none-eabi/lib/armv6-m\libcr_semihost_nf.a(_cr_assert.o) (fputs)
c:/nxp/mcuxpressoide_10.0.2_411/ide/tools/bin/../lib/gcc/arm-none-eabi/5.4.1/../../../../arm-none-eabi/lib/armv6-m\libcr_c.a(fseek.o)
                              c:/nxp/mcuxpressoide_10.0.2_411/ide/tools/bin/../lib/gcc/arm-none-eabi/5.4.1/../../../../arm-none-eabi/lib/armv6-m\libcr_c.a(_deferredlazyseek.o) (fseek)
c:/nxp/mcuxpressoide_10.0.2_411/ide/tools/bin/../lib/gcc/arm-none-eabi/5.4.1/../../../../arm-none-eabi/lib/armv6-m\libcr_c.a(ftell.o)
                              c:/nxp/mcuxpressoide_10.0.2_411/ide/tools/bin/../lib/gcc/arm-none-eabi/5.4.1/../../../../arm-none-eabi/lib/armv6-m\libcr_c.a(fseek.o) (ftell)
c:/nxp/mcuxpressoide_10.0.2_411/ide/tools/bin/../lib/gcc/arm-none-eabi/5.4.1/../../../../arm-none-eabi/lib/armv6-m\libcr_c.a(initio.o)
                              c:/nxp/mcuxpressoide_10.0.2_411/ide/tools/bin/../lib/gcc/arm-none-eabi/5.4.1/../../../../arm-none-eabi/lib/armv6-m\libcr_semihost_nf.a(_cr__main.o) (_initio)
c:/nxp/mcuxpressoide_10.0.2_411/ide/tools/bin/../lib/gcc/arm-none-eabi/5.4.1/../../../../arm-none-eabi/lib/armv6-m\libcr_c.a(printf.o)
                              ./source/main.o (_printf)
c:/nxp/mcuxpressoide_10.0.2_411/ide/tools/bin/../lib/gcc/arm-none-eabi/5.4.1/../../../../arm-none-eabi/lib/armv6-m\libcr_c.a(setvbuf.o)
                              c:/nxp/mcuxpressoide_10.0.2_411/ide/tools/bin/../lib/gcc/arm-none-eabi/5.4.1/../../../../arm-none-eabi/lib/armv6-m\libcr_c.a(initio.o) (setvbuf)
c:/nxp/mcuxpressoide_10.0.2_411/ide/tools/bin/../lib/gcc/arm-none-eabi/5.4.1/../../../../arm-none-eabi/lib/armv6-m\libcr_c.a(strlen.o)
                              c:/nxp/mcuxpressoide_10.0.2_411/ide/tools/bin/../lib/gcc/arm-none-eabi/5.4.1/../../../../arm-none-eabi/lib/armv6-m\libcr_c.a(printf.o) (strlen)
[...]
Memory Configuration

Name             Origin             Length             Attributes
PROGRAM_FLASH    0x00000000         0x00020000         xr
SRAM             0x1ffff000         0x00004000         xrw
*default*        0x00000000         0xffffffff

Linker script and memory map

LOAD ./utilities/fsl_debug_console.o
LOAD ./startup/startup_mkl25z4.o
LOAD ./source/gpiosetup.o
LOAD ./source/main.o
LOAD ./source/mtb.o
LOAD ./source/rgbLed.o
LOAD ./source/semihost_hardfault.o
LOAD ./freertos/croutine.o
LOAD ./freertos/event_groups.o
LOAD ./freertos/fsl_tickless_lptmr.o
LOAD ./freertos/fsl_tickless_systick.o
LOAD ./freertos/heap_4.o
LOAD ./freertos/list.o
LOAD ./freertos/port.o
LOAD ./freertos/queue.o
LOAD ./freertos/tasks.o
LOAD ./freertos/timers.o
LOAD ./drivers/fsl_clock.o
LOAD ./drivers/fsl_common.o
LOAD ./drivers/fsl_flash.o
LOAD ./drivers/fsl_gpio.o
LOAD ./drivers/fsl_lpsci.o
LOAD ./drivers/fsl_lpsci_freertos.o
LOAD ./drivers/fsl_smc.o
LOAD ./drivers/fsl_uart.o
LOAD ./drivers/fsl_uart_freertos.o
LOAD ./board/board.o
LOAD ./board/clock_config.o
LOAD ./board/peripherals.o
LOAD ./board/pin_mux.o
LOAD ./CMSIS/system_MKL25Z4.o
START GROUP
LOAD c:/nxp/mcuxpressoide_10.0.2_411/ide/tools/bin/../lib/gcc/arm-none-eabi/5.4.1/../../../../arm-none-eabi/lib/armv6-m\libcr_semihost_nf.a
LOAD c:/nxp/mcuxpressoide_10.0.2_411/ide/tools/bin/../lib/gcc/arm-none-eabi/5.4.1/../../../../arm-none-eabi/lib/armv6-m\libcr_c.a
LOAD c:/nxp/mcuxpressoide_10.0.2_411/ide/tools/bin/../lib/gcc/arm-none-eabi/5.4.1/armv6-m\libcr_eabihelpers.a
END GROUP
                0x00000000                __base_PROGRAM_FLASH = 0x0
                0x00000000                __base_Flash = 0x0
                0x00020000                __top_PROGRAM_FLASH = 0x20000
                0x00020000                __top_Flash = 0x20000
                0x1ffff000                __base_SRAM = 0x1ffff000
                0x1ffff000                __base_RAM = 0x1ffff000
                0x20003000                __top_SRAM = 0x20003000
                0x20003000                __top_RAM = 0x20003000

.text           0x00000000     0x6014
 FILL mask 0xff
                0x00000000                __vectors_start__ = ABSOLUTE (.)
 *(.isr_vector)
 .isr_vector    0x00000000       0xc0 ./startup/startup_mkl25z4.o
                0x00000000                g_pfnVectors
                0x00000000                __Vectors
                0x000000c0                . = ALIGN (0x4)
                0x000000c0                __section_table_start = .
                0x000000c0                __data_section_table = .
                0x000000c0        0x4 LONG 0x6014 LOADADDR (.data)
                0x000000c4        0x4 LONG 0x1ffff080 ADDR (.data)
                0x000000c8        0x4 LONG 0xc SIZEOF (.data)
                0x000000cc                __data_section_table_end = .
                0x000000cc                __bss_section_table = .
                0x000000cc        0x4 LONG 0x1ffff08c ADDR (.bss)
                0x000000d0        0x4 LONG 0x2a84 SIZEOF (.bss)
                0x000000d4                __bss_section_table_end = .
                0x000000d4                __section_table_end = .
 *(.after_vectors*)
 .after_vectors.init_data
                0x000000d4       0x18 ./startup/startup_mkl25z4.o
                0x000000d4                data_init
 .after_vectors.init_bss
                0x000000ec       0x14 ./startup/startup_mkl25z4.o
                0x000000ec                bss_init
 .after_vectors.reset
                0x00000100       0x4c ./startup/startup_mkl25z4.o
                0x00000100                ResetISR
 .after_vectors
                0x0000014c      0x118 ./startup/startup_mkl25z4.o
                0x0000014c                NMI_Handler
                0x00000160                I2C0_DriverIRQHandler
                0x00000160                DMA0_DriverIRQHandler
                0x00000160                SPI1_DriverIRQHandler
                0x00000160                LPTMR0_DriverIRQHandler
                0x00000160                Reserved39_DriverIRQHandler
                0x00000160                PIT_DriverIRQHandler
                0x00000160                PORTD_DriverIRQHandler
                0x00000160                DMA2_DriverIRQHandler
                0x00000160                CMP0_DriverIRQHandler
                0x00000160                TPM2_DriverIRQHandler
                0x00000160                ADC0_DriverIRQHandler
                0x00000160                SPI0_DriverIRQHandler
                0x00000160                TSI0_DriverIRQHandler
                0x00000160                RTC_Seconds_DriverIRQHandler
                0x00000160                I2C1_DriverIRQHandler
                0x00000160                DMA1_DriverIRQHandler
                0x00000160                LLWU_DriverIRQHandler
                0x00000160                MCG_DriverIRQHandler
                0x00000160                RTC_DriverIRQHandler
                0x00000160                TPM1_DriverIRQHandler
                0x00000160                PORTA_DriverIRQHandler
                0x00000160                FTFA_DriverIRQHandler
                0x00000160                IntDefaultHandler
                0x00000160                USB0_DriverIRQHandler
                0x00000160                DAC0_DriverIRQHandler
                0x00000160                Reserved45_DriverIRQHandler
                0x00000160                LVD_LVW_DriverIRQHandler
                0x00000160                TPM0_DriverIRQHandler
                0x00000160                DMA3_DriverIRQHandler
                0x00000160                Reserved20_DriverIRQHandler
                0x00000164                DMA0_IRQHandler
                0x0000016c                DMA1_IRQHandler
                0x00000174                DMA2_IRQHandler
                0x0000017c                DMA3_IRQHandler
                0x00000184                Reserved20_IRQHandler
                0x0000018c                FTFA_IRQHandler
                0x00000194                LVD_LVW_IRQHandler
                0x0000019c                LLWU_IRQHandler
                0x000001a4                I2C0_IRQHandler
                0x000001ac                I2C1_IRQHandler
                0x000001b4                SPI0_IRQHandler
                0x000001bc                SPI1_IRQHandler
                0x000001c4                UART0_IRQHandler
                0x000001cc                UART1_IRQHandler
                0x000001d4                UART2_IRQHandler
                0x000001dc                ADC0_IRQHandler
                0x000001e4                CMP0_IRQHandler
                0x000001ec                TPM0_IRQHandler
                0x000001f4                TPM1_IRQHandler
                0x000001fc                TPM2_IRQHandler
                0x00000204                RTC_IRQHandler
                0x0000020c                RTC_Seconds_IRQHandler
                0x00000214                PIT_IRQHandler
                0x0000021c                Reserved39_IRQHandler
                0x00000224                USB0_IRQHandler
                0x0000022c                DAC0_IRQHandler
                0x00000234                TSI0_IRQHandler
                0x0000023c                MCG_IRQHandler
                0x00000244                LPTMR0_IRQHandler
                0x0000024c                Reserved45_IRQHandler
                0x00000254                PORTA_IRQHandler
                0x0000025c                PORTD_IRQHandler
                0x00000400                . = 0x400
 *fill*         0x00000264      0x19c ff
                0x00000400                PROVIDE (__FLASH_CONFIG_START__, .)
 *(.FlashConfig)
 .FlashConfig   0x00000400       0x10 ./startup/startup_mkl25z4.o
                0x00000400                Flash_Config
                0x00000410                PROVIDE (__FLASH_CONFIG_END__, .)
                0x00000001                ASSERT (! ((__FLASH_CONFIG_START__ == __FLASH_CONFIG_END__)), Linker Flash Config Support Enabled, but no .FlashConfig section provided within application)
 *(.text*)
 .text.UART_EnableTx
                0x00000410       0x40 ./utilities/fsl_debug_console.o
 .text.UART_EnableRx
                0x00000450       0x40 ./utilities/fsl_debug_console.o
 .text.LPSCI_EnableTx
                0x00000490       0x40 ./utilities/fsl_debug_console.o
 .text.LPSCI_EnableRx
                0x000004d0       0x40 ./utilities/fsl_debug_console.o
 .text.DbgConsole_Init
                0x00000510       0xf4 ./utilities/fsl_debug_console.o
                0x00000510                DbgConsole_Init
 .text.set_pin  0x00000604       0x78 ./source/gpiosetup.o
                0x00000604                set_pin
 .text.setupHardware
                0x0000067c       0x6c ./source/main.o
 .text.vLowPriTask
                0x000006e8       0x2c ./source/main.o
 .text.vHiPriTask
                0x00000714       0x2c ./source/main.o
 .text.main     0x00000740       0x5c ./source/main.o
                0x00000740                main
 .text.init_rgb
                0x0000079c       0xa4 ./source/rgbLed.o
                0x0000079c                init_rgb
 .text.set_rgb  0x00000840       0xf4 ./source/rgbLed.o
                0x00000840                set_rgb
 .text.HardFault_Handler
                0x00000934       0x2c ./source/semihost_hardfault.o
                0x00000934                HardFault_Handler
 .text.prvSetupTimerInterrupt
                0x00000960       0x3c ./freertos/fsl_tickless_lptmr.o
                0x00000960                prvSetupTimerInterrupt
 .text.pvPortMalloc
                0x0000099c      0x14c ./freertos/heap_4.o
                0x0000099c                pvPortMalloc
 .text.vPortFree
                0x00000ae8       0x90 ./freertos/heap_4.o
                0x00000ae8                vPortFree
 .text.prvHeapInit
                0x00000b78       0xc0 ./freertos/heap_4.o
 .text.prvInsertBlockIntoFreeList
                0x00000c38       0xb0 ./freertos/heap_4.o
 .text.vListInitialise
                0x00000ce8       0x3c ./freertos/list.o
                0x00000ce8                vListInitialise
 .text.vListInitialiseItem
                0x00000d24       0x18 ./freertos/list.o
                0x00000d24                vListInitialiseItem
 .text.vListInsertEnd
                0x00000d3c       0x44 ./freertos/list.o
                0x00000d3c                vListInsertEnd
 .text.vListInsert
                0x00000d80       0x6c ./freertos/list.o
                0x00000d80                vListInsert
 .text.uxListRemove
                0x00000dec       0x50 ./freertos/list.o
                0x00000dec                uxListRemove
 .text.pxPortInitialiseStack
                0x00000e3c       0x54 ./freertos/port.o
                0x00000e3c                pxPortInitialiseStack
 .text.prvTaskExitError
                0x00000e90       0x18 ./freertos/port.o
 .text.SVC_Handler
                0x00000ea8        0xc ./freertos/port.o
                0x00000ea8                SVC_Handler
 *fill*         0x00000eb4        0xc ff
 .text.vPortStartFirstTask
                0x00000ec0       0x38 ./freertos/port.o
 .text.xPortStartScheduler
                0x00000ef8       0x44 ./freertos/port.o
                0x00000ef8                xPortStartScheduler
 .text.vPortYield
                0x00000f3c       0x20 ./freertos/port.o
                0x00000f3c                vPortYield
 .text.vPortEnterCritical
                0x00000f5c       0x24 ./freertos/port.o
                0x00000f5c                vPortEnterCritical
 .text.vPortExitCritical
                0x00000f80       0x30 ./freertos/port.o
                0x00000f80                vPortExitCritical
 .text.ulSetInterruptMaskFromISR
                0x00000fb0        0xc ./freertos/port.o
                0x00000fb0                ulSetInterruptMaskFromISR
 .text.vClearInterruptMaskFromISR
                0x00000fbc        0x8 ./freertos/port.o
                0x00000fbc                vClearInterruptMaskFromISR
 *fill*         0x00000fc4        0xc ff
 .text.PendSV_Handler
                0x00000fd0       0x48 ./freertos/port.o
                0x00000fd0                PendSV_Handler
 .text.SysTick_Handler
                0x00001018       0x34 ./freertos/port.o
                0x00001018                SysTick_Handler
 .text.xQueueGenericReset
                0x0000104c       0xa8 ./freertos/queue.o
                0x0000104c                xQueueGenericReset
 .text.xQueueGenericCreate
                0x000010f4       0x64 ./freertos/queue.o
                0x000010f4                xQueueGenericCreate
 .text.prvInitialiseNewQueue
                0x00001158       0x50 ./freertos/queue.o
 .text.xQueueGenericSend
                0x000011a8      0x188 ./freertos/queue.o
                0x000011a8                xQueueGenericSend
 .text.xQueueGenericSendFromISR
                0x00001330       0xe4 ./freertos/queue.o
                0x00001330                xQueueGenericSendFromISR
 .text.xQueueGenericReceive
                0x00001414      0x1c8 ./freertos/queue.o
                0x00001414                xQueueGenericReceive
 .text.prvCopyDataToQueue
                0x000015dc       0xd8 ./freertos/queue.o
 .text.prvCopyDataFromQueue
                0x000016b4       0x4c ./freertos/queue.o
 .text.prvUnlockQueue
                0x00001700       0xc0 ./freertos/queue.o
 .text.prvIsQueueEmpty
                0x000017c0       0x2c ./freertos/queue.o
 .text.prvIsQueueFull
                0x000017ec       0x30 ./freertos/queue.o
 .text.vQueueAddToRegistry
                0x0000181c       0x50 ./freertos/queue.o
                0x0000181c                vQueueAddToRegistry
 .text.vQueueWaitForMessageRestricted
                0x0000186c       0x68 ./freertos/queue.o
                0x0000186c                vQueueWaitForMessageRestricted
 .text.xTaskCreate
                0x000018d4       0x90 ./freertos/tasks.o
                0x000018d4                xTaskCreate
 .text.prvInitialiseNewTask
                0x00001964      0x120 ./freertos/tasks.o
 .text.prvAddNewTaskToReadyList
                0x00001a84       0xd0 ./freertos/tasks.o
 .text.vTaskDelay
                0x00001b54       0x4c ./freertos/tasks.o
                0x00001b54                vTaskDelay
 .text.vTaskStartScheduler
                0x00001ba0       0x78 ./freertos/tasks.o
                0x00001ba0                vTaskStartScheduler
 .text.vTaskSuspendAll
                0x00001c18       0x18 ./freertos/tasks.o
                0x00001c18                vTaskSuspendAll
 .text.xTaskResumeAll
                0x00001c30      0x118 ./freertos/tasks.o
                0x00001c30                xTaskResumeAll
 .text.xTaskGetTickCount
                0x00001d48       0x1c ./freertos/tasks.o
                0x00001d48                xTaskGetTickCount
 .text.xTaskIncrementTick
                0x00001d64      0x14c ./freertos/tasks.o
                0x00001d64                xTaskIncrementTick
 .text.vTaskSwitchContext
                0x00001eb0       0xa4 ./freertos/tasks.o
                0x00001eb0                vTaskSwitchContext
 .text.vTaskPlaceOnEventList
                0x00001f54       0x3c ./freertos/tasks.o
                0x00001f54                vTaskPlaceOnEventList
 .text.vTaskPlaceOnEventListRestricted
                0x00001f90       0x4c ./freertos/tasks.o
                0x00001f90                vTaskPlaceOnEventListRestricted
 .text.xTaskRemoveFromEventList
                0x00001fdc       0xb8 ./freertos/tasks.o
                0x00001fdc                xTaskRemoveFromEventList
 .text.vTaskSetTimeOutState
                0x00002094       0x34 ./freertos/tasks.o
                0x00002094                vTaskSetTimeOutState
 .text.xTaskCheckForTimeOut
                0x000020c8       0x9c ./freertos/tasks.o
                0x000020c8                xTaskCheckForTimeOut
 .text.vTaskMissedYield
                0x00002164       0x14 ./freertos/tasks.o
                0x00002164                vTaskMissedYield
 .text.prvIdleTask
                0x00002178       0x2c ./freertos/tasks.o
 .text.prvInitialiseTaskLists
                0x000021a4       0x88 ./freertos/tasks.o
 .text.prvCheckTasksWaitingTermination
                0x0000222c       0x74 ./freertos/tasks.o
 .text.prvDeleteTCB
                0x000022a0       0x24 ./freertos/tasks.o
 .text.prvResetNextTaskUnblockTime
                0x000022c4       0x48 ./freertos/tasks.o
 .text.xTaskGetSchedulerState
                0x0000230c       0x38 ./freertos/tasks.o
                0x0000230c                xTaskGetSchedulerState
 .text.vTaskPriorityInherit
                0x00002344       0xbc ./freertos/tasks.o
                0x00002344                vTaskPriorityInherit
 .text.xTaskPriorityDisinherit
                0x00002400       0xb8 ./freertos/tasks.o
                0x00002400                xTaskPriorityDisinherit
 .text.pvTaskIncrementMutexHeldCount
                0x000024b8       0x24 ./freertos/tasks.o
                0x000024b8                pvTaskIncrementMutexHeldCount
 .text.prvAddCurrentTaskToDelayedList
                0x000024dc       0xa8 ./freertos/tasks.o
 .text.xTimerCreateTimerTask
                0x00002584       0x54 ./freertos/timers.o
                0x00002584                xTimerCreateTimerTask
 .text.xTimerGenericCommand
                0x000025d8       0x9c ./freertos/timers.o
                0x000025d8                xTimerGenericCommand
 .text.prvProcessExpiredTimer
                0x00002674       0x70 ./freertos/timers.o
 .text.prvTimerTask
                0x000026e4       0x28 ./freertos/timers.o
 .text.prvProcessTimerOrBlockTask
                0x0000270c       0x8c ./freertos/timers.o
 .text.prvGetNextExpireTime
                0x00002798       0x40 ./freertos/timers.o
 .text.prvSampleTimeNow
                0x000027d8       0x40 ./freertos/timers.o
 .text.prvInsertTimerInActiveList
                0x00002818       0x84 ./freertos/timers.o
 .text.prvProcessReceivedCommands
                0x0000289c      0x12c ./freertos/timers.o
 .text.prvSwitchTimerLists
                0x000029c8       0xb4 ./freertos/timers.o
 .text.prvCheckForValidListAndQueue
                0x00002a7c       0x74 ./freertos/timers.o
 .text.CLOCK_SetEr32kClock
                0x00002af0       0x30 ./drivers/fsl_clock.o
 .text.CLOCK_SetPllFllSelClock
                0x00002b20       0x38 ./drivers/fsl_clock.o
 .text.OSC_SetExtRefClkConfig
                0x00002b58       0x48 ./drivers/fsl_clock.o
 .text.OSC_SetCapLoad
                0x00002ba0       0x4c ./drivers/fsl_clock.o
 .text.CLOCK_GetMcgExtClkFreq
                0x00002bec       0x28 ./drivers/fsl_clock.o
 .text.CLOCK_GetFllExtRefClkFreq
                0x00002c14       0xa4 ./drivers/fsl_clock.o
 .text.CLOCK_GetFllRefClkFreq
                0x00002cb8       0x30 ./drivers/fsl_clock.o
 .text.CLOCK_GetPll0RefFreq
                0x00002ce8       0x10 ./drivers/fsl_clock.o
 .text.CLOCK_GetOscRangeFromFreq
                0x00002cf8       0x4c ./drivers/fsl_clock.o
 .text.CLOCK_GetPllFllSelClkFreq
                0x00002d44       0x50 ./drivers/fsl_clock.o
                0x00002d44                CLOCK_GetPllFllSelClkFreq
 .text.CLOCK_SetSimConfig
                0x00002d94       0x38 ./drivers/fsl_clock.o
                0x00002d94                CLOCK_SetSimConfig
 .text.CLOCK_GetFllFreq
                0x00002dcc       0x84 ./drivers/fsl_clock.o
                0x00002dcc                CLOCK_GetFllFreq
 .text.CLOCK_GetPll0Freq
                0x00002e50       0x70 ./drivers/fsl_clock.o
                0x00002e50                CLOCK_GetPll0Freq
 .text.CLOCK_SetExternalRefClkConfig
                0x00002ec0       0x18 ./drivers/fsl_clock.o
                0x00002ec0                CLOCK_SetExternalRefClkConfig
 .text.CLOCK_SetInternalRefClkConfig
                0x00002ed8      0x12c ./drivers/fsl_clock.o
                0x00002ed8                CLOCK_SetInternalRefClkConfig
 .text.CLOCK_EnablePll0
                0x00003004       0x98 ./drivers/fsl_clock.o
                0x00003004                CLOCK_EnablePll0
 .text.CLOCK_InitOsc0
                0x0000309c       0x98 ./drivers/fsl_clock.o
                0x0000309c                CLOCK_InitOsc0
 .text.CLOCK_SetPbeMode
                0x00003134       0xb0 ./drivers/fsl_clock.o
                0x00003134                CLOCK_SetPbeMode
 .text.CLOCK_BootToPeeMode
                0x000031e4       0x70 ./drivers/fsl_clock.o
                0x000031e4                CLOCK_BootToPeeMode
 .text.CLOCK_EnableClock
                0x00003254       0x38 ./drivers/fsl_lpsci.o
 .text.LPSCI_GetInstance
                0x0000328c       0x48 ./drivers/fsl_lpsci.o
                0x0000328c                LPSCI_GetInstance
 .text.LPSCI_Init
                0x000032d4      0x270 ./drivers/fsl_lpsci.o
                0x000032d4                LPSCI_Init
 .text.LPSCI_GetDefaultConfig
                0x00003544       0x44 ./drivers/fsl_lpsci.o
                0x00003544                LPSCI_GetDefaultConfig
 .text.LPSCI_GetStatusFlags
                0x00003588       0x28 ./drivers/fsl_lpsci.o
                0x00003588                LPSCI_GetStatusFlags
 .text.LPSCI_ClearStatusFlags
                0x000035b0       0x98 ./drivers/fsl_lpsci.o
                0x000035b0                LPSCI_ClearStatusFlags
 .text.LPSCI_WriteBlocking
                0x00003648       0x4c ./drivers/fsl_lpsci.o
                0x00003648                LPSCI_WriteBlocking
 .text.LPSCI_ReadBlocking
                0x00003694       0xc0 ./drivers/fsl_lpsci.o
                0x00003694                LPSCI_ReadBlocking
 .text.UART0_DriverIRQHandler
                0x00003754       0x24 ./drivers/fsl_lpsci.o
                0x00003754                UART0_DriverIRQHandler
 .text.CLOCK_EnableClock
                0x00003778       0x38 ./drivers/fsl_uart.o
 .text.UART_GetInstance
                0x000037b0       0x54 ./drivers/fsl_uart.o
                0x000037b0                UART_GetInstance
 .text.UART_Init
                0x00003804      0x1fc ./drivers/fsl_uart.o
                0x00003804                UART_Init
 .text.UART_GetDefaultConfig
                0x00003a00       0x44 ./drivers/fsl_uart.o
                0x00003a00                UART_GetDefaultConfig
 .text.UART_GetStatusFlags
                0x00003a44       0x28 ./drivers/fsl_uart.o
                0x00003a44                UART_GetStatusFlags
 .text.UART_WriteBlocking
                0x00003a6c       0x3c ./drivers/fsl_uart.o
                0x00003a6c                UART_WriteBlocking
 .text.UART_ReadBlocking
                0x00003aa8       0x98 ./drivers/fsl_uart.o
                0x00003aa8                UART_ReadBlocking
 .text.UART1_DriverIRQHandler
                0x00003b40       0x24 ./drivers/fsl_uart.o
                0x00003b40                UART1_DriverIRQHandler
 .text.UART2_DriverIRQHandler
                0x00003b64       0x24 ./drivers/fsl_uart.o
                0x00003b64                UART2_DriverIRQHandler
 .text.CLOCK_SetLpsci0Clock
                0x00003b88       0x38 ./board/board.o
 .text.BOARD_InitDebugConsole
                0x00003bc0       0x30 ./board/board.o
                0x00003bc0                BOARD_InitDebugConsole
 .text.CLOCK_SetSimSafeDivs
                0x00003bf0       0x20 ./board/clock_config.o
 .text.CLOCK_SetXtal0Freq
                0x00003c10       0x1c ./board/clock_config.o
 .text.BOARD_InitBootClocks
                0x00003c2c       0x10 ./board/clock_config.o
                0x00003c2c                BOARD_InitBootClocks
 .text.CLOCK_CONFIG_SetFllExtRefDiv
                0x00003c3c       0x3c ./board/clock_config.o
 .text.BOARD_BootClockRUN
                0x00003c78       0x64 ./board/clock_config.o
                0x00003c78                BOARD_BootClockRUN
 .text.SystemInit
                0x00003cdc       0x18 ./CMSIS/system_MKL25Z4.o
                0x00003cdc                SystemInit
 .text.__main   0x00003cf4        0xc c:/nxp/mcuxpressoide_10.0.2_411/ide/tools/bin/../lib/gcc/arm-none-eabi/5.4.1/../../../../arm-none-eabi/lib/armv6-m\libcr_semihost_nf.a(_cr__main.o)
                0x00003cf4                __CR_SEMIHOST
                0x00003cf4                __main
 .text.__assertion_failed
                0x00003d00       0x4c c:/nxp/mcuxpressoide_10.0.2_411/ide/tools/bin/../lib/gcc/arm-none-eabi/5.4.1/../../../../arm-none-eabi/lib/armv6-m\libcr_semihost_nf.a(_cr_assert.o)
                0x00003d00                __assertion_failed
 .text.__sys_appexit
                0x00003d4c        0xc c:/nxp/mcuxpressoide_10.0.2_411/ide/tools/bin/../lib/gcc/arm-none-eabi/5.4.1/../../../../arm-none-eabi/lib/armv6-m\libcr_semihost_nf.a(__sys_appexit.o)
                0x00003d4c                __sys_appexit
                0x00003d4c                __exit
 .text.memcpy   0x00003d58        0x8 c:/nxp/mcuxpressoide_10.0.2_411/ide/tools/bin/../lib/gcc/arm-none-eabi/5.4.1/../../../../arm-none-eabi/lib/armv6-m\libcr_c.a(memcpy.o)
                0x00003d58                memcpy
 .text.memset   0x00003d60        0x8 c:/nxp/mcuxpressoide_10.0.2_411/ide/tools/bin/../lib/gcc/arm-none-eabi/5.4.1/../../../../arm-none-eabi/lib/armv6-m\libcr_c.a(memset.o)
                0x00003d60                memset
 .text._deferredlazyseek
                0x00003d68       0x40 c:/nxp/mcuxpressoide_10.0.2_411/ide/tools/bin/../lib/gcc/arm-none-eabi/5.4.1/../../../../arm-none-eabi/lib/armv6-m\libcr_c.a(_deferredlazyseek.o)
                0x00003d68                _deferredlazyseek
 .text.__flsbuf
                0x00003da8      0x14c c:/nxp/mcuxpressoide_10.0.2_411/ide/tools/bin/../lib/gcc/arm-none-eabi/5.4.1/../../../../arm-none-eabi/lib/armv6-m\libcr_c.a(_deferredlazyseek.o)
                0x00003da8                __flsbuf
 .text._fflush  0x00003ef4       0x60 c:/nxp/mcuxpressoide_10.0.2_411/ide/tools/bin/../lib/gcc/arm-none-eabi/5.4.1/../../../../arm-none-eabi/lib/armv6-m\libcr_c.a(_fflush.o)
                0x00003ef4                _fflush
 .text._Cwritebuf
                0x00003f54       0x6c c:/nxp/mcuxpressoide_10.0.2_411/ide/tools/bin/../lib/gcc/arm-none-eabi/5.4.1/../../../../arm-none-eabi/lib/armv6-m\libcr_c.a(_writebuf.o)
                0x00003f54                _Cwritebuf
 .text.malloc   0x00003fc0       0xcc c:/nxp/mcuxpressoide_10.0.2_411/ide/tools/bin/../lib/gcc/arm-none-eabi/5.4.1/../../../../arm-none-eabi/lib/armv6-m\libcr_c.a(alloc.o)
                0x00003fc0                malloc
 .text.free     0x0000408c       0x2e c:/nxp/mcuxpressoide_10.0.2_411/ide/tools/bin/../lib/gcc/arm-none-eabi/5.4.1/../../../../arm-none-eabi/lib/armv6-m\libcr_c.a(alloc.o)
                0x0000408c                free
 *fill*         0x000040ba        0x2 ff
 .text._Csys_alloc
                0x000040bc       0x20 c:/nxp/mcuxpressoide_10.0.2_411/ide/tools/bin/../lib/gcc/arm-none-eabi/5.4.1/../../../../arm-none-eabi/lib/armv6-m\libcr_c.a(alloc.o)
                0x000040bc                _Csys_alloc
 .text.fputs    0x000040dc       0x30 c:/nxp/mcuxpressoide_10.0.2_411/ide/tools/bin/../lib/gcc/arm-none-eabi/5.4.1/../../../../arm-none-eabi/lib/armv6-m\libcr_c.a(fputs.o)
                0x000040dc                fputs
 .text.fseek    0x0000410c       0xf0 c:/nxp/mcuxpressoide_10.0.2_411/ide/tools/bin/../lib/gcc/arm-none-eabi/5.4.1/../../../../arm-none-eabi/lib/armv6-m\libcr_c.a(fseek.o)
                0x0000410c                fseek
 .text.ftell    0x000041fc       0x48 c:/nxp/mcuxpressoide_10.0.2_411/ide/tools/bin/../lib/gcc/arm-none-eabi/5.4.1/../../../../arm-none-eabi/lib/armv6-m\libcr_c.a(ftell.o)
                0x000041fc                ftell
 .text._initio  0x00004244       0x7c c:/nxp/mcuxpressoide_10.0.2_411/ide/tools/bin/../lib/gcc/arm-none-eabi/5.4.1/../../../../arm-none-eabi/lib/armv6-m\libcr_c.a(initio.o)
                0x00004244                _initio
 .text.no_fp_display
                0x000042c0        0x4 c:/nxp/mcuxpressoide_10.0.2_411/ide/tools/bin/../lib/gcc/arm-none-eabi/5.4.1/../../../../arm-none-eabi/lib/armv6-m\libcr_c.a(printf.o)
 .text.__vfprintf
                0x000042c4      0xd5c c:/nxp/mcuxpressoide_10.0.2_411/ide/tools/bin/../lib/gcc/arm-none-eabi/5.4.1/../../../../arm-none-eabi/lib/armv6-m\libcr_c.a(printf.o)
                0x000042c4                __vfprintf
 .text._vsnprintf
                0x00005020       0x60 c:/nxp/mcuxpressoide_10.0.2_411/ide/tools/bin/../lib/gcc/arm-none-eabi/5.4.1/../../../../arm-none-eabi/lib/armv6-m\libcr_c.a(printf.o)
                0x00005020                _vsnprintf
 .text._printf  0x00005080       0x50 c:/nxp/mcuxpressoide_10.0.2_411/ide/tools/bin/../lib/gcc/arm-none-eabi/5.4.1/../../../../arm-none-eabi/lib/armv6-m\libcr_c.a(printf.o)
                0x00005080                _printf
 .text.setvbuf  0x000050d0       0x4c c:/nxp/mcuxpressoide_10.0.2_411/ide/tools/bin/../lib/gcc/arm-none-eabi/5.4.1/../../../../arm-none-eabi/lib/armv6-m\libcr_c.a(setvbuf.o)
                0x000050d0                setvbuf
 .text.strlen   0x0000511c       0x54 c:/nxp/mcuxpressoide_10.0.2_411/ide/tools/bin/../lib/gcc/arm-none-eabi/5.4.1/../../../../arm-none-eabi/lib/armv6-m\libcr_c.a(strlen.o)
                0x0000511c                strlen
 .text._sbrk    0x00005170       0x40 c:/nxp/mcuxpressoide_10.0.2_411/ide/tools/bin/../lib/gcc/arm-none-eabi/5.4.1/../../../../arm-none-eabi/lib/armv6-m\libcr_c.a(_cr_sbrk.o)
                0x00005170                _sbrk
 .text._fdopen  0x000051b0       0x74 c:/nxp/mcuxpressoide_10.0.2_411/ide/tools/bin/../lib/gcc/arm-none-eabi/5.4.1/../../../../arm-none-eabi/lib/armv6-m\libcr_c.a(_fdopen.o)
                0x000051b0                _fdopen
 .text.fclose   0x00005224       0x5c c:/nxp/mcuxpressoide_10.0.2_411/ide/tools/bin/../lib/gcc/arm-none-eabi/5.4.1/../../../../arm-none-eabi/lib/armv6-m\libcr_c.a(fclose.o)
                0x00005224                fclose
 .text.fflush   0x00005280       0x44 c:/nxp/mcuxpressoide_10.0.2_411/ide/tools/bin/../lib/gcc/arm-none-eabi/5.4.1/../../../../arm-none-eabi/lib/armv6-m\libcr_c.a(fflush.o)
                0x00005280                fflush
 .text.remove   0x000052c4       0x12 c:/nxp/mcuxpressoide_10.0.2_411/ide/tools/bin/../lib/gcc/arm-none-eabi/5.4.1/../../../../arm-none-eabi/lib/armv6-m\libcr_c.a(remove.o)
                0x000052c4                remove
 *fill*         0x000052d6        0x2 ff
 .text.__check_heap_overflow
                0x000052d8       0x14 c:/nxp/mcuxpressoide_10.0.2_411/ide/tools/bin/../lib/gcc/arm-none-eabi/5.4.1/../../../../arm-none-eabi/lib/armv6-m\libcr_c.a(_cr_check_heap.o)
                0x000052d8                __check_heap_overflow
 .text._do_fflush
                0x000052ec       0x48 c:/nxp/mcuxpressoide_10.0.2_411/ide/tools/bin/../lib/gcc/arm-none-eabi/5.4.1/../../../../arm-none-eabi/lib/armv6-m\libcr_c.a(_do_fflush.o)
                0x000052ec                _do_fflush
 .text.__aeabi_division_idivmod
                0x00005334       0x78 c:/nxp/mcuxpressoide_10.0.2_411/ide/tools/bin/../lib/gcc/arm-none-eabi/5.4.1/armv6-m\libcr_eabihelpers.a(division_32.o)
                0x00005334                __aeabi_idivmod
                0x00005334                __aeabi_idiv
                0x0000533a                __aeabi_uidivmod
                0x0000533a                __aeabi_uidiv
 .text.__aeabi_division_idiv0
                0x000053ac        0x2 c:/nxp/mcuxpressoide_10.0.2_411/ide/tools/bin/../lib/gcc/arm-none-eabi/5.4.1/armv6-m\libcr_eabihelpers.a(division_idiv0.o)
                0x000053ac                __aeabi_idiv0
 .text.__aeabi_llong_lmul
                0x000053ae       0x2e c:/nxp/mcuxpressoide_10.0.2_411/ide/tools/bin/../lib/gcc/arm-none-eabi/5.4.1/armv6-m\libcr_eabihelpers.a(llong.o)
                0x000053ae                __aeabi_lmul
 .text.__aeabi_memcpy
                0x000053dc       0x2c c:/nxp/mcuxpressoide_10.0.2_411/ide/tools/bin/../lib/gcc/arm-none-eabi/5.4.1/armv6-m\libcr_eabihelpers.a(memcpy.o)
                0x000053dc                __aeabi_memcpy4
                0x000053dc                __aeabi_memcpy8
                0x000053dc                __aeabi_memcpy
 .text.__aeabi_memset_lowlevel
                0x00005408       0x2a c:/nxp/mcuxpressoide_10.0.2_411/ide/tools/bin/../lib/gcc/arm-none-eabi/5.4.1/armv6-m\libcr_eabihelpers.a(memcpy.o)
                0x00005408                __aeabi_lowlevel_memset
 .text.__sys_close
                0x00005432        0xc c:/nxp/mcuxpressoide_10.0.2_411/ide/tools/bin/../lib/gcc/arm-none-eabi/5.4.1/../../../../arm-none-eabi/lib/armv6-m\libcr_semihost_nf.a(__sys_close.o)
                0x00005432                __sys_close
 .text.__sys_flen
                0x0000543e        0xc c:/nxp/mcuxpressoide_10.0.2_411/ide/tools/bin/../lib/gcc/arm-none-eabi/5.4.1/../../../../arm-none-eabi/lib/armv6-m\libcr_semihost_nf.a(__sys_flen.o)
                0x0000543e                __sys_flen
 .text.__sys_istty
                0x0000544a        0xc c:/nxp/mcuxpressoide_10.0.2_411/ide/tools/bin/../lib/gcc/arm-none-eabi/5.4.1/../../../../arm-none-eabi/lib/armv6-m\libcr_semihost_nf.a(__sys_istty.o)
                0x0000544a                __sys_istty
 .text.__sys_remove
                0x00005456        0xc c:/nxp/mcuxpressoide_10.0.2_411/ide/tools/bin/../lib/gcc/arm-none-eabi/5.4.1/../../../../arm-none-eabi/lib/armv6-m\libcr_semihost_nf.a(__sys_remove.o)
                0x00005456                __sys_remove
 .text.__sys_seek
                0x00005462        0xc c:/nxp/mcuxpressoide_10.0.2_411/ide/tools/bin/../lib/gcc/arm-none-eabi/5.4.1/../../../../arm-none-eabi/lib/armv6-m\libcr_semihost_nf.a(__sys_seek.o)
                0x00005462                __sys_seek
 .text.__sys_tmpnam
                0x0000546e        0xc c:/nxp/mcuxpressoide_10.0.2_411/ide/tools/bin/../lib/gcc/arm-none-eabi/5.4.1/../../../../arm-none-eabi/lib/armv6-m\libcr_semihost_nf.a(__sys_tmpnam.o)
                0x0000546e                __sys_tmpnam
 .text.__sys_write
                0x0000547a        0xc c:/nxp/mcuxpressoide_10.0.2_411/ide/tools/bin/../lib/gcc/arm-none-eabi/5.4.1/../../../../arm-none-eabi/lib/armv6-m\libcr_semihost_nf.a(__sys_write.o)
                0x0000547a                __sys_write
 *(.rodata .rodata.* .constdata .constdata.*)
 *fill*         0x00005486        0x2 ff
 .rodata.set_pin
                0x00005488       0x20 ./source/gpiosetup.o
 .rodata        0x000054a8       0x4f ./source/main.o
 *fill*         0x000054f7        0x1 ff
 .rodata.set_rgb
                0x000054f8       0x20 ./source/rgbLed.o
 .rodata        0x00005518        0x5 ./freertos/tasks.o
 *fill*         0x0000551d        0x3 ff
 .rodata        0x00005520        0xd ./freertos/timers.o
 *fill*         0x0000552d        0x3 ff
 .rodata.prvProcessReceivedCommands
                0x00005530       0x28 ./freertos/timers.o
 .rodata        0x00005558      0x11d ./drivers/fsl_clock.o
 *fill*         0x00005675        0x3 ff
 .rodata.fllFactorTable.5253
                0x00005678       0x10 ./drivers/fsl_clock.o
 .rodata        0x00005688      0x48c ./drivers/fsl_lpsci.o
 .rodata.s_uartBases
                0x00005b14        0xc ./drivers/fsl_uart.o
 .rodata.s_uartClock
                0x00005b20        0xc ./drivers/fsl_uart.o
 .rodata        0x00005b2c      0x45b ./drivers/fsl_uart.o
 *fill*         0x00005f87        0x1 ff
 .rodata.mcgConfig_BOARD_BootClockRUN
                0x00005f88        0xa ./board/clock_config.o
                0x00005f88                mcgConfig_BOARD_BootClockRUN
 *fill*         0x00005f92        0x2 ff
 .rodata.simConfig_BOARD_BootClockRUN
                0x00005f94        0x8 ./board/clock_config.o
                0x00005f94                simConfig_BOARD_BootClockRUN
 .rodata.oscConfig_BOARD_BootClockRUN
                0x00005f9c        0x8 ./board/clock_config.o
                0x00005f9c                oscConfig_BOARD_BootClockRUN
 .rodata.str1.1
                0x00005fa4       0x15 c:/nxp/mcuxpressoide_10.0.2_411/ide/tools/bin/../lib/gcc/arm-none-eabi/5.4.1/../../../../arm-none-eabi/lib/armv6-m\libcr_semihost_nf.a(_cr_assert.o)
 *fill*         0x00005fb9        0x3 ff
 .rodata.__num_Ciob_streams
                0x00005fbc        0x4 c:/nxp/mcuxpressoide_10.0.2_411/ide/tools/bin/../lib/gcc/arm-none-eabi/5.4.1/../../../../arm-none-eabi/lib/armv6-m\libcr_semihost_nf.a(__ciob.o)
                0x00005fbc                __num_Ciob_streams
 .rodata.str1.1
                0x00005fc0       0x18 c:/nxp/mcuxpressoide_10.0.2_411/ide/tools/bin/../lib/gcc/arm-none-eabi/5.4.1/../../../../arm-none-eabi/lib/armv6-m\libcr_c.a(alloc.o)
 .rodata.str1.1
                0x00005fd8        0x4 c:/nxp/mcuxpressoide_10.0.2_411/ide/tools/bin/../lib/gcc/arm-none-eabi/5.4.1/../../../../arm-none-eabi/lib/armv6-m\libcr_c.a(initio.o)
 .rodata.str1.1
                0x00005fdc       0x35 c:/nxp/mcuxpressoide_10.0.2_411/ide/tools/bin/../lib/gcc/arm-none-eabi/5.4.1/../../../../arm-none-eabi/lib/armv6-m\libcr_c.a(printf.o)
                                 0x38 (size before relaxing)
                0x00006014                . = ALIGN (0x4)
 *fill*         0x00006011        0x3 ff

.glue_7         0x00006014        0x0
 .glue_7        0x00006014        0x0 linker stubs

.glue_7t        0x00006014        0x0
 .glue_7t       0x00006014        0x0 linker stubs

.vfp11_veneer   0x00006014        0x0
 .vfp11_veneer  0x00006014        0x0 linker stubs

.v4_bx          0x00006014        0x0
 .v4_bx         0x00006014        0x0 linker stubs

.iplt           0x00006014        0x0
 .iplt          0x00006014        0x0 ./utilities/fsl_debug_console.o

.rel.dyn        0x00006014        0x0
 .rel.iplt      0x00006014        0x0 ./utilities/fsl_debug_console.o

.ARM.extab
 *(.ARM.extab* .gnu.linkonce.armextab.*)
                0x00006014                __exidx_start = .

.ARM.exidx
 *(.ARM.exidx* .gnu.linkonce.armexidx.*)
                0x00006014                __exidx_end = .
                0x00006014                _etext = .

.m_usb_data
 *(m_usb_bdt)

.mtb_buffer_default
                0x1ffff000       0x80
 *(.mtb*)
 .mtb.$RAM1     0x1ffff000       0x80 ./source/mtb.o
                0x1ffff000                __mtb_buffer__

.uninit_RESERVED
                0x1ffff080        0x0
 *(.bss.$RESERVED*)
                0x1ffff080                . = ALIGN (0x4)
                0x1ffff080                _end_uninit_RESERVED = .

.data           0x1ffff080        0xc load address 0x00006014
 FILL mask 0xff
                0x1ffff080                _data = .
 *(vtable)
 *(.ramfunc*)
 *(.data*)
 .data.uxCriticalNesting
                0x1ffff080        0x4 ./freertos/port.o
 .data.s_slowIrcFreq
                0x1ffff084        0x4 ./drivers/fsl_clock.o
 .data.SystemCoreClock
                0x1ffff088        0x4 ./CMSIS/system_MKL25Z4.o
                0x1ffff088                SystemCoreClock
                0x1ffff08c                . = ALIGN (0x4)
                0x1ffff08c                _edata = .

.igot.plt       0x1ffff08c        0x0 load address 0x00006020
 .igot.plt      0x1ffff08c        0x0 ./utilities/fsl_debug_console.o

.bss            0x1ffff08c     0x2a84 load address 0x00006020
                0x1ffff08c                _bss = .
 *(.bss*)
 .bss.s_debugConsole
                0x1ffff08c       0x10 ./utilities/fsl_debug_console.o
 .bss.ucHeap    0x1ffff09c     0x2800 ./freertos/heap_4.o
 .bss.xStart    0x2000189c        0x8 ./freertos/heap_4.o
 .bss.pxEnd     0x200018a4        0x4 ./freertos/heap_4.o
 .bss.xFreeBytesRemaining
                0x200018a8        0x4 ./freertos/heap_4.o
 .bss.xMinimumEverFreeBytesRemaining
                0x200018ac        0x4 ./freertos/heap_4.o
 .bss.xBlockAllocatedBit
                0x200018b0        0x4 ./freertos/heap_4.o
 .bss.xQueueRegistry
                0x200018b4       0x40 ./freertos/queue.o
                0x200018b4                xQueueRegistry
 .bss.pxCurrentTCB
                0x200018f4        0x4 ./freertos/tasks.o
                0x200018f4                pxCurrentTCB
 .bss.pxReadyTasksLists
                0x200018f8       0x64 ./freertos/tasks.o
 .bss.xDelayedTaskList1
                0x2000195c       0x14 ./freertos/tasks.o
 .bss.xDelayedTaskList2
                0x20001970       0x14 ./freertos/tasks.o
 .bss.pxDelayedTaskList
                0x20001984        0x4 ./freertos/tasks.o
 .bss.pxOverflowDelayedTaskList
                0x20001988        0x4 ./freertos/tasks.o
 .bss.xPendingReadyList
                0x2000198c       0x14 ./freertos/tasks.o
 .bss.xTasksWaitingTermination
                0x200019a0       0x14 ./freertos/tasks.o
 .bss.uxDeletedTasksWaitingCleanUp
                0x200019b4        0x4 ./freertos/tasks.o
 .bss.xSuspendedTaskList
                0x200019b8       0x14 ./freertos/tasks.o
 .bss.uxCurrentNumberOfTasks
                0x200019cc        0x4 ./freertos/tasks.o
 .bss.xTickCount
                0x200019d0        0x4 ./freertos/tasks.o
 .bss.uxTopReadyPriority
                0x200019d4        0x4 ./freertos/tasks.o
 .bss.xSchedulerRunning
                0x200019d8        0x4 ./freertos/tasks.o
 .bss.uxPendedTicks
                0x200019dc        0x4 ./freertos/tasks.o
 .bss.xYieldPending
                0x200019e0        0x4 ./freertos/tasks.o
 .bss.xNumOfOverflows
                0x200019e4        0x4 ./freertos/tasks.o
 .bss.uxTaskNumber
                0x200019e8        0x4 ./freertos/tasks.o
 .bss.xNextTaskUnblockTime
                0x200019ec        0x4 ./freertos/tasks.o
 .bss.xIdleTaskHandle
                0x200019f0        0x4 ./freertos/tasks.o
 .bss.uxSchedulerSuspended
                0x200019f4        0x4 ./freertos/tasks.o
 .bss.xActiveTimerList1
                0x200019f8       0x14 ./freertos/timers.o
 .bss.xActiveTimerList2
                0x20001a0c       0x14 ./freertos/timers.o
 .bss.pxCurrentTimerList
                0x20001a20        0x4 ./freertos/timers.o
 .bss.pxOverflowTimerList
                0x20001a24        0x4 ./freertos/timers.o
 .bss.xTimerQueue
                0x20001a28        0x4 ./freertos/timers.o
 .bss.xTimerTaskHandle
                0x20001a2c        0x4 ./freertos/timers.o
 .bss.xLastTime.4598
                0x20001a30        0x4 ./freertos/timers.o
 .bss.g_xtal0Freq
                0x20001a34        0x4 ./drivers/fsl_clock.o
                0x20001a34                g_xtal0Freq
 .bss.s_lpsciHandle
                0x20001a38        0x4 ./drivers/fsl_lpsci.o
 .bss.s_lpsciIsr
                0x20001a3c        0x4 ./drivers/fsl_lpsci.o
 .bss.s_uartHandle
                0x20001a40        0xc ./drivers/fsl_uart.o
 .bss.s_uartIsr
                0x20001a4c        0x4 ./drivers/fsl_uart.o
 .bss.__Ciob    0x20001a50       0xb4 c:/nxp/mcuxpressoide_10.0.2_411/ide/tools/bin/../lib/gcc/arm-none-eabi/5.4.1/../../../../arm-none-eabi/lib/armv6-m\libcr_semihost_nf.a(__ciob.o)
                0x20001a50                __Ciob
 .bss.__heaps   0x20001b04        0x4 c:/nxp/mcuxpressoide_10.0.2_411/ide/tools/bin/../lib/gcc/arm-none-eabi/5.4.1/../../../../arm-none-eabi/lib/armv6-m\libcr_c.a(__init_alloc.o)
                0x20001b04                __heaps
 .bss.__end_of_heap
                0x20001b08        0x4 c:/nxp/mcuxpressoide_10.0.2_411/ide/tools/bin/../lib/gcc/arm-none-eabi/5.4.1/../../../../arm-none-eabi/lib/armv6-m\libcr_c.a(__init_alloc.o)
                0x20001b08                __end_of_heap
 .bss.errno     0x20001b0c        0x4 c:/nxp/mcuxpressoide_10.0.2_411/ide/tools/bin/../lib/gcc/arm-none-eabi/5.4.1/../../../../arm-none-eabi/lib/armv6-m\libcr_c.a(errno.o)
                0x20001b0c                errno
 *(COMMON)
                0x20001b10                . = ALIGN (0x4)
                0x20001b10                _ebss = .
                [!provide]                PROVIDE (end, .)

.noinit         0x20001b10        0x0 load address 0x00006020
                0x20001b10                _noinit = .
 *(.noinit*)
                0x20001b10                . = ALIGN (0x4)
                0x20001b10                _end_noinit = .

.heap           0x20001b10      0x400 load address 0x00006020
                0x20001b10                _pvHeapStart = .
                0x20001f10                . = (. + 0x400)
 *fill*         0x20001b10      0x400 
                0x20001f10                . = ALIGN (0x4)
                0x20001f10                _pvHeapLimit = .

.heap2stackfill
                0x20001f10      0x400 load address 0x00006020
                0x20002310                . = (. + 0x400)
 *fill*         0x20001f10      0x400 

.stack          0x20002c00        0x0
                0x20002c00                _vStackBase = .
                0x20002c00                . = ALIGN (0x4)
                0x20003000                _vStackTop = (. + 0x400)
OUTPUT(E4ISD2_rtos_priorities.axf elf32-littlearm)

.debug_info     0x00000000     0xa2a8
 .debug_info    0x00000000      0x807 ./utilities/fsl_debug_console.o
 .debug_info    0x00000807      0x49f ./startup/startup_mkl25z4.o
 .debug_info    0x00000ca6      0x3e9 ./source/gpiosetup.o
 .debug_info    0x0000108f      0x432 ./source/main.o
 .debug_info    0x000014c1       0x51 ./source/mtb.o
 .debug_info    0x00001512      0x3e9 ./source/rgbLed.o
 .debug_info    0x000018fb       0x3b ./source/semihost_hardfault.o
 .debug_info    0x00001936       0xb7 ./freertos/fsl_tickless_lptmr.o
 .debug_info    0x000019ed      0x2e4 ./freertos/heap_4.o
 .debug_info    0x00001cd1      0x296 ./freertos/list.o
 .debug_info    0x00001f67      0x229 ./freertos/port.o
 .debug_info    0x00002190      0xe02 ./freertos/queue.o
 .debug_info    0x00002f92     0x1779 ./freertos/tasks.o
 .debug_info    0x0000470b      0xac4 ./freertos/timers.o
 .debug_info    0x000051cf     0x190c ./drivers/fsl_clock.o
 .debug_info    0x00006adb     0x135c ./drivers/fsl_lpsci.o
 .debug_info    0x00007e37     0x1306 ./drivers/fsl_uart.o
 .debug_info    0x0000913d      0x38b ./board/board.o
 .debug_info    0x000094c8      0xa17 ./board/clock_config.o
 .debug_info    0x00009edf      0x3c9 ./CMSIS/system_MKL25Z4.o

.debug_abbrev   0x00000000     0x1c99
 .debug_abbrev  0x00000000      0x1ac ./utilities/fsl_debug_console.o
 .debug_abbrev  0x000001ac      0x131 ./startup/startup_mkl25z4.o
 .debug_abbrev  0x000002dd      0x121 ./source/gpiosetup.o
 .debug_abbrev  0x000003fe      0x147 ./source/main.o
 .debug_abbrev  0x00000545       0x41 ./source/mtb.o
 .debug_abbrev  0x00000586      0x12a ./source/rgbLed.o
 .debug_abbrev  0x000006b0       0x2f ./source/semihost_hardfault.o
 .debug_abbrev  0x000006df       0x63 ./freertos/fsl_tickless_lptmr.o
 .debug_abbrev  0x00000742      0x15b ./freertos/heap_4.o
 .debug_abbrev  0x0000089d       0xc1 ./freertos/list.o
 .debug_abbrev  0x0000095e      0x160 ./freertos/port.o
 .debug_abbrev  0x00000abe      0x1a6 ./freertos/queue.o
 .debug_abbrev  0x00000c64      0x247 ./freertos/tasks.o
 .debug_abbrev  0x00000eab      0x1ac ./freertos/timers.o
 .debug_abbrev  0x00001057      0x302 ./drivers/fsl_clock.o
 .debug_abbrev  0x00001359      0x296 ./drivers/fsl_lpsci.o
 .debug_abbrev  0x000015ef      0x2ae ./drivers/fsl_uart.o
 .debug_abbrev  0x0000189d      0x118 ./board/board.o
 .debug_abbrev  0x000019b5      0x1db ./board/clock_config.o
 .debug_abbrev  0x00001b90      0x109 ./CMSIS/system_MKL25Z4.o

.debug_aranges  0x00000000      0xc28
 .debug_aranges
                0x00000000       0x48 ./utilities/fsl_debug_console.o
 .debug_aranges
                0x00000048      0x160 ./startup/startup_mkl25z4.o
 .debug_aranges
                0x000001a8       0x28 ./source/gpiosetup.o
 .debug_aranges
                0x000001d0       0x38 ./source/main.o
 .debug_aranges
                0x00000208       0x18 ./source/mtb.o
 .debug_aranges
                0x00000220       0x28 ./source/rgbLed.o
 .debug_aranges
                0x00000248       0x20 ./source/semihost_hardfault.o
 .debug_aranges
                0x00000268       0x20 ./freertos/fsl_tickless_lptmr.o
 .debug_aranges
                0x00000288       0x50 ./freertos/heap_4.o
 .debug_aranges
                0x000002d8       0x40 ./freertos/list.o
 .debug_aranges
                0x00000318       0x80 ./freertos/port.o
 .debug_aranges
                0x00000398      0x118 ./freertos/queue.o
 .debug_aranges
                0x000004b0      0x1e8 ./freertos/tasks.o
 .debug_aranges
                0x00000698       0xc8 ./freertos/timers.o
 .debug_aranges
                0x00000760      0x1d8 ./drivers/fsl_clock.o
 .debug_aranges
                0x00000938      0x118 ./drivers/fsl_lpsci.o
 .debug_aranges
                0x00000a50      0x130 ./drivers/fsl_uart.o
 .debug_aranges
                0x00000b80       0x28 ./board/board.o
 .debug_aranges
                0x00000ba8       0x58 ./board/clock_config.o
 .debug_aranges
                0x00000c00       0x28 ./CMSIS/system_MKL25Z4.o

.debug_ranges   0x00000000      0xae0
 .debug_ranges  0x00000000       0x38 ./utilities/fsl_debug_console.o
 .debug_ranges  0x00000038      0x150 ./startup/startup_mkl25z4.o
 .debug_ranges  0x00000188       0x18 ./source/gpiosetup.o
 .debug_ranges  0x000001a0       0x28 ./source/main.o
 .debug_ranges  0x000001c8       0x18 ./source/rgbLed.o
 .debug_ranges  0x000001e0       0x10 ./source/semihost_hardfault.o
 .debug_ranges  0x000001f0       0x10 ./freertos/fsl_tickless_lptmr.o
 .debug_ranges  0x00000200       0x40 ./freertos/heap_4.o
 .debug_ranges  0x00000240       0x30 ./freertos/list.o
 .debug_ranges  0x00000270       0x70 ./freertos/port.o
 .debug_ranges  0x000002e0      0x108 ./freertos/queue.o
 .debug_ranges  0x000003e8      0x1d8 ./freertos/tasks.o
 .debug_ranges  0x000005c0       0xb8 ./freertos/timers.o
 .debug_ranges  0x00000678      0x1c8 ./drivers/fsl_clock.o
 .debug_ranges  0x00000840      0x108 ./drivers/fsl_lpsci.o
 .debug_ranges  0x00000948      0x120 ./drivers/fsl_uart.o
 .debug_ranges  0x00000a68       0x18 ./board/board.o
 .debug_ranges  0x00000a80       0x48 ./board/clock_config.o
 .debug_ranges  0x00000ac8       0x18 ./CMSIS/system_MKL25Z4.o

.debug_macro    0x00000000     0xedb6
 .debug_macro   0x00000000      0x13a ./utilities/fsl_debug_console.o
 .debug_macro   0x0000013a      0x862 ./utilities/fsl_debug_console.o
 .debug_macro   0x0000099c       0x10 ./utilities/fsl_debug_console.o
 .debug_macro   0x000009ac       0x16 ./utilities/fsl_debug_console.o
 .debug_macro   0x000009c2       0x10 ./utilities/fsl_debug_console.o
 .debug_macro   0x000009d2      0x12d ./utilities/fsl_debug_console.o
 .debug_macro   0x00000aff       0x28 ./utilities/fsl_debug_console.o
 .debug_macro   0x00000b27       0xc4 ./utilities/fsl_debug_console.o
 .debug_macro   0x00000beb       0x16 ./utilities/fsl_debug_console.o
 .debug_macro   0x00000c01       0x22 ./utilities/fsl_debug_console.o
 .debug_macro   0x00000c23      0x5b2 ./utilities/fsl_debug_console.o
 .debug_macro   0x000011d5       0x10 ./utilities/fsl_debug_console.o
 .debug_macro   0x000011e5       0x3f ./utilities/fsl_debug_console.o
 .debug_macro   0x00001224       0x3a ./utilities/fsl_debug_console.o
 .debug_macro   0x0000125e       0x26 ./utilities/fsl_debug_console.o
 .debug_macro   0x00001284      0x329 ./utilities/fsl_debug_console.o
 .debug_macro   0x000015ad       0x30 ./utilities/fsl_debug_console.o
 .debug_macro   0x000015dd     0x51e2 ./utilities/fsl_debug_console.o
 .debug_macro   0x000067bf     0x1352 ./utilities/fsl_debug_console.o
 .debug_macro   0x00007b11       0x3a ./utilities/fsl_debug_console.o
 .debug_macro   0x00007b4b       0xf4 ./utilities/fsl_debug_console.o
 .debug_macro   0x00007c3f       0x35 ./utilities/fsl_debug_console.o
 .debug_macro   0x00007c74       0xd2 ./utilities/fsl_debug_console.o
 .debug_macro   0x00007d46       0x2e ./utilities/fsl_debug_console.o
 .debug_macro   0x00007d74       0x10 ./utilities/fsl_debug_console.o
 .debug_macro   0x00007d84       0x10 ./utilities/fsl_debug_console.o
 .debug_macro   0x00007d94       0x29 ./startup/startup_mkl25z4.o
 .debug_macro   0x00007dbd      0x102 ./source/gpiosetup.o
 .debug_macro   0x00007ebf       0x1c ./source/gpiosetup.o
 .debug_macro   0x00007edb       0x16 ./source/gpiosetup.o
 .debug_macro   0x00007ef1       0x58 ./source/gpiosetup.o
 .debug_macro   0x00007f49      0x1cc ./source/main.o
 .debug_macro   0x00008115       0x16 ./source/main.o
 .debug_macro   0x0000812b      0x18b ./source/main.o
 .debug_macro   0x000082b6      0x168 ./source/main.o
 .debug_macro   0x0000841e       0xb6 ./source/main.o
 .debug_macro   0x000084d4       0x10 ./source/main.o
 .debug_macro   0x000084e4       0x1f ./source/main.o
 .debug_macro   0x00008503      0x361 ./source/main.o
 .debug_macro   0x00008864       0xc0 ./source/main.o
 .debug_macro   0x00008924       0x8c ./source/main.o
 .debug_macro   0x000089b0       0x1c ./source/main.o
 .debug_macro   0x000089cc       0x10 ./source/main.o
 .debug_macro   0x000089dc      0x112 ./source/main.o
 .debug_macro   0x00008aee       0x40 ./source/main.o
 .debug_macro   0x00008b2e       0x2f ./source/mtb.o
 .debug_macro   0x00008b5d       0x82 ./source/mtb.o
 .debug_macro   0x00008bdf       0x10 ./source/mtb.o
 .debug_macro   0x00008bef      0x108 ./source/rgbLed.o
 .debug_macro   0x00008cf7       0x11 ./source/semihost_hardfault.o
 .debug_macro   0x00008d08       0xbd ./freertos/fsl_tickless_lptmr.o
 .debug_macro   0x00008dc5       0x8e ./freertos/fsl_tickless_lptmr.o
 .debug_macro   0x00008e53       0xe0 ./freertos/heap_4.o
 .debug_macro   0x00008f33       0xb9 ./freertos/list.o
 .debug_macro   0x00008fec       0xcf ./freertos/port.o
 .debug_macro   0x000090bb      0x122 ./freertos/queue.o
 .debug_macro   0x000091dd       0x94 ./freertos/queue.o
 .debug_macro   0x00009271      0x1d1 ./freertos/tasks.o
 .debug_macro   0x00009442       0x11 ./freertos/tasks.o
 .debug_macro   0x00009453       0x3f ./freertos/tasks.o
 .debug_macro   0x00009492     0x51e2 ./freertos/tasks.o
 .debug_macro   0x0000e674       0xec ./freertos/timers.o
 .debug_macro   0x0000e760      0x196 ./drivers/fsl_clock.o
 .debug_macro   0x0000e8f6       0xec ./drivers/fsl_lpsci.o
 .debug_macro   0x0000e9e2       0xf2 ./drivers/fsl_uart.o
 .debug_macro   0x0000ead4      0x12b ./board/board.o
 .debug_macro   0x0000ebff      0x123 ./board/clock_config.o
 .debug_macro   0x0000ed22       0x94 ./CMSIS/system_MKL25Z4.o

.debug_line     0x00000000     0x55fe
 .debug_line    0x00000000      0x390 ./utilities/fsl_debug_console.o
 .debug_line    0x00000390      0x128 ./startup/startup_mkl25z4.o
 .debug_line    0x000004b8      0x340 ./source/gpiosetup.o
 .debug_line    0x000007f8      0x503 ./source/main.o
 .debug_line    0x00000cfb       0x95 ./source/mtb.o
 .debug_line    0x00000d90      0x349 ./source/rgbLed.o
 .debug_line    0x000010d9       0x54 ./source/semihost_hardfault.o
 .debug_line    0x0000112d      0x1c4 ./freertos/fsl_tickless_lptmr.o
 .debug_line    0x000012f1      0x2b8 ./freertos/heap_4.o
 .debug_line    0x000015a9      0x20e ./freertos/list.o
 .debug_line    0x000017b7      0x2c5 ./freertos/port.o
 .debug_line    0x00001a7c      0x7d5 ./freertos/queue.o
 .debug_line    0x00002251      0xe01 ./freertos/tasks.o
 .debug_line    0x00003052      0x492 ./freertos/timers.o
 .debug_line    0x000034e4      0x9ba ./drivers/fsl_clock.o
 .debug_line    0x00003e9e      0x76e ./drivers/fsl_lpsci.o
 .debug_line    0x0000460c      0x771 ./drivers/fsl_uart.o
 .debug_line    0x00004d7d      0x34a ./board/board.o
 .debug_line    0x000050c7      0x34f ./board/clock_config.o
 .debug_line    0x00005416      0x1e8 ./CMSIS/system_MKL25Z4.o

.debug_str      0x00000000    0x3be93
 .debug_str     0x00000000    0x30b25 ./utilities/fsl_debug_console.o
                              0x30d7f (size before relaxing)
 .debug_str     0x00030b25      0x3a2 ./startup/startup_mkl25z4.o
                               0x2849 (size before relaxing)
 .debug_str     0x00030ec7      0x3fc ./source/gpiosetup.o
                              0x2ff31 (size before relaxing)
 .debug_str     0x000312c3     0x3e8d ./source/main.o
                              0x33eda (size before relaxing)
 .debug_str     0x00035150      0x532 ./source/mtb.o
                               0x295c (size before relaxing)
 .debug_str     0x00035682       0x43 ./source/rgbLed.o
                              0x2fe92 (size before relaxing)
 .debug_str     0x000356c5       0x1f ./source/semihost_hardfault.o
                               0x244d (size before relaxing)
 .debug_str     0x000356e4      0x44c ./freertos/fsl_tickless_lptmr.o
                               0x729c (size before relaxing)
 .debug_str     0x00035b30      0x27e ./freertos/heap_4.o
                               0x7137 (size before relaxing)
 .debug_str     0x00035dae      0x12a ./freertos/list.o
                               0x6a54 (size before relaxing)
 .debug_str     0x00035ed8      0x17b ./freertos/port.o
                               0x7433 (size before relaxing)
 .debug_str     0x00036053      0xf60 ./freertos/queue.o
                               0x7fb0 (size before relaxing)
 .debug_str     0x00036fb3     0x1ac0 ./freertos/tasks.o
                              0x2d6c7 (size before relaxing)
 .debug_str     0x00038a73      0x4c6 ./freertos/timers.o
                               0x84fb (size before relaxing)
 .debug_str     0x00038f39     0x1775 ./drivers/fsl_clock.o
                              0x3191e (size before relaxing)
 .debug_str     0x0003a6ae      0xb67 ./drivers/fsl_lpsci.o
                              0x30f26 (size before relaxing)
 .debug_str     0x0003b215      0x832 ./drivers/fsl_uart.o
                              0x30f49 (size before relaxing)
 .debug_str     0x0003ba47       0x4c ./board/board.o
                              0x30999 (size before relaxing)
 .debug_str     0x0003ba93      0x3b1 ./board/clock_config.o
                              0x3085c (size before relaxing)
 .debug_str     0x0003be44       0x4f ./CMSIS/system_MKL25Z4.o
                              0x2f298 (size before relaxing)

.comment        0x00000000       0x6e
 .comment       0x00000000       0x6e ./utilities/fsl_debug_console.o
                                 0x6f (size before relaxing)
 .comment       0x0000006e       0x6f ./startup/startup_mkl25z4.o
 .comment       0x0000006e       0x6f ./source/gpiosetup.o
 .comment       0x0000006e       0x6f ./source/main.o
 .comment       0x0000006e       0x6f ./source/mtb.o
 .comment       0x0000006e       0x6f ./source/rgbLed.o
 .comment       0x0000006e       0x6f ./source/semihost_hardfault.o
 .comment       0x0000006e       0x6f ./freertos/fsl_tickless_lptmr.o
 .comment       0x0000006e       0x6f ./freertos/heap_4.o
 .comment       0x0000006e       0x6f ./freertos/list.o
 .comment       0x0000006e       0x6f ./freertos/port.o
 .comment       0x0000006e       0x6f ./freertos/queue.o
 .comment       0x0000006e       0x6f ./freertos/tasks.o
 .comment       0x0000006e       0x6f ./freertos/timers.o
 .comment       0x0000006e       0x6f ./drivers/fsl_clock.o
 .comment       0x0000006e       0x6f ./drivers/fsl_lpsci.o
 .comment       0x0000006e       0x6f ./drivers/fsl_uart.o
 .comment       0x0000006e       0x6f ./board/board.o
 .comment       0x0000006e       0x6f ./board/clock_config.o
 .comment       0x0000006e       0x6f ./CMSIS/system_MKL25Z4.o
 .comment       0x0000006e       0x6f c:/nxp/mcuxpressoide_10.0.2_411/ide/tools/bin/../lib/gcc/arm-none-eabi/5.4.1/../../../../arm-none-eabi/lib/armv6-m\libcr_semihost_nf.a(_cr__main.o)
 .comment       0x0000006e       0x6f c:/nxp/mcuxpressoide_10.0.2_411/ide/tools/bin/../lib/gcc/arm-none-eabi/5.4.1/../../../../arm-none-eabi/lib/armv6-m\libcr_semihost_nf.a(_cr_assert.o)
 .comment       0x0000006e       0x6f c:/nxp/mcuxpressoide_10.0.2_411/ide/tools/bin/../lib/gcc/arm-none-eabi/5.4.1/../../../../arm-none-eabi/lib/armv6-m\libcr_semihost_nf.a(__ciob.o)
 .comment       0x0000006e       0x6f c:/nxp/mcuxpressoide_10.0.2_411/ide/tools/bin/../lib/gcc/arm-none-eabi/5.4.1/../../../../arm-none-eabi/lib/armv6-m\libcr_c.a(memcpy.o)
 .comment       0x0000006e       0x6f c:/nxp/mcuxpressoide_10.0.2_411/ide/tools/bin/../lib/gcc/arm-none-eabi/5.4.1/../../../../arm-none-eabi/lib/armv6-m\libcr_c.a(memset.o)
 .comment       0x0000006e       0x6f c:/nxp/mcuxpressoide_10.0.2_411/ide/tools/bin/../lib/gcc/arm-none-eabi/5.4.1/../../../../arm-none-eabi/lib/armv6-m\libcr_c.a(_deferredlazyseek.o)
 .comment       0x0000006e       0x6f c:/nxp/mcuxpressoide_10.0.2_411/ide/tools/bin/../lib/gcc/arm-none-eabi/5.4.1/../../../../arm-none-eabi/lib/armv6-m\libcr_c.a(_fflush.o)
 .comment       0x0000006e       0x6f c:/nxp/mcuxpressoide_10.0.2_411/ide/tools/bin/../lib/gcc/arm-none-eabi/5.4.1/../../../../arm-none-eabi/lib/armv6-m\libcr_c.a(_writebuf.o)
 .comment       0x0000006e       0x6f c:/nxp/mcuxpressoide_10.0.2_411/ide/tools/bin/../lib/gcc/arm-none-eabi/5.4.1/../../../../arm-none-eabi/lib/armv6-m\libcr_c.a(alloc.o)
 .comment       0x0000006e       0x6f c:/nxp/mcuxpressoide_10.0.2_411/ide/tools/bin/../lib/gcc/arm-none-eabi/5.4.1/../../../../arm-none-eabi/lib/armv6-m\libcr_c.a(fputs.o)
 .comment       0x0000006e       0x6f c:/nxp/mcuxpressoide_10.0.2_411/ide/tools/bin/../lib/gcc/arm-none-eabi/5.4.1/../../../../arm-none-eabi/lib/armv6-m\libcr_c.a(fseek.o)
 .comment       0x0000006e       0x6f c:/nxp/mcuxpressoide_10.0.2_411/ide/tools/bin/../lib/gcc/arm-none-eabi/5.4.1/../../../../arm-none-eabi/lib/armv6-m\libcr_c.a(ftell.o)
 .comment       0x0000006e       0x6f c:/nxp/mcuxpressoide_10.0.2_411/ide/tools/bin/../lib/gcc/arm-none-eabi/5.4.1/../../../../arm-none-eabi/lib/armv6-m\libcr_c.a(initio.o)
 .comment       0x0000006e       0x6f c:/nxp/mcuxpressoide_10.0.2_411/ide/tools/bin/../lib/gcc/arm-none-eabi/5.4.1/../../../../arm-none-eabi/lib/armv6-m\libcr_c.a(printf.o)
 .comment       0x0000006e       0x6f c:/nxp/mcuxpressoide_10.0.2_411/ide/tools/bin/../lib/gcc/arm-none-eabi/5.4.1/../../../../arm-none-eabi/lib/armv6-m\libcr_c.a(setvbuf.o)
 .comment       0x0000006e       0x6f c:/nxp/mcuxpressoide_10.0.2_411/ide/tools/bin/../lib/gcc/arm-none-eabi/5.4.1/../../../../arm-none-eabi/lib/armv6-m\libcr_c.a(strlen.o)
 .comment       0x0000006e       0x6f c:/nxp/mcuxpressoide_10.0.2_411/ide/tools/bin/../lib/gcc/arm-none-eabi/5.4.1/../../../../arm-none-eabi/lib/armv6-m\libcr_c.a(__init_alloc.o)
 .comment       0x0000006e       0x6f c:/nxp/mcuxpressoide_10.0.2_411/ide/tools/bin/../lib/gcc/arm-none-eabi/5.4.1/../../../../arm-none-eabi/lib/armv6-m\libcr_c.a(_cr_sbrk.o)
 .comment       0x0000006e       0x6f c:/nxp/mcuxpressoide_10.0.2_411/ide/tools/bin/../lib/gcc/arm-none-eabi/5.4.1/../../../../arm-none-eabi/lib/armv6-m\libcr_c.a(_fdopen.o)
 .comment       0x0000006e       0x6f c:/nxp/mcuxpressoide_10.0.2_411/ide/tools/bin/../lib/gcc/arm-none-eabi/5.4.1/../../../../arm-none-eabi/lib/armv6-m\libcr_c.a(errno.o)
 .comment       0x0000006e       0x6f c:/nxp/mcuxpressoide_10.0.2_411/ide/tools/bin/../lib/gcc/arm-none-eabi/5.4.1/../../../../arm-none-eabi/lib/armv6-m\libcr_c.a(fclose.o)
 .comment       0x0000006e       0x6f c:/nxp/mcuxpressoide_10.0.2_411/ide/tools/bin/../lib/gcc/arm-none-eabi/5.4.1/../../../../arm-none-eabi/lib/armv6-m\libcr_c.a(fflush.o)
 .comment       0x0000006e       0x6f c:/nxp/mcuxpressoide_10.0.2_411/ide/tools/bin/../lib/gcc/arm-none-eabi/5.4.1/../../../../arm-none-eabi/lib/armv6-m\libcr_c.a(remove.o)
 .comment       0x0000006e       0x6f c:/nxp/mcuxpressoide_10.0.2_411/ide/tools/bin/../lib/gcc/arm-none-eabi/5.4.1/../../../../arm-none-eabi/lib/armv6-m\libcr_c.a(_cr_check_heap.o)
 .comment       0x0000006e       0x6f c:/nxp/mcuxpressoide_10.0.2_411/ide/tools/bin/../lib/gcc/arm-none-eabi/5.4.1/../../../../arm-none-eabi/lib/armv6-m\libcr_c.a(_do_fflush.o)

.ARM.attributes
                0x00000000       0x30
 .ARM.attributes
                0x00000000       0x32 ./utilities/fsl_debug_console.o
 .ARM.attributes
                0x00000032       0x32 ./startup/startup_mkl25z4.o
 .ARM.attributes
                0x00000064       0x32 ./source/gpiosetup.o
 .ARM.attributes
                0x00000096       0x32 ./source/main.o
 .ARM.attributes
                0x000000c8       0x32 ./source/mtb.o
 .ARM.attributes
                0x000000fa       0x32 ./source/rgbLed.o
 .ARM.attributes
                0x0000012c       0x32 ./source/semihost_hardfault.o
 .ARM.attributes
                0x0000015e       0x32 ./freertos/fsl_tickless_lptmr.o
 .ARM.attributes
                0x00000190       0x32 ./freertos/heap_4.o
 .ARM.attributes
                0x000001c2       0x32 ./freertos/list.o
 .ARM.attributes
                0x000001f4       0x32 ./freertos/port.o
 .ARM.attributes
                0x00000226       0x32 ./freertos/queue.o
 .ARM.attributes
                0x00000258       0x32 ./freertos/tasks.o
 .ARM.attributes
                0x0000028a       0x32 ./freertos/timers.o
 .ARM.attributes
                0x000002bc       0x32 ./drivers/fsl_clock.o
 .ARM.attributes
                0x000002ee       0x32 ./drivers/fsl_lpsci.o
 .ARM.attributes
                0x00000320       0x32 ./drivers/fsl_uart.o
 .ARM.attributes
                0x00000352       0x32 ./board/board.o
 .ARM.attributes
                0x00000384       0x32 ./board/clock_config.o
 .ARM.attributes
                0x000003b6       0x32 ./CMSIS/system_MKL25Z4.o
 .ARM.attributes
                0x000003e8       0x31 c:/nxp/mcuxpressoide_10.0.2_411/ide/tools/bin/../lib/gcc/arm-none-eabi/5.4.1/../../../../arm-none-eabi/lib/armv6-m\libcr_semihost_nf.a(_cr__main.o)
 .ARM.attributes
                0x00000419       0x31 c:/nxp/mcuxpressoide_10.0.2_411/ide/tools/bin/../lib/gcc/arm-none-eabi/5.4.1/../../../../arm-none-eabi/lib/armv6-m\libcr_semihost_nf.a(_cr_assert.o)
 .ARM.attributes
                0x0000044a       0x31 c:/nxp/mcuxpressoide_10.0.2_411/ide/tools/bin/../lib/gcc/arm-none-eabi/5.4.1/../../../../arm-none-eabi/lib/armv6-m\libcr_semihost_nf.a(__ciob.o)
 .ARM.attributes
                0x0000047b       0x21 c:/nxp/mcuxpressoide_10.0.2_411/ide/tools/bin/../lib/gcc/arm-none-eabi/5.4.1/../../../../arm-none-eabi/lib/armv6-m\libcr_semihost_nf.a(__sys_appexit.o)
 .ARM.attributes
                0x0000049c       0x31 c:/nxp/mcuxpressoide_10.0.2_411/ide/tools/bin/../lib/gcc/arm-none-eabi/5.4.1/../../../../arm-none-eabi/lib/armv6-m\libcr_c.a(memcpy.o)
 .ARM.attributes
                0x000004cd       0x31 c:/nxp/mcuxpressoide_10.0.2_411/ide/tools/bin/../lib/gcc/arm-none-eabi/5.4.1/../../../../arm-none-eabi/lib/armv6-m\libcr_c.a(memset.o)
 .ARM.attributes
                0x000004fe       0x31 c:/nxp/mcuxpressoide_10.0.2_411/ide/tools/bin/../lib/gcc/arm-none-eabi/5.4.1/../../../../arm-none-eabi/lib/armv6-m\libcr_c.a(_deferredlazyseek.o)
 .ARM.attributes
                0x0000052f       0x31 c:/nxp/mcuxpressoide_10.0.2_411/ide/tools/bin/../lib/gcc/arm-none-eabi/5.4.1/../../../../arm-none-eabi/lib/armv6-m\libcr_c.a(_fflush.o)
 .ARM.attributes
                0x00000560       0x31 c:/nxp/mcuxpressoide_10.0.2_411/ide/tools/bin/../lib/gcc/arm-none-eabi/5.4.1/../../../../arm-none-eabi/lib/armv6-m\libcr_c.a(_writebuf.o)
 .ARM.attributes
                0x00000591       0x31 c:/nxp/mcuxpressoide_10.0.2_411/ide/tools/bin/../lib/gcc/arm-none-eabi/5.4.1/../../../../arm-none-eabi/lib/armv6-m\libcr_c.a(alloc.o)
 .ARM.attributes
                0x000005c2       0x31 c:/nxp/mcuxpressoide_10.0.2_411/ide/tools/bin/../lib/gcc/arm-none-eabi/5.4.1/../../../../arm-none-eabi/lib/armv6-m\libcr_c.a(fputs.o)
 .ARM.attributes
                0x000005f3       0x31 c:/nxp/mcuxpressoide_10.0.2_411/ide/tools/bin/../lib/gcc/arm-none-eabi/5.4.1/../../../../arm-none-eabi/lib/armv6-m\libcr_c.a(fseek.o)
 .ARM.attributes
                0x00000624       0x31 c:/nxp/mcuxpressoide_10.0.2_411/ide/tools/bin/../lib/gcc/arm-none-eabi/5.4.1/../../../../arm-none-eabi/lib/armv6-m\libcr_c.a(ftell.o)
 .ARM.attributes
                0x00000655       0x31 c:/nxp/mcuxpressoide_10.0.2_411/ide/tools/bin/../lib/gcc/arm-none-eabi/5.4.1/../../../../arm-none-eabi/lib/armv6-m\libcr_c.a(initio.o)
 .ARM.attributes
                0x00000686       0x31 c:/nxp/mcuxpressoide_10.0.2_411/ide/tools/bin/../lib/gcc/arm-none-eabi/5.4.1/../../../../arm-none-eabi/lib/armv6-m\libcr_c.a(printf.o)
 .ARM.attributes
                0x000006b7       0x31 c:/nxp/mcuxpressoide_10.0.2_411/ide/tools/bin/../lib/gcc/arm-none-eabi/5.4.1/../../../../arm-none-eabi/lib/armv6-m\libcr_c.a(setvbuf.o)
 .ARM.attributes
                0x000006e8       0x31 c:/nxp/mcuxpressoide_10.0.2_411/ide/tools/bin/../lib/gcc/arm-none-eabi/5.4.1/../../../../arm-none-eabi/lib/armv6-m\libcr_c.a(strlen.o)
 .ARM.attributes
                0x00000719       0x31 c:/nxp/mcuxpressoide_10.0.2_411/ide/tools/bin/../lib/gcc/arm-none-eabi/5.4.1/../../../../arm-none-eabi/lib/armv6-m\libcr_c.a(__init_alloc.o)
 .ARM.attributes
                0x0000074a       0x31 c:/nxp/mcuxpressoide_10.0.2_411/ide/tools/bin/../lib/gcc/arm-none-eabi/5.4.1/../../../../arm-none-eabi/lib/armv6-m\libcr_c.a(_cr_sbrk.o)
 .ARM.attributes
                0x0000077b       0x31 c:/nxp/mcuxpressoide_10.0.2_411/ide/tools/bin/../lib/gcc/arm-none-eabi/5.4.1/../../../../arm-none-eabi/lib/armv6-m\libcr_c.a(_fdopen.o)
 .ARM.attributes
                0x000007ac       0x31 c:/nxp/mcuxpressoide_10.0.2_411/ide/tools/bin/../lib/gcc/arm-none-eabi/5.4.1/../../../../arm-none-eabi/lib/armv6-m\libcr_c.a(errno.o)
 .ARM.attributes
                0x000007dd       0x31 c:/nxp/mcuxpressoide_10.0.2_411/ide/tools/bin/../lib/gcc/arm-none-eabi/5.4.1/../../../../arm-none-eabi/lib/armv6-m\libcr_c.a(fclose.o)
 .ARM.attributes
                0x0000080e       0x31 c:/nxp/mcuxpressoide_10.0.2_411/ide/tools/bin/../lib/gcc/arm-none-eabi/5.4.1/../../../../arm-none-eabi/lib/armv6-m\libcr_c.a(fflush.o)
 .ARM.attributes
                0x0000083f       0x31 c:/nxp/mcuxpressoide_10.0.2_411/ide/tools/bin/../lib/gcc/arm-none-eabi/5.4.1/../../../../arm-none-eabi/lib/armv6-m\libcr_c.a(remove.o)
 .ARM.attributes
                0x00000870       0x31 c:/nxp/mcuxpressoide_10.0.2_411/ide/tools/bin/../lib/gcc/arm-none-eabi/5.4.1/../../../../arm-none-eabi/lib/armv6-m\libcr_c.a(_cr_check_heap.o)
 .ARM.attributes
                0x000008a1       0x31 c:/nxp/mcuxpressoide_10.0.2_411/ide/tools/bin/../lib/gcc/arm-none-eabi/5.4.1/../../../../arm-none-eabi/lib/armv6-m\libcr_c.a(_do_fflush.o)
 .ARM.attributes
                0x000008d2       0x21 c:/nxp/mcuxpressoide_10.0.2_411/ide/tools/bin/../lib/gcc/arm-none-eabi/5.4.1/armv6-m\libcr_eabihelpers.a(division_32.o)
 .ARM.attributes
                0x000008f3       0x21 c:/nxp/mcuxpressoide_10.0.2_411/ide/tools/bin/../lib/gcc/arm-none-eabi/5.4.1/armv6-m\libcr_eabihelpers.a(division_idiv0.o)
 .ARM.attributes
                0x00000914       0x21 c:/nxp/mcuxpressoide_10.0.2_411/ide/tools/bin/../lib/gcc/arm-none-eabi/5.4.1/armv6-m\libcr_eabihelpers.a(llong.o)
 .ARM.attributes
                0x00000935       0x21 c:/nxp/mcuxpressoide_10.0.2_411/ide/tools/bin/../lib/gcc/arm-none-eabi/5.4.1/armv6-m\libcr_eabihelpers.a(memcpy.o)
 .ARM.attributes
                0x00000956       0x21 c:/nxp/mcuxpressoide_10.0.2_411/ide/tools/bin/../lib/gcc/arm-none-eabi/5.4.1/../../../../arm-none-eabi/lib/armv6-m\libcr_semihost_nf.a(__sys_close.o)
 .ARM.attributes
                0x00000977       0x21 c:/nxp/mcuxpressoide_10.0.2_411/ide/tools/bin/../lib/gcc/arm-none-eabi/5.4.1/../../../../arm-none-eabi/lib/armv6-m\libcr_semihost_nf.a(__sys_flen.o)
 .ARM.attributes
                0x00000998       0x21 c:/nxp/mcuxpressoide_10.0.2_411/ide/tools/bin/../lib/gcc/arm-none-eabi/5.4.1/../../../../arm-none-eabi/lib/armv6-m\libcr_semihost_nf.a(__sys_istty.o)
 .ARM.attributes
                0x000009b9       0x21 c:/nxp/mcuxpressoide_10.0.2_411/ide/tools/bin/../lib/gcc/arm-none-eabi/5.4.1/../../../../arm-none-eabi/lib/armv6-m\libcr_semihost_nf.a(__sys_remove.o)
 .ARM.attributes
                0x000009da       0x21 c:/nxp/mcuxpressoide_10.0.2_411/ide/tools/bin/../lib/gcc/arm-none-eabi/5.4.1/../../../../arm-none-eabi/lib/armv6-m\libcr_semihost_nf.a(__sys_seek.o)
 .ARM.attributes
                0x000009fb       0x21 c:/nxp/mcuxpressoide_10.0.2_411/ide/tools/bin/../lib/gcc/arm-none-eabi/5.4.1/../../../../arm-none-eabi/lib/armv6-m\libcr_semihost_nf.a(__sys_tmpnam.o)
 .ARM.attributes
                0x00000a1c       0x21 c:/nxp/mcuxpressoide_10.0.2_411/ide/tools/bin/../lib/gcc/arm-none-eabi/5.4.1/../../../../arm-none-eabi/lib/armv6-m\libcr_semihost_nf.a(__sys_write.o)

.debug_frame    0x00000000     0x27d8
 .debug_frame   0x00000000       0xcc ./utilities/fsl_debug_console.o
 .debug_frame   0x000000cc      0x3b0 ./startup/startup_mkl25z4.o
 .debug_frame   0x0000047c       0x4c ./source/gpiosetup.o
 .debug_frame   0x000004c8       0x8c ./source/main.o
 .debug_frame   0x00000554       0x4c ./source/rgbLed.o
 .debug_frame   0x000005a0       0x20 ./source/semihost_hardfault.o
 .debug_frame   0x000005c0       0x30 ./freertos/fsl_tickless_lptmr.o
 .debug_frame   0x000005f0       0xe4 ./freertos/heap_4.o
 .debug_frame   0x000006d4       0xb0 ./freertos/list.o
 .debug_frame   0x00000784      0x154 ./freertos/port.o
 .debug_frame   0x000008d8      0x410 ./freertos/queue.o
 .debug_frame   0x00000ce8      0x73c ./freertos/tasks.o
 .debug_frame   0x00001424      0x2c8 ./freertos/timers.o
 .debug_frame   0x000016ec      0x6dc ./drivers/fsl_clock.o
 .debug_frame   0x00001dc8      0x410 ./drivers/fsl_lpsci.o
 .debug_frame   0x000021d8      0x464 ./drivers/fsl_uart.o
 .debug_frame   0x0000263c       0x50 ./board/board.o
 .debug_frame   0x0000268c      0x100 ./board/clock_config.o
 .debug_frame   0x0000278c       0x4c ./CMSIS/system_MKL25Z4.o
