Archive member included to satisfy reference by file (symbol)

/Applications/MCUXpressoIDE_10.1.0_589/ide/tools/bin/../lib/gcc/arm-none-eabi/6.3.1/../../../../arm-none-eabi/lib/thumb/v6-m/libcr_semihost_nf.a(_cr__main.o)
                              ./startup/startup_mkl25z4.o (__main)
/Applications/MCUXpressoIDE_10.1.0_589/ide/tools/bin/../lib/gcc/arm-none-eabi/6.3.1/../../../../arm-none-eabi/lib/thumb/v6-m/libcr_semihost_nf.a(_cr_assert.o)
                              ./drivers/fsl_clock.o (__assertion_failed)
/Applications/MCUXpressoIDE_10.1.0_589/ide/tools/bin/../lib/gcc/arm-none-eabi/6.3.1/../../../../arm-none-eabi/lib/thumb/v6-m/libcr_semihost_nf.a(__ciob.o)
                              /Applications/MCUXpressoIDE_10.1.0_589/ide/tools/bin/../lib/gcc/arm-none-eabi/6.3.1/../../../../arm-none-eabi/lib/thumb/v6-m/libcr_semihost_nf.a(_cr_assert.o) (__Ciob)
/Applications/MCUXpressoIDE_10.1.0_589/ide/tools/bin/../lib/gcc/arm-none-eabi/6.3.1/../../../../arm-none-eabi/lib/thumb/v6-m/libcr_semihost_nf.a(__sys_appexit.o)
                              /Applications/MCUXpressoIDE_10.1.0_589/ide/tools/bin/../lib/gcc/arm-none-eabi/6.3.1/../../../../arm-none-eabi/lib/thumb/v6-m/libcr_semihost_nf.a(_cr_assert.o) (__sys_appexit)
/Applications/MCUXpressoIDE_10.1.0_589/ide/tools/bin/../lib/gcc/arm-none-eabi/6.3.1/../../../../arm-none-eabi/lib/thumb/v6-m/libcr_c.a(memcpy.o)
                              ./freertos/queue.o (memcpy)
/Applications/MCUXpressoIDE_10.1.0_589/ide/tools/bin/../lib/gcc/arm-none-eabi/6.3.1/../../../../arm-none-eabi/lib/thumb/v6-m/libcr_c.a(memset.o)
                              ./freertos/tasks.o (memset)
/Applications/MCUXpressoIDE_10.1.0_589/ide/tools/bin/../lib/gcc/arm-none-eabi/6.3.1/../../../../arm-none-eabi/lib/thumb/v6-m/libcr_c.a(_deferredlazyseek.o)
                              /Applications/MCUXpressoIDE_10.1.0_589/ide/tools/bin/../lib/gcc/arm-none-eabi/6.3.1/../../../../arm-none-eabi/lib/thumb/v6-m/libcr_semihost_nf.a(_cr_assert.o) (__flsbuf)
/Applications/MCUXpressoIDE_10.1.0_589/ide/tools/bin/../lib/gcc/arm-none-eabi/6.3.1/../../../../arm-none-eabi/lib/thumb/v6-m/libcr_c.a(_fflush.o)
                              /Applications/MCUXpressoIDE_10.1.0_589/ide/tools/bin/../lib/gcc/arm-none-eabi/6.3.1/../../../../arm-none-eabi/lib/thumb/v6-m/libcr_c.a(_deferredlazyseek.o) (_fflush)
/Applications/MCUXpressoIDE_10.1.0_589/ide/tools/bin/../lib/gcc/arm-none-eabi/6.3.1/../../../../arm-none-eabi/lib/thumb/v6-m/libcr_c.a(_writebuf.o)
                              /Applications/MCUXpressoIDE_10.1.0_589/ide/tools/bin/../lib/gcc/arm-none-eabi/6.3.1/../../../../arm-none-eabi/lib/thumb/v6-m/libcr_c.a(_deferredlazyseek.o) (_Cwritebuf)
/Applications/MCUXpressoIDE_10.1.0_589/ide/tools/bin/../lib/gcc/arm-none-eabi/6.3.1/../../../../arm-none-eabi/lib/thumb/v6-m/libcr_c.a(alloc.o)
                              /Applications/MCUXpressoIDE_10.1.0_589/ide/tools/bin/../lib/gcc/arm-none-eabi/6.3.1/../../../../arm-none-eabi/lib/thumb/v6-m/libcr_c.a(_deferredlazyseek.o) (_Csys_alloc)
/Applications/MCUXpressoIDE_10.1.0_589/ide/tools/bin/../lib/gcc/arm-none-eabi/6.3.1/../../../../arm-none-eabi/lib/thumb/v6-m/libcr_c.a(fputs.o)
                              /Applications/MCUXpressoIDE_10.1.0_589/ide/tools/bin/../lib/gcc/arm-none-eabi/6.3.1/../../../../arm-none-eabi/lib/thumb/v6-m/libcr_semihost_nf.a(_cr_assert.o) (fputs)
/Applications/MCUXpressoIDE_10.1.0_589/ide/tools/bin/../lib/gcc/arm-none-eabi/6.3.1/../../../../arm-none-eabi/lib/thumb/v6-m/libcr_c.a(fseek.o)
                              /Applications/MCUXpressoIDE_10.1.0_589/ide/tools/bin/../lib/gcc/arm-none-eabi/6.3.1/../../../../arm-none-eabi/lib/thumb/v6-m/libcr_c.a(_deferredlazyseek.o) (fseek)
/Applications/MCUXpressoIDE_10.1.0_589/ide/tools/bin/../lib/gcc/arm-none-eabi/6.3.1/../../../../arm-none-eabi/lib/thumb/v6-m/libcr_c.a(ftell.o)
                              /Applications/MCUXpressoIDE_10.1.0_589/ide/tools/bin/../lib/gcc/arm-none-eabi/6.3.1/../../../../arm-none-eabi/lib/thumb/v6-m/libcr_c.a(fseek.o) (ftell)
/Applications/MCUXpressoIDE_10.1.0_589/ide/tools/bin/../lib/gcc/arm-none-eabi/6.3.1/../../../../arm-none-eabi/lib/thumb/v6-m/libcr_c.a(initio.o)
                              /Applications/MCUXpressoIDE_10.1.0_589/ide/tools/bin/../lib/gcc/arm-none-eabi/6.3.1/../../../../arm-none-eabi/lib/thumb/v6-m/libcr_semihost_nf.a(_cr__main.o) (_initio)
/Applications/MCUXpressoIDE_10.1.0_589/ide/tools/bin/../lib/gcc/arm-none-eabi/6.3.1/../../../../arm-none-eabi/lib/thumb/v6-m/libcr_c.a(printf.o)
                              ./source/E4ISD2_rtos_hello.o (_printf)
/Applications/MCUXpressoIDE_10.1.0_589/ide/tools/bin/../lib/gcc/arm-none-eabi/6.3.1/../../../../arm-none-eabi/lib/thumb/v6-m/libcr_c.a(setvbuf.o)
                              /Applications/MCUXpressoIDE_10.1.0_589/ide/tools/bin/../lib/gcc/arm-none-eabi/6.3.1/../../../../arm-none-eabi/lib/thumb/v6-m/libcr_c.a(initio.o) (setvbuf)
[...]
Memory Configuration

Name             Origin             Length             Attributes
PROGRAM_FLASH    0x0000000000000000 0x0000000000020000 xr
SRAM             0x000000001ffff000 0x0000000000004000 xrw
*default*        0x0000000000000000 0xffffffffffffffff

Linker script and memory map

LOAD ./utilities/fsl_debug_console.o
LOAD ./startup/startup_mkl25z4.o
LOAD ./source/E4ISD2_rtos_hello.o
LOAD ./source/mtb.o
LOAD ./source/rgbLed.o
LOAD ./source/semihost_hardfault.o
LOAD ./freertos/croutine.o
LOAD ./freertos/event_groups.o
LOAD ./freertos/fsl_tickless_lptmr.o
LOAD ./freertos/fsl_tickless_systick.o
LOAD ./freertos/heap_4.o
LOAD ./freertos/list.o
LOAD ./freertos/port.o
LOAD ./freertos/queue.o
LOAD ./freertos/tasks.o
LOAD ./freertos/timers.o
LOAD ./drivers/fsl_clock.o
LOAD ./drivers/fsl_common.o
LOAD ./drivers/fsl_flash.o
LOAD ./drivers/fsl_gpio.o
LOAD ./drivers/fsl_lpsci.o
LOAD ./drivers/fsl_lpsci_freertos.o
LOAD ./drivers/fsl_smc.o
LOAD ./drivers/fsl_uart.o
LOAD ./drivers/fsl_uart_freertos.o
LOAD ./board/board.o
LOAD ./board/clock_config.o
LOAD ./board/peripherals.o
LOAD ./board/pin_mux.o
LOAD ./CMSIS/system_MKL25Z4.o
START GROUP
LOAD /Applications/MCUXpressoIDE_10.1.0_589/ide/tools/bin/../lib/gcc/arm-none-eabi/6.3.1/../../../../arm-none-eabi/lib/thumb/v6-m/libcr_semihost_nf.a
LOAD /Applications/MCUXpressoIDE_10.1.0_589/ide/tools/bin/../lib/gcc/arm-none-eabi/6.3.1/../../../../arm-none-eabi/lib/thumb/v6-m/libcr_c.a
LOAD /Applications/MCUXpressoIDE_10.1.0_589/ide/tools/bin/../lib/gcc/arm-none-eabi/6.3.1/thumb/v6-m/libcr_eabihelpers.a
END GROUP
                0x0000000000000000                __base_PROGRAM_FLASH = 0x0
                0x0000000000000000                __base_Flash = 0x0
                0x0000000000020000                __top_PROGRAM_FLASH = 0x20000
                0x0000000000020000                __top_Flash = 0x20000
                0x000000001ffff000                __base_SRAM = 0x1ffff000
                0x000000001ffff000                __base_RAM = 0x1ffff000
                0x0000000020003000                __top_SRAM = 0x20003000
                0x0000000020003000                __top_RAM = 0x20003000

.text           0x0000000000000000     0x5f04
 FILL mask 0xff
                0x0000000000000000                __vectors_start__ = ABSOLUTE (.)
 *(.isr_vector)
 .isr_vector    0x0000000000000000       0xc0 ./startup/startup_mkl25z4.o
                0x0000000000000000                __Vectors
                0x0000000000000000                g_pfnVectors
                0x00000000000000c0                . = ALIGN (0x4)
                0x00000000000000c0                __section_table_start = .
                0x00000000000000c0                __data_section_table = .
                0x00000000000000c0        0x4 LONG 0x5f04 LOADADDR (.data)
                0x00000000000000c4        0x4 LONG 0x1ffff080 ADDR (.data)
                0x00000000000000c8        0x4 LONG 0xc SIZEOF (.data)
                0x00000000000000cc                __data_section_table_end = .
                0x00000000000000cc                __bss_section_table = .
                0x00000000000000cc        0x4 LONG 0x1ffff08c ADDR (.bss)
                0x00000000000000d0        0x4 LONG 0x2a84 SIZEOF (.bss)
                0x00000000000000d4                __bss_section_table_end = .
                0x00000000000000d4                __section_table_end = .
 *(.after_vectors*)
 .after_vectors.init_data
                0x00000000000000d4       0x16 ./startup/startup_mkl25z4.o
                0x00000000000000d4                data_init
 .after_vectors.init_bss
                0x00000000000000ea       0x12 ./startup/startup_mkl25z4.o
                0x00000000000000ea                bss_init
 .after_vectors.reset
                0x00000000000000fc       0x4c ./startup/startup_mkl25z4.o
                0x00000000000000fc                ResetISR
 .after_vectors
                0x0000000000000148      0x10c ./startup/startup_mkl25z4.o
                0x0000000000000148                NMI_Handler
                0x0000000000000152                Reserved39_DriverIRQHandler
                0x0000000000000152                DMA0_DriverIRQHandler
                0x0000000000000152                SPI1_DriverIRQHandler
                0x0000000000000152                LPTMR0_DriverIRQHandler
                0x0000000000000152                PIT_DriverIRQHandler
                0x0000000000000152                TPM2_DriverIRQHandler
                0x0000000000000152                TSI0_DriverIRQHandler
                0x0000000000000152                RTC_Seconds_DriverIRQHandler
                0x0000000000000152                LLWU_DriverIRQHandler
                0x0000000000000152                MCG_DriverIRQHandler
                0x0000000000000152                FTFA_DriverIRQHandler
                0x0000000000000152                IntDefaultHandler
                0x0000000000000152                USB0_DriverIRQHandler
                0x0000000000000152                DAC0_DriverIRQHandler
                0x0000000000000152                LVD_LVW_DriverIRQHandler
                0x0000000000000152                TPM0_DriverIRQHandler
                0x0000000000000152                Reserved20_DriverIRQHandler
                0x0000000000000152                DMA3_DriverIRQHandler
                0x0000000000000152                Reserved45_DriverIRQHandler
                0x0000000000000152                PORTA_DriverIRQHandler
                0x0000000000000152                TPM1_DriverIRQHandler
                0x0000000000000152                RTC_DriverIRQHandler
                0x0000000000000152                DMA1_DriverIRQHandler
                0x0000000000000152                I2C1_DriverIRQHandler
                0x0000000000000152                SPI0_DriverIRQHandler
                0x0000000000000152                ADC0_DriverIRQHandler
                0x0000000000000152                CMP0_DriverIRQHandler
                0x0000000000000152                DMA2_DriverIRQHandler
                0x0000000000000152                PORTD_DriverIRQHandler
                0x0000000000000152                I2C0_DriverIRQHandler
                0x0000000000000154                DMA0_IRQHandler
                0x000000000000015c                DMA1_IRQHandler
                0x0000000000000164                DMA2_IRQHandler
                0x000000000000016c                DMA3_IRQHandler
                0x0000000000000174                Reserved20_IRQHandler
                0x000000000000017c                FTFA_IRQHandler
                0x0000000000000184                LVD_LVW_IRQHandler
                0x000000000000018c                LLWU_IRQHandler
                0x0000000000000194                I2C0_IRQHandler
                0x000000000000019c                I2C1_IRQHandler
                0x00000000000001a4                SPI0_IRQHandler
                0x00000000000001ac                SPI1_IRQHandler
                0x00000000000001b4                UART0_IRQHandler
                0x00000000000001bc                UART1_IRQHandler
                0x00000000000001c4                UART2_IRQHandler
                0x00000000000001cc                ADC0_IRQHandler
                0x00000000000001d4                CMP0_IRQHandler
                0x00000000000001dc                TPM0_IRQHandler
                0x00000000000001e4                TPM1_IRQHandler
                0x00000000000001ec                TPM2_IRQHandler
                0x00000000000001f4                RTC_IRQHandler
                0x00000000000001fc                RTC_Seconds_IRQHandler
                0x0000000000000204                PIT_IRQHandler
                0x000000000000020c                Reserved39_IRQHandler
                0x0000000000000214                USB0_IRQHandler
                0x000000000000021c                DAC0_IRQHandler
                0x0000000000000224                TSI0_IRQHandler
                0x000000000000022c                MCG_IRQHandler
                0x0000000000000234                LPTMR0_IRQHandler
                0x000000000000023c                Reserved45_IRQHandler
                0x0000000000000244                PORTA_IRQHandler
                0x000000000000024c                PORTD_IRQHandler
                0x0000000000000400                . = 0x400
 *fill*         0x0000000000000254      0x1ac ff
                0x0000000000000400                PROVIDE (__FLASH_CONFIG_START__, .)
 *(.FlashConfig)
 .FlashConfig   0x0000000000000400       0x10 ./startup/startup_mkl25z4.o
                0x0000000000000400                Flash_Config
                0x0000000000000410                PROVIDE (__FLASH_CONFIG_END__, .)
                0x0000000000000001                ASSERT (! ((__FLASH_CONFIG_START__ == __FLASH_CONFIG_END__)), Linker Flash Config Support Enabled, but no .FlashConfig section provided within application)
 *(.text*)
 .text.UART_EnableTx
                0x0000000000000410       0x40 ./utilities/fsl_debug_console.o
 .text.UART_EnableRx
                0x0000000000000450       0x40 ./utilities/fsl_debug_console.o
 .text.LPSCI_EnableTx
                0x0000000000000490       0x40 ./utilities/fsl_debug_console.o
 .text.LPSCI_EnableRx
                0x00000000000004d0       0x40 ./utilities/fsl_debug_console.o
 .text.DbgConsole_Init
                0x0000000000000510       0xf4 ./utilities/fsl_debug_console.o
                0x0000000000000510                DbgConsole_Init
 .text.SetupHardware
                0x0000000000000604       0x1a ./source/E4ISD2_rtos_hello.o
 .text.vLEDTask1
                0x000000000000061e       0x22 ./source/E4ISD2_rtos_hello.o
 .text.vLEDTask2
                0x0000000000000640       0x1e ./source/E4ISD2_rtos_hello.o
 *fill*         0x000000000000065e        0x2 ff
 .text.main     0x0000000000000660       0x5c ./source/E4ISD2_rtos_hello.o
                0x0000000000000660                main
 .text.init_rgb
                0x00000000000006bc       0xa4 ./source/rgbLed.o
                0x00000000000006bc                init_rgb
 .text.set_rgb  0x0000000000000760       0xf4 ./source/rgbLed.o
                0x0000000000000760                set_rgb
 .text.HardFault_Handler
                0x0000000000000854       0x2c ./source/semihost_hardfault.o
                0x0000000000000854                HardFault_Handler
 .text.prvSetupTimerInterrupt
                0x0000000000000880       0x3c ./freertos/fsl_tickless_lptmr.o
                0x0000000000000880                prvSetupTimerInterrupt
 .text.pvPortMalloc
                0x00000000000008bc      0x14c ./freertos/heap_4.o
                0x00000000000008bc                pvPortMalloc
 .text.vPortFree
                0x0000000000000a08       0x90 ./freertos/heap_4.o
                0x0000000000000a08                vPortFree
 .text.prvHeapInit
                0x0000000000000a98       0xc0 ./freertos/heap_4.o
 .text.prvInsertBlockIntoFreeList
                0x0000000000000b58       0xb0 ./freertos/heap_4.o
 .text.vListInitialise
                0x0000000000000c08       0x3c ./freertos/list.o
                0x0000000000000c08                vListInitialise
 .text.vListInitialiseItem
                0x0000000000000c44       0x16 ./freertos/list.o
                0x0000000000000c44                vListInitialiseItem
 .text.vListInsertEnd
                0x0000000000000c5a       0x44 ./freertos/list.o
                0x0000000000000c5a                vListInsertEnd
 .text.vListInsert
                0x0000000000000c9e       0x6c ./freertos/list.o
                0x0000000000000c9e                vListInsert
 .text.uxListRemove
                0x0000000000000d0a       0x50 ./freertos/list.o
                0x0000000000000d0a                uxListRemove
 *fill*         0x0000000000000d5a        0x2 ff
 .text.pxPortInitialiseStack
                0x0000000000000d5c       0x54 ./freertos/port.o
                0x0000000000000d5c                pxPortInitialiseStack
 .text.prvTaskExitError
                0x0000000000000db0       0x18 ./freertos/port.o
 .text.SVC_Handler
                0x0000000000000dc8        0xa ./freertos/port.o
                0x0000000000000dc8                SVC_Handler
 *fill*         0x0000000000000dd2        0xe ff
 .text.vPortStartFirstTask
                0x0000000000000de0       0x38 ./freertos/port.o
 .text.xPortStartScheduler
                0x0000000000000e18       0x44 ./freertos/port.o
                0x0000000000000e18                xPortStartScheduler
 .text.vPortYield
                0x0000000000000e5c       0x20 ./freertos/port.o
                0x0000000000000e5c                vPortYield
 .text.vPortEnterCritical
                0x0000000000000e7c       0x24 ./freertos/port.o
                0x0000000000000e7c                vPortEnterCritical
 .text.vPortExitCritical
                0x0000000000000ea0       0x30 ./freertos/port.o
                0x0000000000000ea0                vPortExitCritical
 .text.ulSetInterruptMaskFromISR
                0x0000000000000ed0        0xc ./freertos/port.o
                0x0000000000000ed0                ulSetInterruptMaskFromISR
 .text.vClearInterruptMaskFromISR
                0x0000000000000edc        0x8 ./freertos/port.o
                0x0000000000000edc                vClearInterruptMaskFromISR
 *fill*         0x0000000000000ee4        0xc ff
 .text.PendSV_Handler
                0x0000000000000ef0       0x48 ./freertos/port.o
                0x0000000000000ef0                PendSV_Handler
 .text.SysTick_Handler
                0x0000000000000f38       0x34 ./freertos/port.o
                0x0000000000000f38                SysTick_Handler
 .text.xQueueGenericReset
                0x0000000000000f6c       0xa8 ./freertos/queue.o
                0x0000000000000f6c                xQueueGenericReset
 .text.xQueueGenericCreate
                0x0000000000001014       0x64 ./freertos/queue.o
                0x0000000000001014                xQueueGenericCreate
 .text.prvInitialiseNewQueue
                0x0000000000001078       0x4e ./freertos/queue.o
 .text.xQueueGenericSend
                0x00000000000010c6      0x188 ./freertos/queue.o
                0x00000000000010c6                xQueueGenericSend
 .text.xQueueGenericSendFromISR
                0x000000000000124e       0xe4 ./freertos/queue.o
                0x000000000000124e                xQueueGenericSendFromISR
 .text.xQueueGenericReceive
                0x0000000000001332      0x1c8 ./freertos/queue.o
                0x0000000000001332                xQueueGenericReceive
 .text.prvCopyDataToQueue
                0x00000000000014fa       0xd6 ./freertos/queue.o
 .text.prvCopyDataFromQueue
                0x00000000000015d0       0x4c ./freertos/queue.o
 .text.prvUnlockQueue
                0x000000000000161c       0xc0 ./freertos/queue.o
 .text.prvIsQueueEmpty
                0x00000000000016dc       0x2c ./freertos/queue.o
 .text.prvIsQueueFull
                0x0000000000001708       0x30 ./freertos/queue.o
 .text.vQueueAddToRegistry
                0x0000000000001738       0x50 ./freertos/queue.o
                0x0000000000001738                vQueueAddToRegistry
 .text.vQueueWaitForMessageRestricted
                0x0000000000001788       0x66 ./freertos/queue.o
                0x0000000000001788                vQueueWaitForMessageRestricted
 .text.xTaskCreate
                0x00000000000017ee       0x90 ./freertos/tasks.o
                0x00000000000017ee                xTaskCreate
 *fill*         0x000000000000187e        0x2 ff
 .text.prvInitialiseNewTask
                0x0000000000001880      0x120 ./freertos/tasks.o
 .text.prvAddNewTaskToReadyList
                0x00000000000019a0       0xd0 ./freertos/tasks.o
 .text.vTaskDelay
                0x0000000000001a70       0x4c ./freertos/tasks.o
                0x0000000000001a70                vTaskDelay
 .text.vTaskStartScheduler
                0x0000000000001abc       0x78 ./freertos/tasks.o
                0x0000000000001abc                vTaskStartScheduler
 .text.vTaskSuspendAll
                0x0000000000001b34       0x18 ./freertos/tasks.o
                0x0000000000001b34                vTaskSuspendAll
 .text.xTaskResumeAll
                0x0000000000001b4c      0x118 ./freertos/tasks.o
                0x0000000000001b4c                xTaskResumeAll
 .text.xTaskGetTickCount
                0x0000000000001c64       0x1c ./freertos/tasks.o
                0x0000000000001c64                xTaskGetTickCount
 .text.xTaskIncrementTick
                0x0000000000001c80      0x14c ./freertos/tasks.o
                0x0000000000001c80                xTaskIncrementTick
 .text.vTaskSwitchContext
                0x0000000000001dcc       0xa4 ./freertos/tasks.o
                0x0000000000001dcc                vTaskSwitchContext
 .text.vTaskPlaceOnEventList
                0x0000000000001e70       0x3c ./freertos/tasks.o
                0x0000000000001e70                vTaskPlaceOnEventList
 .text.vTaskPlaceOnEventListRestricted
                0x0000000000001eac       0x4c ./freertos/tasks.o
                0x0000000000001eac                vTaskPlaceOnEventListRestricted
 .text.xTaskRemoveFromEventList
                0x0000000000001ef8       0xb8 ./freertos/tasks.o
                0x0000000000001ef8                xTaskRemoveFromEventList
 .text.vTaskSetTimeOutState
                0x0000000000001fb0       0x34 ./freertos/tasks.o
                0x0000000000001fb0                vTaskSetTimeOutState
 .text.xTaskCheckForTimeOut
                0x0000000000001fe4       0x9c ./freertos/tasks.o
                0x0000000000001fe4                xTaskCheckForTimeOut
 .text.vTaskMissedYield
                0x0000000000002080       0x14 ./freertos/tasks.o
                0x0000000000002080                vTaskMissedYield
 .text.prvIdleTask
                0x0000000000002094       0x20 ./freertos/tasks.o
 .text.prvInitialiseTaskLists
                0x00000000000020b4       0x88 ./freertos/tasks.o
 .text.prvCheckTasksWaitingTermination
                0x000000000000213c       0x74 ./freertos/tasks.o
 .text.prvDeleteTCB
                0x00000000000021b0       0x22 ./freertos/tasks.o
 *fill*         0x00000000000021d2        0x2 ff
 .text.prvResetNextTaskUnblockTime
                0x00000000000021d4       0x48 ./freertos/tasks.o
 .text.xTaskGetSchedulerState
                0x000000000000221c       0x38 ./freertos/tasks.o
                0x000000000000221c                xTaskGetSchedulerState
 .text.vTaskPriorityInherit
                0x0000000000002254       0xbc ./freertos/tasks.o
                0x0000000000002254                vTaskPriorityInherit
 .text.xTaskPriorityDisinherit
                0x0000000000002310       0xb8 ./freertos/tasks.o
                0x0000000000002310                xTaskPriorityDisinherit
 .text.pvTaskIncrementMutexHeldCount
                0x00000000000023c8       0x24 ./freertos/tasks.o
                0x00000000000023c8                pvTaskIncrementMutexHeldCount
 .text.prvAddCurrentTaskToDelayedList
                0x00000000000023ec       0xa8 ./freertos/tasks.o
 .text.xTimerCreateTimerTask
                0x0000000000002494       0x54 ./freertos/timers.o
                0x0000000000002494                xTimerCreateTimerTask
 .text.xTimerGenericCommand
                0x00000000000024e8       0x9c ./freertos/timers.o
                0x00000000000024e8                xTimerGenericCommand
 .text.prvProcessExpiredTimer
                0x0000000000002584       0x70 ./freertos/timers.o
 .text.prvTimerTask
                0x00000000000025f4       0x28 ./freertos/timers.o
 .text.prvProcessTimerOrBlockTask
                0x000000000000261c       0x8c ./freertos/timers.o
 .text.prvGetNextExpireTime
                0x00000000000026a8       0x40 ./freertos/timers.o
 .text.prvSampleTimeNow
                0x00000000000026e8       0x40 ./freertos/timers.o
 .text.prvInsertTimerInActiveList
                0x0000000000002728       0x84 ./freertos/timers.o
 .text.prvProcessReceivedCommands
                0x00000000000027ac      0x12c ./freertos/timers.o
 .text.prvSwitchTimerLists
                0x00000000000028d8       0xb4 ./freertos/timers.o
 .text.prvCheckForValidListAndQueue
                0x000000000000298c       0x74 ./freertos/timers.o
 .text.CLOCK_SetEr32kClock
                0x0000000000002a00       0x30 ./drivers/fsl_clock.o
 .text.CLOCK_SetPllFllSelClock
                0x0000000000002a30       0x38 ./drivers/fsl_clock.o
 .text.OSC_SetExtRefClkConfig
                0x0000000000002a68       0x48 ./drivers/fsl_clock.o
 .text.OSC_SetCapLoad
                0x0000000000002ab0       0x4c ./drivers/fsl_clock.o
 .text.CLOCK_GetMcgExtClkFreq
                0x0000000000002afc       0x28 ./drivers/fsl_clock.o
 .text.CLOCK_GetFllExtRefClkFreq
                0x0000000000002b24       0xa4 ./drivers/fsl_clock.o
 .text.CLOCK_GetFllRefClkFreq
                0x0000000000002bc8       0x2c ./drivers/fsl_clock.o
 .text.CLOCK_GetPll0RefFreq
                0x0000000000002bf4       0x10 ./drivers/fsl_clock.o
 .text.CLOCK_GetOscRangeFromFreq
                0x0000000000002c04       0x4c ./drivers/fsl_clock.o
 .text.CLOCK_GetPllFllSelClkFreq
                0x0000000000002c50       0x4c ./drivers/fsl_clock.o
                0x0000000000002c50                CLOCK_GetPllFllSelClkFreq
 .text.CLOCK_SetSimConfig
                0x0000000000002c9c       0x38 ./drivers/fsl_clock.o
                0x0000000000002c9c                CLOCK_SetSimConfig
 .text.CLOCK_GetFllFreq
                0x0000000000002cd4       0x84 ./drivers/fsl_clock.o
                0x0000000000002cd4                CLOCK_GetFllFreq
 .text.CLOCK_GetPll0Freq
                0x0000000000002d58       0x70 ./drivers/fsl_clock.o
                0x0000000000002d58                CLOCK_GetPll0Freq
 .text.CLOCK_SetExternalRefClkConfig
                0x0000000000002dc8       0x16 ./drivers/fsl_clock.o
                0x0000000000002dc8                CLOCK_SetExternalRefClkConfig
 *fill*         0x0000000000002dde        0x2 ff
 .text.CLOCK_SetInternalRefClkConfig
                0x0000000000002de0      0x128 ./drivers/fsl_clock.o
                0x0000000000002de0                CLOCK_SetInternalRefClkConfig
 .text.CLOCK_EnablePll0
                0x0000000000002f08       0x98 ./drivers/fsl_clock.o
                0x0000000000002f08                CLOCK_EnablePll0
 .text.CLOCK_InitOsc0
                0x0000000000002fa0       0x98 ./drivers/fsl_clock.o
                0x0000000000002fa0                CLOCK_InitOsc0
 .text.CLOCK_SetPbeMode
                0x0000000000003038       0xb0 ./drivers/fsl_clock.o
                0x0000000000003038                CLOCK_SetPbeMode
 .text.CLOCK_BootToPeeMode
                0x00000000000030e8       0x70 ./drivers/fsl_clock.o
                0x00000000000030e8                CLOCK_BootToPeeMode
 .text.CLOCK_EnableClock
                0x0000000000003158       0x38 ./drivers/fsl_lpsci.o
 .text.LPSCI_GetInstance
                0x0000000000003190       0x48 ./drivers/fsl_lpsci.o
                0x0000000000003190                LPSCI_GetInstance
 .text.LPSCI_Init
                0x00000000000031d8      0x270 ./drivers/fsl_lpsci.o
                0x00000000000031d8                LPSCI_Init
 .text.LPSCI_GetDefaultConfig
                0x0000000000003448       0x44 ./drivers/fsl_lpsci.o
                0x0000000000003448                LPSCI_GetDefaultConfig
 .text.LPSCI_GetStatusFlags
                0x000000000000348c       0x26 ./drivers/fsl_lpsci.o
                0x000000000000348c                LPSCI_GetStatusFlags
 *fill*         0x00000000000034b2        0x2 ff
 .text.LPSCI_ClearStatusFlags
                0x00000000000034b4       0x98 ./drivers/fsl_lpsci.o
                0x00000000000034b4                LPSCI_ClearStatusFlags
 .text.LPSCI_WriteBlocking
                0x000000000000354c       0x4c ./drivers/fsl_lpsci.o
                0x000000000000354c                LPSCI_WriteBlocking
 .text.LPSCI_ReadBlocking
                0x0000000000003598       0xc0 ./drivers/fsl_lpsci.o
                0x0000000000003598                LPSCI_ReadBlocking
 .text.UART0_DriverIRQHandler
                0x0000000000003658       0x24 ./drivers/fsl_lpsci.o
                0x0000000000003658                UART0_DriverIRQHandler
 .text.CLOCK_EnableClock
                0x000000000000367c       0x38 ./drivers/fsl_uart.o
 .text.UART_GetInstance
                0x00000000000036b4       0x54 ./drivers/fsl_uart.o
                0x00000000000036b4                UART_GetInstance
 .text.UART_Init
                0x0000000000003708      0x1fc ./drivers/fsl_uart.o
                0x0000000000003708                UART_Init
 .text.UART_GetDefaultConfig
                0x0000000000003904       0x44 ./drivers/fsl_uart.o
                0x0000000000003904                UART_GetDefaultConfig
 .text.UART_GetStatusFlags
                0x0000000000003948       0x26 ./drivers/fsl_uart.o
                0x0000000000003948                UART_GetStatusFlags
 .text.UART_WriteBlocking
                0x000000000000396e       0x3a ./drivers/fsl_uart.o
                0x000000000000396e                UART_WriteBlocking
 .text.UART_ReadBlocking
                0x00000000000039a8       0x98 ./drivers/fsl_uart.o
                0x00000000000039a8                UART_ReadBlocking
 .text.UART1_DriverIRQHandler
                0x0000000000003a40       0x24 ./drivers/fsl_uart.o
                0x0000000000003a40                UART1_DriverIRQHandler
 .text.UART2_DriverIRQHandler
                0x0000000000003a64       0x24 ./drivers/fsl_uart.o
                0x0000000000003a64                UART2_DriverIRQHandler
 .text.CLOCK_SetLpsci0Clock
                0x0000000000003a88       0x38 ./board/board.o
 .text.BOARD_InitDebugConsole
                0x0000000000003ac0       0x30 ./board/board.o
                0x0000000000003ac0                BOARD_InitDebugConsole
 .text.CLOCK_SetSimSafeDivs
                0x0000000000003af0       0x20 ./board/clock_config.o
 .text.CLOCK_SetXtal0Freq
                0x0000000000003b10       0x1c ./board/clock_config.o
 .text.CLOCK_CONFIG_SetFllExtRefDiv
                0x0000000000003b2c       0x3c ./board/clock_config.o
 .text.BOARD_BootClockRUN
                0x0000000000003b68       0x64 ./board/clock_config.o
                0x0000000000003b68                BOARD_BootClockRUN
 .text.CLOCK_EnableClock
                0x0000000000003bcc       0x38 ./board/pin_mux.o
 .text.PORT_SetPinMux
                0x0000000000003c04       0x40 ./board/pin_mux.o
 .text.BOARD_InitPins
                0x0000000000003c44       0x4c ./board/pin_mux.o
                0x0000000000003c44                BOARD_InitPins
 .text.SystemInit
                0x0000000000003c90       0x18 ./CMSIS/system_MKL25Z4.o
                0x0000000000003c90                SystemInit
 .text.__main   0x0000000000003ca8        0xc /Applications/MCUXpressoIDE_10.1.0_589/ide/tools/bin/../lib/gcc/arm-none-eabi/6.3.1/../../../../arm-none-eabi/lib/thumb/v6-m/libcr_semihost_nf.a(_cr__main.o)
                0x0000000000003ca8                __main
                0x0000000000003ca8                __CR_SEMIHOST
 .text.__assertion_failed
                0x0000000000003cb4       0x4c /Applications/MCUXpressoIDE_10.1.0_589/ide/tools/bin/../lib/gcc/arm-none-eabi/6.3.1/../../../../arm-none-eabi/lib/thumb/v6-m/libcr_semihost_nf.a(_cr_assert.o)
                0x0000000000003cb4                __assertion_failed
 .text.__sys_appexit
                0x0000000000003d00        0xc /Applications/MCUXpressoIDE_10.1.0_589/ide/tools/bin/../lib/gcc/arm-none-eabi/6.3.1/../../../../arm-none-eabi/lib/thumb/v6-m/libcr_semihost_nf.a(__sys_appexit.o)
                0x0000000000003d00                __exit
                0x0000000000003d00                __sys_appexit
 .text.memcpy   0x0000000000003d0c        0x8 /Applications/MCUXpressoIDE_10.1.0_589/ide/tools/bin/../lib/gcc/arm-none-eabi/6.3.1/../../../../arm-none-eabi/lib/thumb/v6-m/libcr_c.a(memcpy.o)
                0x0000000000003d0c                memcpy
 .text.memset   0x0000000000003d14        0x8 /Applications/MCUXpressoIDE_10.1.0_589/ide/tools/bin/../lib/gcc/arm-none-eabi/6.3.1/../../../../arm-none-eabi/lib/thumb/v6-m/libcr_c.a(memset.o)
                0x0000000000003d14                memset
 .text._deferredlazyseek
                0x0000000000003d1c       0x40 /Applications/MCUXpressoIDE_10.1.0_589/ide/tools/bin/../lib/gcc/arm-none-eabi/6.3.1/../../../../arm-none-eabi/lib/thumb/v6-m/libcr_c.a(_deferredlazyseek.o)
                0x0000000000003d1c                _deferredlazyseek
 .text.__flsbuf
                0x0000000000003d5c      0x150 /Applications/MCUXpressoIDE_10.1.0_589/ide/tools/bin/../lib/gcc/arm-none-eabi/6.3.1/../../../../arm-none-eabi/lib/thumb/v6-m/libcr_c.a(_deferredlazyseek.o)
                0x0000000000003d5c                __flsbuf
 .text._fflush  0x0000000000003eac       0x5c /Applications/MCUXpressoIDE_10.1.0_589/ide/tools/bin/../lib/gcc/arm-none-eabi/6.3.1/../../../../arm-none-eabi/lib/thumb/v6-m/libcr_c.a(_fflush.o)
                0x0000000000003eac                _fflush
 .text._Cwritebuf
                0x0000000000003f08       0x68 /Applications/MCUXpressoIDE_10.1.0_589/ide/tools/bin/../lib/gcc/arm-none-eabi/6.3.1/../../../../arm-none-eabi/lib/thumb/v6-m/libcr_c.a(_writebuf.o)
                0x0000000000003f08                _Cwritebuf
 .text.malloc   0x0000000000003f70       0xcc /Applications/MCUXpressoIDE_10.1.0_589/ide/tools/bin/../lib/gcc/arm-none-eabi/6.3.1/../../../../arm-none-eabi/lib/thumb/v6-m/libcr_c.a(alloc.o)
                0x0000000000003f70                malloc
 .text.free     0x000000000000403c       0x2c /Applications/MCUXpressoIDE_10.1.0_589/ide/tools/bin/../lib/gcc/arm-none-eabi/6.3.1/../../../../arm-none-eabi/lib/thumb/v6-m/libcr_c.a(alloc.o)
                0x000000000000403c                free
 .text._Csys_alloc
                0x0000000000004068       0x20 /Applications/MCUXpressoIDE_10.1.0_589/ide/tools/bin/../lib/gcc/arm-none-eabi/6.3.1/../../../../arm-none-eabi/lib/thumb/v6-m/libcr_c.a(alloc.o)
                0x0000000000004068                _Csys_alloc
 .text.fputs    0x0000000000004088       0x2e /Applications/MCUXpressoIDE_10.1.0_589/ide/tools/bin/../lib/gcc/arm-none-eabi/6.3.1/../../../../arm-none-eabi/lib/thumb/v6-m/libcr_c.a(fputs.o)
                0x0000000000004088                fputs
 *fill*         0x00000000000040b6        0x2 ff
 .text.fseek    0x00000000000040b8       0xf0 /Applications/MCUXpressoIDE_10.1.0_589/ide/tools/bin/../lib/gcc/arm-none-eabi/6.3.1/../../../../arm-none-eabi/lib/thumb/v6-m/libcr_c.a(fseek.o)
                0x00000000000040b8                fseek
 .text.ftell    0x00000000000041a8       0x48 /Applications/MCUXpressoIDE_10.1.0_589/ide/tools/bin/../lib/gcc/arm-none-eabi/6.3.1/../../../../arm-none-eabi/lib/thumb/v6-m/libcr_c.a(ftell.o)
                0x00000000000041a8                ftell
 .text._initio  0x00000000000041f0       0x7c /Applications/MCUXpressoIDE_10.1.0_589/ide/tools/bin/../lib/gcc/arm-none-eabi/6.3.1/../../../../arm-none-eabi/lib/thumb/v6-m/libcr_c.a(initio.o)
                0x00000000000041f0                _initio
 .text.no_fp_display
                0x000000000000426c        0x4 /Applications/MCUXpressoIDE_10.1.0_589/ide/tools/bin/../lib/gcc/arm-none-eabi/6.3.1/../../../../arm-none-eabi/lib/thumb/v6-m/libcr_c.a(printf.o)
 .text.__vfprintf
                0x0000000000004270      0xce0 /Applications/MCUXpressoIDE_10.1.0_589/ide/tools/bin/../lib/gcc/arm-none-eabi/6.3.1/../../../../arm-none-eabi/lib/thumb/v6-m/libcr_c.a(printf.o)
                0x0000000000004270                __vfprintf
 .text._vsnprintf
                0x0000000000004f50       0x60 /Applications/MCUXpressoIDE_10.1.0_589/ide/tools/bin/../lib/gcc/arm-none-eabi/6.3.1/../../../../arm-none-eabi/lib/thumb/v6-m/libcr_c.a(printf.o)
                0x0000000000004f50                _vsnprintf
 .text._printf  0x0000000000004fb0       0x50 /Applications/MCUXpressoIDE_10.1.0_589/ide/tools/bin/../lib/gcc/arm-none-eabi/6.3.1/../../../../arm-none-eabi/lib/thumb/v6-m/libcr_c.a(printf.o)
                0x0000000000004fb0                _printf
 .text.setvbuf  0x0000000000005000       0x48 /Applications/MCUXpressoIDE_10.1.0_589/ide/tools/bin/../lib/gcc/arm-none-eabi/6.3.1/../../../../arm-none-eabi/lib/thumb/v6-m/libcr_c.a(setvbuf.o)
                0x0000000000005000                setvbuf
 .text.strlen   0x0000000000005048       0x58 /Applications/MCUXpressoIDE_10.1.0_589/ide/tools/bin/../lib/gcc/arm-none-eabi/6.3.1/../../../../arm-none-eabi/lib/thumb/v6-m/libcr_c.a(strlen.o)
                0x0000000000005048                strlen
 .text._sbrk    0x00000000000050a0       0x40 /Applications/MCUXpressoIDE_10.1.0_589/ide/tools/bin/../lib/gcc/arm-none-eabi/6.3.1/../../../../arm-none-eabi/lib/thumb/v6-m/libcr_c.a(_cr_sbrk.o)
                0x00000000000050a0                _sbrk
 .text._fdopen  0x00000000000050e0       0x74 /Applications/MCUXpressoIDE_10.1.0_589/ide/tools/bin/../lib/gcc/arm-none-eabi/6.3.1/../../../../arm-none-eabi/lib/thumb/v6-m/libcr_c.a(_fdopen.o)
                0x00000000000050e0                _fdopen
 .text.fclose   0x0000000000005154       0x5c /Applications/MCUXpressoIDE_10.1.0_589/ide/tools/bin/../lib/gcc/arm-none-eabi/6.3.1/../../../../arm-none-eabi/lib/thumb/v6-m/libcr_c.a(fclose.o)
                0x0000000000005154                fclose
 .text.fflush   0x00000000000051b0       0x44 /Applications/MCUXpressoIDE_10.1.0_589/ide/tools/bin/../lib/gcc/arm-none-eabi/6.3.1/../../../../arm-none-eabi/lib/thumb/v6-m/libcr_c.a(fflush.o)
                0x00000000000051b0                fflush
 .text.remove   0x00000000000051f4       0x12 /Applications/MCUXpressoIDE_10.1.0_589/ide/tools/bin/../lib/gcc/arm-none-eabi/6.3.1/../../../../arm-none-eabi/lib/thumb/v6-m/libcr_c.a(remove.o)
                0x00000000000051f4                remove
 *fill*         0x0000000000005206        0x2 ff
 .text.__check_heap_overflow
                0x0000000000005208       0x18 /Applications/MCUXpressoIDE_10.1.0_589/ide/tools/bin/../lib/gcc/arm-none-eabi/6.3.1/../../../../arm-none-eabi/lib/thumb/v6-m/libcr_c.a(_cr_check_heap.o)
                0x0000000000005208                __check_heap_overflow
 .text._do_fflush
                0x0000000000005220       0x44 /Applications/MCUXpressoIDE_10.1.0_589/ide/tools/bin/../lib/gcc/arm-none-eabi/6.3.1/../../../../arm-none-eabi/lib/thumb/v6-m/libcr_c.a(_do_fflush.o)
                0x0000000000005220                _do_fflush
 .text.__aeabi_division_idivmod
                0x0000000000005264       0x78 /Applications/MCUXpressoIDE_10.1.0_589/ide/tools/bin/../lib/gcc/arm-none-eabi/6.3.1/thumb/v6-m/libcr_eabihelpers.a(division_32.o)
                0x0000000000005264                __aeabi_idiv
                0x0000000000005264                __aeabi_idivmod
                0x000000000000526a                __aeabi_uidiv
                0x000000000000526a                __aeabi_uidivmod
 .text.__aeabi_division_idiv0
                0x00000000000052dc        0x2 /Applications/MCUXpressoIDE_10.1.0_589/ide/tools/bin/../lib/gcc/arm-none-eabi/6.3.1/thumb/v6-m/libcr_eabihelpers.a(division_idiv0.o)
                0x00000000000052dc                __aeabi_idiv0
 .text.__aeabi_llong_lmul
                0x00000000000052de       0x2e /Applications/MCUXpressoIDE_10.1.0_589/ide/tools/bin/../lib/gcc/arm-none-eabi/6.3.1/thumb/v6-m/libcr_eabihelpers.a(llong.o)
                0x00000000000052de                __aeabi_lmul
 .text.__aeabi_memcpy
                0x000000000000530c       0x2c /Applications/MCUXpressoIDE_10.1.0_589/ide/tools/bin/../lib/gcc/arm-none-eabi/6.3.1/thumb/v6-m/libcr_eabihelpers.a(memcpy.o)
                0x000000000000530c                __aeabi_memcpy
                0x000000000000530c                __aeabi_memcpy4
                0x000000000000530c                __aeabi_memcpy8
 .text.__aeabi_memset_lowlevel
                0x0000000000005338       0x2a /Applications/MCUXpressoIDE_10.1.0_589/ide/tools/bin/../lib/gcc/arm-none-eabi/6.3.1/thumb/v6-m/libcr_eabihelpers.a(memcpy.o)
                0x0000000000005338                __aeabi_lowlevel_memset
 .text.__sys_close
                0x0000000000005362        0xc /Applications/MCUXpressoIDE_10.1.0_589/ide/tools/bin/../lib/gcc/arm-none-eabi/6.3.1/../../../../arm-none-eabi/lib/thumb/v6-m/libcr_semihost_nf.a(__sys_close.o)
                0x0000000000005362                __sys_close
 .text.__sys_flen
                0x000000000000536e        0xc /Applications/MCUXpressoIDE_10.1.0_589/ide/tools/bin/../lib/gcc/arm-none-eabi/6.3.1/../../../../arm-none-eabi/lib/thumb/v6-m/libcr_semihost_nf.a(__sys_flen.o)
                0x000000000000536e                __sys_flen
 .text.__sys_istty
                0x000000000000537a        0xc /Applications/MCUXpressoIDE_10.1.0_589/ide/tools/bin/../lib/gcc/arm-none-eabi/6.3.1/../../../../arm-none-eabi/lib/thumb/v6-m/libcr_semihost_nf.a(__sys_istty.o)
                0x000000000000537a                __sys_istty
 .text.__sys_remove
                0x0000000000005386        0xc /Applications/MCUXpressoIDE_10.1.0_589/ide/tools/bin/../lib/gcc/arm-none-eabi/6.3.1/../../../../arm-none-eabi/lib/thumb/v6-m/libcr_semihost_nf.a(__sys_remove.o)
                0x0000000000005386                __sys_remove
 .text.__sys_seek
                0x0000000000005392        0xc /Applications/MCUXpressoIDE_10.1.0_589/ide/tools/bin/../lib/gcc/arm-none-eabi/6.3.1/../../../../arm-none-eabi/lib/thumb/v6-m/libcr_semihost_nf.a(__sys_seek.o)
                0x0000000000005392                __sys_seek
 .text.__sys_tmpnam
                0x000000000000539e        0xc /Applications/MCUXpressoIDE_10.1.0_589/ide/tools/bin/../lib/gcc/arm-none-eabi/6.3.1/../../../../arm-none-eabi/lib/thumb/v6-m/libcr_semihost_nf.a(__sys_tmpnam.o)
                0x000000000000539e                __sys_tmpnam
 .text.__sys_write
                0x00000000000053aa        0xc /Applications/MCUXpressoIDE_10.1.0_589/ide/tools/bin/../lib/gcc/arm-none-eabi/6.3.1/../../../../arm-none-eabi/lib/thumb/v6-m/libcr_semihost_nf.a(__sys_write.o)
                0x00000000000053aa                __sys_write
 *(.rodata .rodata.* .constdata .constdata.*)
 *fill*         0x00000000000053b6        0x2 ff
 .rodata        0x00000000000053b8       0x2e ./source/E4ISD2_rtos_hello.o
 *fill*         0x00000000000053e6        0x2 ff
 .rodata.set_rgb
                0x00000000000053e8       0x20 ./source/rgbLed.o
 .rodata        0x0000000000005408        0x5 ./freertos/tasks.o
 *fill*         0x000000000000540d        0x3 ff
 .rodata        0x0000000000005410        0xd ./freertos/timers.o
 *fill*         0x000000000000541d        0x3 ff
 .rodata.prvProcessReceivedCommands
                0x0000000000005420       0x28 ./freertos/timers.o
 .rodata        0x0000000000005448      0x11d ./drivers/fsl_clock.o
 *fill*         0x0000000000005565        0x3 ff
 .rodata.fllFactorTable.5202
                0x0000000000005568       0x10 ./drivers/fsl_clock.o
 .rodata        0x0000000000005578      0x48c ./drivers/fsl_lpsci.o
 .rodata.s_uartBases
                0x0000000000005a04        0xc ./drivers/fsl_uart.o
 .rodata.s_uartClock
                0x0000000000005a10        0xc ./drivers/fsl_uart.o
 .rodata        0x0000000000005a1c      0x45b ./drivers/fsl_uart.o
 *fill*         0x0000000000005e77        0x1 ff
 .rodata.mcgConfig_BOARD_BootClockRUN
                0x0000000000005e78        0xa ./board/clock_config.o
                0x0000000000005e78                mcgConfig_BOARD_BootClockRUN
 *fill*         0x0000000000005e82        0x2 ff
 .rodata.simConfig_BOARD_BootClockRUN
                0x0000000000005e84        0x8 ./board/clock_config.o
                0x0000000000005e84                simConfig_BOARD_BootClockRUN
 .rodata.oscConfig_BOARD_BootClockRUN
                0x0000000000005e8c        0x8 ./board/clock_config.o
                0x0000000000005e8c                oscConfig_BOARD_BootClockRUN
 .rodata.__assertion_failed.str1.1
                0x0000000000005e94       0x15 /Applications/MCUXpressoIDE_10.1.0_589/ide/tools/bin/../lib/gcc/arm-none-eabi/6.3.1/../../../../arm-none-eabi/lib/thumb/v6-m/libcr_semihost_nf.a(_cr_assert.o)
 *fill*         0x0000000000005ea9        0x3 ff
 .rodata.__num_Ciob_streams
                0x0000000000005eac        0x4 /Applications/MCUXpressoIDE_10.1.0_589/ide/tools/bin/../lib/gcc/arm-none-eabi/6.3.1/../../../../arm-none-eabi/lib/thumb/v6-m/libcr_semihost_nf.a(__ciob.o)
                0x0000000000005eac                __num_Ciob_streams
 .rodata._Csys_alloc.str1.1
                0x0000000000005eb0       0x18 /Applications/MCUXpressoIDE_10.1.0_589/ide/tools/bin/../lib/gcc/arm-none-eabi/6.3.1/../../../../arm-none-eabi/lib/thumb/v6-m/libcr_c.a(alloc.o)
 .rodata._initio.str1.1
                0x0000000000005ec8        0x4 /Applications/MCUXpressoIDE_10.1.0_589/ide/tools/bin/../lib/gcc/arm-none-eabi/6.3.1/../../../../arm-none-eabi/lib/thumb/v6-m/libcr_c.a(initio.o)
 .rodata.__vfprintf.str1.1
                0x0000000000005ecc       0x35 /Applications/MCUXpressoIDE_10.1.0_589/ide/tools/bin/../lib/gcc/arm-none-eabi/6.3.1/../../../../arm-none-eabi/lib/thumb/v6-m/libcr_c.a(printf.o)
                                         0x38 (size before relaxing)
                0x0000000000005f04                . = ALIGN (0x4)
 *fill*         0x0000000000005f01        0x3 ff

.glue_7         0x0000000000005f04        0x0
 .glue_7        0x0000000000005f04        0x0 linker stubs

.glue_7t        0x0000000000005f04        0x0
 .glue_7t       0x0000000000005f04        0x0 linker stubs

.vfp11_veneer   0x0000000000005f04        0x0
 .vfp11_veneer  0x0000000000005f04        0x0 linker stubs

.v4_bx          0x0000000000005f04        0x0
 .v4_bx         0x0000000000005f04        0x0 linker stubs

.iplt           0x0000000000005f04        0x0
 .iplt          0x0000000000005f04        0x0 ./utilities/fsl_debug_console.o

.rel.dyn        0x0000000000005f04        0x0
 .rel.iplt      0x0000000000005f04        0x0 ./utilities/fsl_debug_console.o

.ARM.extab
 *(.ARM.extab* .gnu.linkonce.armextab.*)
                0x0000000000005f04                __exidx_start = .

.ARM.exidx
 *(.ARM.exidx* .gnu.linkonce.armexidx.*)
                0x0000000000005f04                __exidx_end = .
                0x0000000000005f04                _etext = .

.m_usb_data
 *(m_usb_bdt)

.mtb_buffer_default
                0x000000001ffff000       0x80
 *(.mtb*)
 .mtb.$RAM1     0x000000001ffff000       0x80 ./source/mtb.o
                0x000000001ffff000                __mtb_buffer__

.uninit_RESERVED
                0x000000001ffff080        0x0
 *(.bss.$RESERVED*)
                0x000000001ffff080                . = ALIGN (0x4)
                0x000000001ffff080                _end_uninit_RESERVED = .

.data           0x000000001ffff080        0xc load address 0x0000000000005f04
 FILL mask 0xff
                0x000000001ffff080                _data = .
 *(vtable)
 *(.ramfunc*)
 *(.data*)
 .data.uxCriticalNesting
                0x000000001ffff080        0x4 ./freertos/port.o
 .data.s_slowIrcFreq
                0x000000001ffff084        0x4 ./drivers/fsl_clock.o
 .data.SystemCoreClock
                0x000000001ffff088        0x4 ./CMSIS/system_MKL25Z4.o
                0x000000001ffff088                SystemCoreClock
                0x000000001ffff08c                . = ALIGN (0x4)
                0x000000001ffff08c                _edata = .

.igot.plt       0x000000001ffff08c        0x0 load address 0x0000000000005f10
 .igot.plt      0x000000001ffff08c        0x0 ./utilities/fsl_debug_console.o

.bss            0x000000001ffff08c     0x2a84 load address 0x0000000000005f10
                0x000000001ffff08c                _bss = .
 *(.bss*)
 .bss.s_debugConsole
                0x000000001ffff08c       0x10 ./utilities/fsl_debug_console.o
 .bss.ucHeap    0x000000001ffff09c     0x2800 ./freertos/heap_4.o
 .bss.xStart    0x000000002000189c        0x8 ./freertos/heap_4.o
 .bss.pxEnd     0x00000000200018a4        0x4 ./freertos/heap_4.o
 .bss.xFreeBytesRemaining
                0x00000000200018a8        0x4 ./freertos/heap_4.o
 .bss.xMinimumEverFreeBytesRemaining
                0x00000000200018ac        0x4 ./freertos/heap_4.o
 .bss.xBlockAllocatedBit
                0x00000000200018b0        0x4 ./freertos/heap_4.o
 .bss.xQueueRegistry
                0x00000000200018b4       0x40 ./freertos/queue.o
                0x00000000200018b4                xQueueRegistry
 .bss.pxCurrentTCB
                0x00000000200018f4        0x4 ./freertos/tasks.o
                0x00000000200018f4                pxCurrentTCB
 .bss.pxReadyTasksLists
                0x00000000200018f8       0x64 ./freertos/tasks.o
 .bss.xDelayedTaskList1
                0x000000002000195c       0x14 ./freertos/tasks.o
 .bss.xDelayedTaskList2
                0x0000000020001970       0x14 ./freertos/tasks.o
 .bss.pxDelayedTaskList
                0x0000000020001984        0x4 ./freertos/tasks.o
 .bss.pxOverflowDelayedTaskList
                0x0000000020001988        0x4 ./freertos/tasks.o
 .bss.xPendingReadyList
                0x000000002000198c       0x14 ./freertos/tasks.o
 .bss.xTasksWaitingTermination
                0x00000000200019a0       0x14 ./freertos/tasks.o
 .bss.uxDeletedTasksWaitingCleanUp
                0x00000000200019b4        0x4 ./freertos/tasks.o
 .bss.xSuspendedTaskList
                0x00000000200019b8       0x14 ./freertos/tasks.o
 .bss.uxCurrentNumberOfTasks
                0x00000000200019cc        0x4 ./freertos/tasks.o
 .bss.xTickCount
                0x00000000200019d0        0x4 ./freertos/tasks.o
 .bss.uxTopReadyPriority
                0x00000000200019d4        0x4 ./freertos/tasks.o
 .bss.xSchedulerRunning
                0x00000000200019d8        0x4 ./freertos/tasks.o
 .bss.uxPendedTicks
                0x00000000200019dc        0x4 ./freertos/tasks.o
 .bss.xYieldPending
                0x00000000200019e0        0x4 ./freertos/tasks.o
 .bss.xNumOfOverflows
                0x00000000200019e4        0x4 ./freertos/tasks.o
 .bss.uxTaskNumber
                0x00000000200019e8        0x4 ./freertos/tasks.o
 .bss.xNextTaskUnblockTime
                0x00000000200019ec        0x4 ./freertos/tasks.o
 .bss.xIdleTaskHandle
                0x00000000200019f0        0x4 ./freertos/tasks.o
 .bss.uxSchedulerSuspended
                0x00000000200019f4        0x4 ./freertos/tasks.o
 .bss.xActiveTimerList1
                0x00000000200019f8       0x14 ./freertos/timers.o
 .bss.xActiveTimerList2
                0x0000000020001a0c       0x14 ./freertos/timers.o
 .bss.pxCurrentTimerList
                0x0000000020001a20        0x4 ./freertos/timers.o
 .bss.pxOverflowTimerList
                0x0000000020001a24        0x4 ./freertos/timers.o
 .bss.xTimerQueue
                0x0000000020001a28        0x4 ./freertos/timers.o
 .bss.xTimerTaskHandle
                0x0000000020001a2c        0x4 ./freertos/timers.o
 .bss.xLastTime.4547
                0x0000000020001a30        0x4 ./freertos/timers.o
 .bss.g_xtal0Freq
                0x0000000020001a34        0x4 ./drivers/fsl_clock.o
                0x0000000020001a34                g_xtal0Freq
 .bss.s_lpsciHandle
                0x0000000020001a38        0x4 ./drivers/fsl_lpsci.o
 .bss.s_lpsciIsr
                0x0000000020001a3c        0x4 ./drivers/fsl_lpsci.o
 .bss.s_uartHandle
                0x0000000020001a40        0xc ./drivers/fsl_uart.o
 .bss.s_uartIsr
                0x0000000020001a4c        0x4 ./drivers/fsl_uart.o
 .bss.__Ciob    0x0000000020001a50       0xb4 /Applications/MCUXpressoIDE_10.1.0_589/ide/tools/bin/../lib/gcc/arm-none-eabi/6.3.1/../../../../arm-none-eabi/lib/thumb/v6-m/libcr_semihost_nf.a(__ciob.o)
                0x0000000020001a50                __Ciob
 .bss.__end_of_heap
                0x0000000020001b04        0x4 /Applications/MCUXpressoIDE_10.1.0_589/ide/tools/bin/../lib/gcc/arm-none-eabi/6.3.1/../../../../arm-none-eabi/lib/thumb/v6-m/libcr_c.a(__init_alloc.o)
                0x0000000020001b04                __end_of_heap
 .bss.__heaps   0x0000000020001b08        0x4 /Applications/MCUXpressoIDE_10.1.0_589/ide/tools/bin/../lib/gcc/arm-none-eabi/6.3.1/../../../../arm-none-eabi/lib/thumb/v6-m/libcr_c.a(__init_alloc.o)
                0x0000000020001b08                __heaps
 .bss.errno     0x0000000020001b0c        0x4 /Applications/MCUXpressoIDE_10.1.0_589/ide/tools/bin/../lib/gcc/arm-none-eabi/6.3.1/../../../../arm-none-eabi/lib/thumb/v6-m/libcr_c.a(errno.o)
                0x0000000020001b0c                errno
 *(COMMON)
                0x0000000020001b10                . = ALIGN (0x4)
                0x0000000020001b10                _ebss = .
                [!provide]                        PROVIDE (end, .)

.noinit         0x0000000020001b10        0x0 load address 0x0000000000005f10
                0x0000000020001b10                _noinit = .
 *(.noinit*)
                0x0000000020001b10                . = ALIGN (0x4)
                0x0000000020001b10                _end_noinit = .
                0x0000000000000400                _HeapSize = 0x400

.heap           0x0000000020001b10      0x400 load address 0x0000000000005f10
                0x0000000020001b10                _pvHeapStart = .
                0x0000000020001f10                . = (. + _HeapSize)
 *fill*         0x0000000020001b10      0x400 
                0x0000000020001f10                . = ALIGN (0x4)
                0x0000000020001f10                _pvHeapLimit = .
                0x0000000000000400                _StackSize = 0x400

.heap2stackfill
                0x0000000020001f10      0x400 load address 0x0000000000005f10
                0x0000000020002310                . = (. + _StackSize)
 *fill*         0x0000000020001f10      0x400 

.stack          0x0000000020002c00        0x0
                0x0000000020002c00                _vStackBase = .
                0x0000000020002c00                . = ALIGN (0x4)
                0x0000000020003000                _vStackTop = (. + _StackSize)
                0x0000000000000000                _image_start = LOADADDR (.text)
                0x0000000000005f10                _image_end = (LOADADDR (.data) + SIZEOF (.data))
                0x0000000000005f10                _image_size = (_image_end - _image_start)
OUTPUT(E4ISD2_rtos_hello.axf elf32-littlearm)

.debug_info     0x0000000000000000     0xb09b
 .debug_info    0x0000000000000000      0x961 ./utilities/fsl_debug_console.o
 .debug_info    0x0000000000000961      0x4a2 ./startup/startup_mkl25z4.o
 .debug_info    0x0000000000000e03      0x5b5 ./source/E4ISD2_rtos_hello.o
 .debug_info    0x00000000000013b8       0x51 ./source/mtb.o
 .debug_info    0x0000000000001409      0x701 ./source/rgbLed.o
 .debug_info    0x0000000000001b0a       0x3b ./source/semihost_hardfault.o
 .debug_info    0x0000000000001b45       0xec ./freertos/fsl_tickless_lptmr.o
 .debug_info    0x0000000000001c31      0x315 ./freertos/heap_4.o
 .debug_info    0x0000000000001f46      0x2cb ./freertos/list.o
 .debug_info    0x0000000000002211      0x265 ./freertos/port.o
 .debug_info    0x0000000000002476      0xe33 ./freertos/queue.o
 .debug_info    0x00000000000032a9     0x176d ./freertos/tasks.o
 .debug_info    0x0000000000004a16      0xaf5 ./freertos/timers.o
 .debug_info    0x000000000000550b     0x1953 ./drivers/fsl_clock.o
 .debug_info    0x0000000000006e5e     0x1389 ./drivers/fsl_lpsci.o
 .debug_info    0x00000000000081e7     0x1333 ./drivers/fsl_uart.o
 .debug_info    0x000000000000951a      0x797 ./board/board.o
 .debug_info    0x0000000000009cb1      0xa76 ./board/clock_config.o
 .debug_info    0x000000000000a727      0x56f ./board/pin_mux.o
 .debug_info    0x000000000000ac96      0x405 ./CMSIS/system_MKL25Z4.o

.debug_abbrev   0x0000000000000000     0x2122
 .debug_abbrev  0x0000000000000000      0x1f1 ./utilities/fsl_debug_console.o
 .debug_abbrev  0x00000000000001f1      0x16d ./startup/startup_mkl25z4.o
 .debug_abbrev  0x000000000000035e      0x197 ./source/E4ISD2_rtos_hello.o
 .debug_abbrev  0x00000000000004f5       0x41 ./source/mtb.o
 .debug_abbrev  0x0000000000000536      0x170 ./source/rgbLed.o
 .debug_abbrev  0x00000000000006a6       0x2f ./source/semihost_hardfault.o
 .debug_abbrev  0x00000000000006d5       0x92 ./freertos/fsl_tickless_lptmr.o
 .debug_abbrev  0x0000000000000767      0x187 ./freertos/heap_4.o
 .debug_abbrev  0x00000000000008ee      0x112 ./freertos/list.o
 .debug_abbrev  0x0000000000000a00      0x195 ./freertos/port.o
 .debug_abbrev  0x0000000000000b95      0x1ee ./freertos/queue.o
 .debug_abbrev  0x0000000000000d83      0x28f ./freertos/tasks.o
 .debug_abbrev  0x0000000000001012      0x1fd ./freertos/timers.o
 .debug_abbrev  0x000000000000120f      0x325 ./drivers/fsl_clock.o
 .debug_abbrev  0x0000000000001534      0x2c9 ./drivers/fsl_lpsci.o
 .debug_abbrev  0x00000000000017fd      0x2e1 ./drivers/fsl_uart.o
 .debug_abbrev  0x0000000000001ade      0x183 ./board/board.o
 .debug_abbrev  0x0000000000001c61      0x1f0 ./board/clock_config.o
 .debug_abbrev  0x0000000000001e51      0x195 ./board/pin_mux.o
 .debug_abbrev  0x0000000000001fe6      0x13c ./CMSIS/system_MKL25Z4.o

.debug_aranges  0x0000000000000000      0xc38
 .debug_aranges
                0x0000000000000000       0x48 ./utilities/fsl_debug_console.o
 .debug_aranges
                0x0000000000000048      0x160 ./startup/startup_mkl25z4.o
 .debug_aranges
                0x00000000000001a8       0x38 ./source/E4ISD2_rtos_hello.o
 .debug_aranges
                0x00000000000001e0       0x18 ./source/mtb.o
 .debug_aranges
                0x00000000000001f8       0x28 ./source/rgbLed.o
 .debug_aranges
                0x0000000000000220       0x20 ./source/semihost_hardfault.o
 .debug_aranges
                0x0000000000000240       0x20 ./freertos/fsl_tickless_lptmr.o
 .debug_aranges
                0x0000000000000260       0x50 ./freertos/heap_4.o
 .debug_aranges
                0x00000000000002b0       0x40 ./freertos/list.o
 .debug_aranges
                0x00000000000002f0       0x80 ./freertos/port.o
 .debug_aranges
                0x0000000000000370      0x118 ./freertos/queue.o
 .debug_aranges
                0x0000000000000488      0x1e8 ./freertos/tasks.o
 .debug_aranges
                0x0000000000000670       0xc8 ./freertos/timers.o
 .debug_aranges
                0x0000000000000738      0x1d8 ./drivers/fsl_clock.o
 .debug_aranges
                0x0000000000000910      0x118 ./drivers/fsl_lpsci.o
 .debug_aranges
                0x0000000000000a28      0x130 ./drivers/fsl_uart.o
 .debug_aranges
                0x0000000000000b58       0x28 ./board/board.o
 .debug_aranges
                0x0000000000000b80       0x58 ./board/clock_config.o
 .debug_aranges
                0x0000000000000bd8       0x38 ./board/pin_mux.o
 .debug_aranges
                0x0000000000000c10       0x28 ./CMSIS/system_MKL25Z4.o

.debug_ranges   0x0000000000000000      0xaf0
 .debug_ranges  0x0000000000000000       0x38 ./utilities/fsl_debug_console.o
 .debug_ranges  0x0000000000000038      0x150 ./startup/startup_mkl25z4.o
 .debug_ranges  0x0000000000000188       0x28 ./source/E4ISD2_rtos_hello.o
 .debug_ranges  0x00000000000001b0       0x18 ./source/rgbLed.o
 .debug_ranges  0x00000000000001c8       0x10 ./source/semihost_hardfault.o
 .debug_ranges  0x00000000000001d8       0x10 ./freertos/fsl_tickless_lptmr.o
 .debug_ranges  0x00000000000001e8       0x40 ./freertos/heap_4.o
 .debug_ranges  0x0000000000000228       0x30 ./freertos/list.o
 .debug_ranges  0x0000000000000258       0x70 ./freertos/port.o
 .debug_ranges  0x00000000000002c8      0x108 ./freertos/queue.o
 .debug_ranges  0x00000000000003d0      0x1d8 ./freertos/tasks.o
 .debug_ranges  0x00000000000005a8       0xb8 ./freertos/timers.o
 .debug_ranges  0x0000000000000660      0x1c8 ./drivers/fsl_clock.o
 .debug_ranges  0x0000000000000828      0x108 ./drivers/fsl_lpsci.o
 .debug_ranges  0x0000000000000930      0x120 ./drivers/fsl_uart.o
 .debug_ranges  0x0000000000000a50       0x18 ./board/board.o
 .debug_ranges  0x0000000000000a68       0x48 ./board/clock_config.o
 .debug_ranges  0x0000000000000ab0       0x28 ./board/pin_mux.o
 .debug_ranges  0x0000000000000ad8       0x18 ./CMSIS/system_MKL25Z4.o

.debug_macro    0x0000000000000000     0x9c00
 .debug_macro   0x0000000000000000      0x13a ./utilities/fsl_debug_console.o
 .debug_macro   0x000000000000013a      0x8da ./utilities/fsl_debug_console.o
 .debug_macro   0x0000000000000a14       0x10 ./utilities/fsl_debug_console.o
 .debug_macro   0x0000000000000a24       0x16 ./utilities/fsl_debug_console.o
 .debug_macro   0x0000000000000a3a       0x10 ./utilities/fsl_debug_console.o
 .debug_macro   0x0000000000000a4a      0x12d ./utilities/fsl_debug_console.o
 .debug_macro   0x0000000000000b77       0x28 ./utilities/fsl_debug_console.o
 .debug_macro   0x0000000000000b9f       0xc4 ./utilities/fsl_debug_console.o
 .debug_macro   0x0000000000000c63       0x16 ./utilities/fsl_debug_console.o
 .debug_macro   0x0000000000000c79       0x22 ./utilities/fsl_debug_console.o
 .debug_macro   0x0000000000000c9b      0x5b2 ./utilities/fsl_debug_console.o
 .debug_macro   0x000000000000124d       0x10 ./utilities/fsl_debug_console.o
 .debug_macro   0x000000000000125d       0x3f ./utilities/fsl_debug_console.o
 .debug_macro   0x000000000000129c       0x3a ./utilities/fsl_debug_console.o
 .debug_macro   0x00000000000012d6       0x26 ./utilities/fsl_debug_console.o
 .debug_macro   0x00000000000012fc      0x329 ./utilities/fsl_debug_console.o
 .debug_macro   0x0000000000001625       0x30 ./utilities/fsl_debug_console.o
 .debug_macro   0x0000000000001655     0x51e2 ./utilities/fsl_debug_console.o
 .debug_macro   0x0000000000006837     0x1352 ./utilities/fsl_debug_console.o
 .debug_macro   0x0000000000007b89       0x3a ./utilities/fsl_debug_console.o
 .debug_macro   0x0000000000007bc3       0xf4 ./utilities/fsl_debug_console.o
 .debug_macro   0x0000000000007cb7       0x35 ./utilities/fsl_debug_console.o
 .debug_macro   0x0000000000007cec       0xd2 ./utilities/fsl_debug_console.o
 .debug_macro   0x0000000000007dbe       0x2e ./utilities/fsl_debug_console.o
 .debug_macro   0x0000000000007dec       0x10 ./utilities/fsl_debug_console.o
 .debug_macro   0x0000000000007dfc       0x10 ./utilities/fsl_debug_console.o
 .debug_macro   0x0000000000007e0c       0x29 ./startup/startup_mkl25z4.o
 .debug_macro   0x0000000000007e35      0x1c0 ./source/E4ISD2_rtos_hello.o
 .debug_macro   0x0000000000007ff5       0x16 ./source/E4ISD2_rtos_hello.o
 .debug_macro   0x000000000000800b      0x18b ./source/E4ISD2_rtos_hello.o
 .debug_macro   0x0000000000008196      0x168 ./source/E4ISD2_rtos_hello.o
 .debug_macro   0x00000000000082fe       0xb6 ./source/E4ISD2_rtos_hello.o
 .debug_macro   0x00000000000083b4       0x10 ./source/E4ISD2_rtos_hello.o
 .debug_macro   0x00000000000083c4       0x1f ./source/E4ISD2_rtos_hello.o
 .debug_macro   0x00000000000083e3      0x361 ./source/E4ISD2_rtos_hello.o
 .debug_macro   0x0000000000008744       0xc0 ./source/E4ISD2_rtos_hello.o
 .debug_macro   0x0000000000008804       0x8c ./source/E4ISD2_rtos_hello.o
 .debug_macro   0x0000000000008890       0x94 ./source/E4ISD2_rtos_hello.o
 .debug_macro   0x0000000000008924       0x91 ./source/E4ISD2_rtos_hello.o
 .debug_macro   0x00000000000089b5       0x1c ./source/E4ISD2_rtos_hello.o
 .debug_macro   0x00000000000089d1       0x10 ./source/E4ISD2_rtos_hello.o
 .debug_macro   0x00000000000089e1      0x112 ./source/E4ISD2_rtos_hello.o
 .debug_macro   0x0000000000008af3       0x40 ./source/E4ISD2_rtos_hello.o
 .debug_macro   0x0000000000008b33       0x2f ./source/mtb.o
 .debug_macro   0x0000000000008b62       0x82 ./source/mtb.o
 .debug_macro   0x0000000000008be4       0x10 ./source/mtb.o
 .debug_macro   0x0000000000008bf4      0x108 ./source/rgbLed.o
 .debug_macro   0x0000000000008cfc       0x1c ./source/rgbLed.o
 .debug_macro   0x0000000000008d18       0x16 ./source/rgbLed.o
 .debug_macro   0x0000000000008d2e       0x11 ./source/semihost_hardfault.o
 .debug_macro   0x0000000000008d3f       0xbd ./freertos/fsl_tickless_lptmr.o
 .debug_macro   0x0000000000008dfc       0x8e ./freertos/fsl_tickless_lptmr.o
 .debug_macro   0x0000000000008e8a       0xe0 ./freertos/heap_4.o
 .debug_macro   0x0000000000008f6a       0xb9 ./freertos/list.o
 .debug_macro   0x0000000000009023       0xcf ./freertos/port.o
 .debug_macro   0x00000000000090f2      0x122 ./freertos/queue.o
 .debug_macro   0x0000000000009214      0x182 ./freertos/tasks.o
 .debug_macro   0x0000000000009396       0x11 ./freertos/tasks.o
 .debug_macro   0x00000000000093a7       0xec ./freertos/timers.o
 .debug_macro   0x0000000000009493      0x196 ./drivers/fsl_clock.o
 .debug_macro   0x0000000000009629       0xec ./drivers/fsl_lpsci.o
 .debug_macro   0x0000000000009715       0xf2 ./drivers/fsl_uart.o
 .debug_macro   0x0000000000009807      0x12b ./board/board.o
 .debug_macro   0x0000000000009932      0x123 ./board/clock_config.o
 .debug_macro   0x0000000000009a55      0x107 ./board/pin_mux.o
 .debug_macro   0x0000000000009b5c       0x10 ./board/pin_mux.o
 .debug_macro   0x0000000000009b6c       0x94 ./CMSIS/system_MKL25Z4.o

.debug_line     0x0000000000000000     0x5356
 .debug_line    0x0000000000000000      0x364 ./utilities/fsl_debug_console.o
 .debug_line    0x0000000000000364      0x128 ./startup/startup_mkl25z4.o
 .debug_line    0x000000000000048c      0x498 ./source/E4ISD2_rtos_hello.o
 .debug_line    0x0000000000000924       0x9c ./source/mtb.o
 .debug_line    0x00000000000009c0      0x30d ./source/rgbLed.o
 .debug_line    0x0000000000000ccd       0x54 ./source/semihost_hardfault.o
 .debug_line    0x0000000000000d21      0x1d2 ./freertos/fsl_tickless_lptmr.o
 .debug_line    0x0000000000000ef3      0x2c6 ./freertos/heap_4.o
 .debug_line    0x00000000000011b9      0x21c ./freertos/list.o
 .debug_line    0x00000000000013d5      0x2d3 ./freertos/port.o
 .debug_line    0x00000000000016a8      0x7e3 ./freertos/queue.o
 .debug_line    0x0000000000001e8b      0xce4 ./freertos/tasks.o
 .debug_line    0x0000000000002b6f      0x4a2 ./freertos/timers.o
 .debug_line    0x0000000000003011      0x9ac ./drivers/fsl_clock.o
 .debug_line    0x00000000000039bd      0x75f ./drivers/fsl_lpsci.o
 .debug_line    0x000000000000411c      0x762 ./drivers/fsl_uart.o
 .debug_line    0x000000000000487e      0x301 ./board/board.o
 .debug_line    0x0000000000004b7f      0x323 ./board/clock_config.o
 .debug_line    0x0000000000004ea2      0x2be ./board/pin_mux.o
 .debug_line    0x0000000000005160      0x1f6 ./CMSIS/system_MKL25Z4.o

.debug_str      0x0000000000000000    0x3c003
 .debug_str     0x0000000000000000    0x30d4f ./utilities/fsl_debug_console.o
                                      0x30fcd (size before relaxing)
 .debug_str     0x0000000000030d4f      0x3b6 ./startup/startup_mkl25z4.o
                                       0x29aa (size before relaxing)
 .debug_str     0x0000000000031105     0x51e0 ./source/E4ISD2_rtos_hello.o
                                      0x352dd (size before relaxing)
 .debug_str     0x00000000000362e5      0x532 ./source/mtb.o
                                       0x2aa9 (size before relaxing)
 .debug_str     0x0000000000036817      0x169 ./source/rgbLed.o
                                      0x3038a (size before relaxing)
 .debug_str     0x0000000000036980       0x1f ./source/semihost_hardfault.o
                                       0x259a (size before relaxing)
 .debug_str     0x000000000003699f      0x43c ./freertos/fsl_tickless_lptmr.o
                                       0x741f (size before relaxing)
 .debug_str     0x0000000000036ddb      0x27e ./freertos/heap_4.o
                                       0x72ba (size before relaxing)
 .debug_str     0x0000000000037059      0x11e ./freertos/list.o
                                       0x6bd7 (size before relaxing)
 .debug_str     0x0000000000037177      0x17b ./freertos/port.o
                                       0x75c6 (size before relaxing)
 .debug_str     0x00000000000372f2      0x75b ./freertos/queue.o
                                       0x8133 (size before relaxing)
 .debug_str     0x0000000000037a4d     0x1313 ./freertos/tasks.o
                                       0x8da4 (size before relaxing)
 .debug_str     0x0000000000038d60      0x4c6 ./freertos/timers.o
                                       0x867e (size before relaxing)
 .debug_str     0x0000000000039226     0x14d7 ./drivers/fsl_clock.o
                                      0x31ab1 (size before relaxing)
 .debug_str     0x000000000003a6fd      0xb67 ./drivers/fsl_lpsci.o
                                      0x310b9 (size before relaxing)
 .debug_str     0x000000000003b264      0x832 ./drivers/fsl_uart.o
                                      0x310dc (size before relaxing)
 .debug_str     0x000000000003ba96       0x4c ./board/board.o
                                      0x30f29 (size before relaxing)
 .debug_str     0x000000000003bae2      0x300 ./board/clock_config.o
                                      0x309df (size before relaxing)
 .debug_str     0x000000000003bde2      0x1d2 ./board/pin_mux.o
                                      0x30142 (size before relaxing)
 .debug_str     0x000000000003bfb4       0x4f ./CMSIS/system_MKL25Z4.o
                                      0x2f41b (size before relaxing)

.comment        0x0000000000000000       0x7f
 .comment       0x0000000000000000       0x7f ./utilities/fsl_debug_console.o
                                         0x80 (size before relaxing)
 .comment       0x000000000000007f       0x80 ./startup/startup_mkl25z4.o
 .comment       0x000000000000007f       0x80 ./source/E4ISD2_rtos_hello.o
 .comment       0x000000000000007f       0x80 ./source/mtb.o
 .comment       0x000000000000007f       0x80 ./source/rgbLed.o
 .comment       0x000000000000007f       0x80 ./source/semihost_hardfault.o
 .comment       0x000000000000007f       0x80 ./freertos/fsl_tickless_lptmr.o
 .comment       0x000000000000007f       0x80 ./freertos/heap_4.o
 .comment       0x000000000000007f       0x80 ./freertos/list.o
 .comment       0x000000000000007f       0x80 ./freertos/port.o
 .comment       0x000000000000007f       0x80 ./freertos/queue.o
 .comment       0x000000000000007f       0x80 ./freertos/tasks.o
 .comment       0x000000000000007f       0x80 ./freertos/timers.o
 .comment       0x000000000000007f       0x80 ./drivers/fsl_clock.o
 .comment       0x000000000000007f       0x80 ./drivers/fsl_lpsci.o
 .comment       0x000000000000007f       0x80 ./drivers/fsl_uart.o
 .comment       0x000000000000007f       0x80 ./board/board.o
 .comment       0x000000000000007f       0x80 ./board/clock_config.o
 .comment       0x000000000000007f       0x80 ./board/pin_mux.o
 .comment       0x000000000000007f       0x80 ./CMSIS/system_MKL25Z4.o
 .comment       0x000000000000007f       0x80 /Applications/MCUXpressoIDE_10.1.0_589/ide/tools/bin/../lib/gcc/arm-none-eabi/6.3.1/../../../../arm-none-eabi/lib/thumb/v6-m/libcr_semihost_nf.a(_cr__main.o)
 .comment       0x000000000000007f       0x80 /Applications/MCUXpressoIDE_10.1.0_589/ide/tools/bin/../lib/gcc/arm-none-eabi/6.3.1/../../../../arm-none-eabi/lib/thumb/v6-m/libcr_semihost_nf.a(_cr_assert.o)
 .comment       0x000000000000007f       0x80 /Applications/MCUXpressoIDE_10.1.0_589/ide/tools/bin/../lib/gcc/arm-none-eabi/6.3.1/../../../../arm-none-eabi/lib/thumb/v6-m/libcr_semihost_nf.a(__ciob.o)
 .comment       0x000000000000007f       0x80 /Applications/MCUXpressoIDE_10.1.0_589/ide/tools/bin/../lib/gcc/arm-none-eabi/6.3.1/../../../../arm-none-eabi/lib/thumb/v6-m/libcr_c.a(memcpy.o)
 .comment       0x000000000000007f       0x80 /Applications/MCUXpressoIDE_10.1.0_589/ide/tools/bin/../lib/gcc/arm-none-eabi/6.3.1/../../../../arm-none-eabi/lib/thumb/v6-m/libcr_c.a(memset.o)
 .comment       0x000000000000007f       0x80 /Applications/MCUXpressoIDE_10.1.0_589/ide/tools/bin/../lib/gcc/arm-none-eabi/6.3.1/../../../../arm-none-eabi/lib/thumb/v6-m/libcr_c.a(_deferredlazyseek.o)
 .comment       0x000000000000007f       0x80 /Applications/MCUXpressoIDE_10.1.0_589/ide/tools/bin/../lib/gcc/arm-none-eabi/6.3.1/../../../../arm-none-eabi/lib/thumb/v6-m/libcr_c.a(_fflush.o)
 .comment       0x000000000000007f       0x80 /Applications/MCUXpressoIDE_10.1.0_589/ide/tools/bin/../lib/gcc/arm-none-eabi/6.3.1/../../../../arm-none-eabi/lib/thumb/v6-m/libcr_c.a(_writebuf.o)
 .comment       0x000000000000007f       0x80 /Applications/MCUXpressoIDE_10.1.0_589/ide/tools/bin/../lib/gcc/arm-none-eabi/6.3.1/../../../../arm-none-eabi/lib/thumb/v6-m/libcr_c.a(alloc.o)
 .comment       0x000000000000007f       0x80 /Applications/MCUXpressoIDE_10.1.0_589/ide/tools/bin/../lib/gcc/arm-none-eabi/6.3.1/../../../../arm-none-eabi/lib/thumb/v6-m/libcr_c.a(fputs.o)
 .comment       0x000000000000007f       0x80 /Applications/MCUXpressoIDE_10.1.0_589/ide/tools/bin/../lib/gcc/arm-none-eabi/6.3.1/../../../../arm-none-eabi/lib/thumb/v6-m/libcr_c.a(fseek.o)
 .comment       0x000000000000007f       0x80 /Applications/MCUXpressoIDE_10.1.0_589/ide/tools/bin/../lib/gcc/arm-none-eabi/6.3.1/../../../../arm-none-eabi/lib/thumb/v6-m/libcr_c.a(ftell.o)
 .comment       0x000000000000007f       0x80 /Applications/MCUXpressoIDE_10.1.0_589/ide/tools/bin/../lib/gcc/arm-none-eabi/6.3.1/../../../../arm-none-eabi/lib/thumb/v6-m/libcr_c.a(initio.o)
 .comment       0x000000000000007f       0x80 /Applications/MCUXpressoIDE_10.1.0_589/ide/tools/bin/../lib/gcc/arm-none-eabi/6.3.1/../../../../arm-none-eabi/lib/thumb/v6-m/libcr_c.a(printf.o)
 .comment       0x000000000000007f       0x80 /Applications/MCUXpressoIDE_10.1.0_589/ide/tools/bin/../lib/gcc/arm-none-eabi/6.3.1/../../../../arm-none-eabi/lib/thumb/v6-m/libcr_c.a(setvbuf.o)
 .comment       0x000000000000007f       0x80 /Applications/MCUXpressoIDE_10.1.0_589/ide/tools/bin/../lib/gcc/arm-none-eabi/6.3.1/../../../../arm-none-eabi/lib/thumb/v6-m/libcr_c.a(strlen.o)
 .comment       0x000000000000007f       0x80 /Applications/MCUXpressoIDE_10.1.0_589/ide/tools/bin/../lib/gcc/arm-none-eabi/6.3.1/../../../../arm-none-eabi/lib/thumb/v6-m/libcr_c.a(__init_alloc.o)
 .comment       0x000000000000007f       0x80 /Applications/MCUXpressoIDE_10.1.0_589/ide/tools/bin/../lib/gcc/arm-none-eabi/6.3.1/../../../../arm-none-eabi/lib/thumb/v6-m/libcr_c.a(_cr_sbrk.o)
 .comment       0x000000000000007f       0x80 /Applications/MCUXpressoIDE_10.1.0_589/ide/tools/bin/../lib/gcc/arm-none-eabi/6.3.1/../../../../arm-none-eabi/lib/thumb/v6-m/libcr_c.a(_fdopen.o)
 .comment       0x000000000000007f       0x80 /Applications/MCUXpressoIDE_10.1.0_589/ide/tools/bin/../lib/gcc/arm-none-eabi/6.3.1/../../../../arm-none-eabi/lib/thumb/v6-m/libcr_c.a(errno.o)
 .comment       0x000000000000007f       0x80 /Applications/MCUXpressoIDE_10.1.0_589/ide/tools/bin/../lib/gcc/arm-none-eabi/6.3.1/../../../../arm-none-eabi/lib/thumb/v6-m/libcr_c.a(fclose.o)
 .comment       0x000000000000007f       0x80 /Applications/MCUXpressoIDE_10.1.0_589/ide/tools/bin/../lib/gcc/arm-none-eabi/6.3.1/../../../../arm-none-eabi/lib/thumb/v6-m/libcr_c.a(fflush.o)
 .comment       0x000000000000007f       0x80 /Applications/MCUXpressoIDE_10.1.0_589/ide/tools/bin/../lib/gcc/arm-none-eabi/6.3.1/../../../../arm-none-eabi/lib/thumb/v6-m/libcr_c.a(remove.o)
 .comment       0x000000000000007f       0x80 /Applications/MCUXpressoIDE_10.1.0_589/ide/tools/bin/../lib/gcc/arm-none-eabi/6.3.1/../../../../arm-none-eabi/lib/thumb/v6-m/libcr_c.a(_cr_check_heap.o)
 .comment       0x000000000000007f       0x80 /Applications/MCUXpressoIDE_10.1.0_589/ide/tools/bin/../lib/gcc/arm-none-eabi/6.3.1/../../../../arm-none-eabi/lib/thumb/v6-m/libcr_c.a(_do_fflush.o)

.ARM.attributes
                0x0000000000000000       0x30
 .ARM.attributes
                0x0000000000000000       0x32 ./utilities/fsl_debug_console.o
 .ARM.attributes
                0x0000000000000032       0x32 ./startup/startup_mkl25z4.o
 .ARM.attributes
                0x0000000000000064       0x32 ./source/E4ISD2_rtos_hello.o
 .ARM.attributes
                0x0000000000000096       0x32 ./source/mtb.o
 .ARM.attributes
                0x00000000000000c8       0x32 ./source/rgbLed.o
 .ARM.attributes
                0x00000000000000fa       0x32 ./source/semihost_hardfault.o
 .ARM.attributes
                0x000000000000012c       0x32 ./freertos/fsl_tickless_lptmr.o
 .ARM.attributes
                0x000000000000015e       0x32 ./freertos/heap_4.o
 .ARM.attributes
                0x0000000000000190       0x32 ./freertos/list.o
 .ARM.attributes
                0x00000000000001c2       0x32 ./freertos/port.o
 .ARM.attributes
                0x00000000000001f4       0x32 ./freertos/queue.o
 .ARM.attributes
                0x0000000000000226       0x32 ./freertos/tasks.o
 .ARM.attributes
                0x0000000000000258       0x32 ./freertos/timers.o
 .ARM.attributes
                0x000000000000028a       0x32 ./drivers/fsl_clock.o
 .ARM.attributes
                0x00000000000002bc       0x32 ./drivers/fsl_lpsci.o
 .ARM.attributes
                0x00000000000002ee       0x32 ./drivers/fsl_uart.o
 .ARM.attributes
                0x0000000000000320       0x32 ./board/board.o
 .ARM.attributes
                0x0000000000000352       0x32 ./board/clock_config.o
 .ARM.attributes
                0x0000000000000384       0x32 ./board/pin_mux.o
 .ARM.attributes
                0x00000000000003b6       0x32 ./CMSIS/system_MKL25Z4.o
 .ARM.attributes
                0x00000000000003e8       0x31 /Applications/MCUXpressoIDE_10.1.0_589/ide/tools/bin/../lib/gcc/arm-none-eabi/6.3.1/../../../../arm-none-eabi/lib/thumb/v6-m/libcr_semihost_nf.a(_cr__main.o)
 .ARM.attributes
                0x0000000000000419       0x31 /Applications/MCUXpressoIDE_10.1.0_589/ide/tools/bin/../lib/gcc/arm-none-eabi/6.3.1/../../../../arm-none-eabi/lib/thumb/v6-m/libcr_semihost_nf.a(_cr_assert.o)
 .ARM.attributes
                0x000000000000044a       0x31 /Applications/MCUXpressoIDE_10.1.0_589/ide/tools/bin/../lib/gcc/arm-none-eabi/6.3.1/../../../../arm-none-eabi/lib/thumb/v6-m/libcr_semihost_nf.a(__ciob.o)
 .ARM.attributes
                0x000000000000047b       0x21 /Applications/MCUXpressoIDE_10.1.0_589/ide/tools/bin/../lib/gcc/arm-none-eabi/6.3.1/../../../../arm-none-eabi/lib/thumb/v6-m/libcr_semihost_nf.a(__sys_appexit.o)
 .ARM.attributes
                0x000000000000049c       0x31 /Applications/MCUXpressoIDE_10.1.0_589/ide/tools/bin/../lib/gcc/arm-none-eabi/6.3.1/../../../../arm-none-eabi/lib/thumb/v6-m/libcr_c.a(memcpy.o)
 .ARM.attributes
                0x00000000000004cd       0x31 /Applications/MCUXpressoIDE_10.1.0_589/ide/tools/bin/../lib/gcc/arm-none-eabi/6.3.1/../../../../arm-none-eabi/lib/thumb/v6-m/libcr_c.a(memset.o)
 .ARM.attributes
                0x00000000000004fe       0x31 /Applications/MCUXpressoIDE_10.1.0_589/ide/tools/bin/../lib/gcc/arm-none-eabi/6.3.1/../../../../arm-none-eabi/lib/thumb/v6-m/libcr_c.a(_deferredlazyseek.o)
 .ARM.attributes
                0x000000000000052f       0x31 /Applications/MCUXpressoIDE_10.1.0_589/ide/tools/bin/../lib/gcc/arm-none-eabi/6.3.1/../../../../arm-none-eabi/lib/thumb/v6-m/libcr_c.a(_fflush.o)
 .ARM.attributes
                0x0000000000000560       0x31 /Applications/MCUXpressoIDE_10.1.0_589/ide/tools/bin/../lib/gcc/arm-none-eabi/6.3.1/../../../../arm-none-eabi/lib/thumb/v6-m/libcr_c.a(_writebuf.o)
 .ARM.attributes
                0x0000000000000591       0x31 /Applications/MCUXpressoIDE_10.1.0_589/ide/tools/bin/../lib/gcc/arm-none-eabi/6.3.1/../../../../arm-none-eabi/lib/thumb/v6-m/libcr_c.a(alloc.o)
 .ARM.attributes
                0x00000000000005c2       0x31 /Applications/MCUXpressoIDE_10.1.0_589/ide/tools/bin/../lib/gcc/arm-none-eabi/6.3.1/../../../../arm-none-eabi/lib/thumb/v6-m/libcr_c.a(fputs.o)
 .ARM.attributes
                0x00000000000005f3       0x31 /Applications/MCUXpressoIDE_10.1.0_589/ide/tools/bin/../lib/gcc/arm-none-eabi/6.3.1/../../../../arm-none-eabi/lib/thumb/v6-m/libcr_c.a(fseek.o)
 .ARM.attributes
                0x0000000000000624       0x31 /Applications/MCUXpressoIDE_10.1.0_589/ide/tools/bin/../lib/gcc/arm-none-eabi/6.3.1/../../../../arm-none-eabi/lib/thumb/v6-m/libcr_c.a(ftell.o)
 .ARM.attributes
                0x0000000000000655       0x31 /Applications/MCUXpressoIDE_10.1.0_589/ide/tools/bin/../lib/gcc/arm-none-eabi/6.3.1/../../../../arm-none-eabi/lib/thumb/v6-m/libcr_c.a(initio.o)
 .ARM.attributes
                0x0000000000000686       0x31 /Applications/MCUXpressoIDE_10.1.0_589/ide/tools/bin/../lib/gcc/arm-none-eabi/6.3.1/../../../../arm-none-eabi/lib/thumb/v6-m/libcr_c.a(printf.o)
 .ARM.attributes
                0x00000000000006b7       0x31 /Applications/MCUXpressoIDE_10.1.0_589/ide/tools/bin/../lib/gcc/arm-none-eabi/6.3.1/../../../../arm-none-eabi/lib/thumb/v6-m/libcr_c.a(setvbuf.o)
 .ARM.attributes
                0x00000000000006e8       0x31 /Applications/MCUXpressoIDE_10.1.0_589/ide/tools/bin/../lib/gcc/arm-none-eabi/6.3.1/../../../../arm-none-eabi/lib/thumb/v6-m/libcr_c.a(strlen.o)
 .ARM.attributes
                0x0000000000000719       0x31 /Applications/MCUXpressoIDE_10.1.0_589/ide/tools/bin/../lib/gcc/arm-none-eabi/6.3.1/../../../../arm-none-eabi/lib/thumb/v6-m/libcr_c.a(__init_alloc.o)
 .ARM.attributes
                0x000000000000074a       0x31 /Applications/MCUXpressoIDE_10.1.0_589/ide/tools/bin/../lib/gcc/arm-none-eabi/6.3.1/../../../../arm-none-eabi/lib/thumb/v6-m/libcr_c.a(_cr_sbrk.o)
 .ARM.attributes
                0x000000000000077b       0x31 /Applications/MCUXpressoIDE_10.1.0_589/ide/tools/bin/../lib/gcc/arm-none-eabi/6.3.1/../../../../arm-none-eabi/lib/thumb/v6-m/libcr_c.a(_fdopen.o)
 .ARM.attributes
                0x00000000000007ac       0x31 /Applications/MCUXpressoIDE_10.1.0_589/ide/tools/bin/../lib/gcc/arm-none-eabi/6.3.1/../../../../arm-none-eabi/lib/thumb/v6-m/libcr_c.a(errno.o)
 .ARM.attributes
                0x00000000000007dd       0x31 /Applications/MCUXpressoIDE_10.1.0_589/ide/tools/bin/../lib/gcc/arm-none-eabi/6.3.1/../../../../arm-none-eabi/lib/thumb/v6-m/libcr_c.a(fclose.o)
 .ARM.attributes
                0x000000000000080e       0x31 /Applications/MCUXpressoIDE_10.1.0_589/ide/tools/bin/../lib/gcc/arm-none-eabi/6.3.1/../../../../arm-none-eabi/lib/thumb/v6-m/libcr_c.a(fflush.o)
 .ARM.attributes
                0x000000000000083f       0x31 /Applications/MCUXpressoIDE_10.1.0_589/ide/tools/bin/../lib/gcc/arm-none-eabi/6.3.1/../../../../arm-none-eabi/lib/thumb/v6-m/libcr_c.a(remove.o)
 .ARM.attributes
                0x0000000000000870       0x31 /Applications/MCUXpressoIDE_10.1.0_589/ide/tools/bin/../lib/gcc/arm-none-eabi/6.3.1/../../../../arm-none-eabi/lib/thumb/v6-m/libcr_c.a(_cr_check_heap.o)
 .ARM.attributes
                0x00000000000008a1       0x31 /Applications/MCUXpressoIDE_10.1.0_589/ide/tools/bin/../lib/gcc/arm-none-eabi/6.3.1/../../../../arm-none-eabi/lib/thumb/v6-m/libcr_c.a(_do_fflush.o)
 .ARM.attributes
                0x00000000000008d2       0x21 /Applications/MCUXpressoIDE_10.1.0_589/ide/tools/bin/../lib/gcc/arm-none-eabi/6.3.1/thumb/v6-m/libcr_eabihelpers.a(division_32.o)
 .ARM.attributes
                0x00000000000008f3       0x21 /Applications/MCUXpressoIDE_10.1.0_589/ide/tools/bin/../lib/gcc/arm-none-eabi/6.3.1/thumb/v6-m/libcr_eabihelpers.a(division_idiv0.o)
 .ARM.attributes
                0x0000000000000914       0x21 /Applications/MCUXpressoIDE_10.1.0_589/ide/tools/bin/../lib/gcc/arm-none-eabi/6.3.1/thumb/v6-m/libcr_eabihelpers.a(llong.o)
 .ARM.attributes
                0x0000000000000935       0x21 /Applications/MCUXpressoIDE_10.1.0_589/ide/tools/bin/../lib/gcc/arm-none-eabi/6.3.1/thumb/v6-m/libcr_eabihelpers.a(memcpy.o)
 .ARM.attributes
                0x0000000000000956       0x21 /Applications/MCUXpressoIDE_10.1.0_589/ide/tools/bin/../lib/gcc/arm-none-eabi/6.3.1/../../../../arm-none-eabi/lib/thumb/v6-m/libcr_semihost_nf.a(__sys_close.o)
 .ARM.attributes
                0x0000000000000977       0x21 /Applications/MCUXpressoIDE_10.1.0_589/ide/tools/bin/../lib/gcc/arm-none-eabi/6.3.1/../../../../arm-none-eabi/lib/thumb/v6-m/libcr_semihost_nf.a(__sys_flen.o)
 .ARM.attributes
                0x0000000000000998       0x21 /Applications/MCUXpressoIDE_10.1.0_589/ide/tools/bin/../lib/gcc/arm-none-eabi/6.3.1/../../../../arm-none-eabi/lib/thumb/v6-m/libcr_semihost_nf.a(__sys_istty.o)
 .ARM.attributes
                0x00000000000009b9       0x21 /Applications/MCUXpressoIDE_10.1.0_589/ide/tools/bin/../lib/gcc/arm-none-eabi/6.3.1/../../../../arm-none-eabi/lib/thumb/v6-m/libcr_semihost_nf.a(__sys_remove.o)
 .ARM.attributes
                0x00000000000009da       0x21 /Applications/MCUXpressoIDE_10.1.0_589/ide/tools/bin/../lib/gcc/arm-none-eabi/6.3.1/../../../../arm-none-eabi/lib/thumb/v6-m/libcr_semihost_nf.a(__sys_seek.o)
 .ARM.attributes
                0x00000000000009fb       0x21 /Applications/MCUXpressoIDE_10.1.0_589/ide/tools/bin/../lib/gcc/arm-none-eabi/6.3.1/../../../../arm-none-eabi/lib/thumb/v6-m/libcr_semihost_nf.a(__sys_tmpnam.o)
 .ARM.attributes
                0x0000000000000a1c       0x21 /Applications/MCUXpressoIDE_10.1.0_589/ide/tools/bin/../lib/gcc/arm-none-eabi/6.3.1/../../../../arm-none-eabi/lib/thumb/v6-m/libcr_semihost_nf.a(__sys_write.o)

.debug_frame    0x0000000000000000     0x2814
 .debug_frame   0x0000000000000000       0xcc ./utilities/fsl_debug_console.o
 .debug_frame   0x00000000000000cc      0x3b0 ./startup/startup_mkl25z4.o
 .debug_frame   0x000000000000047c       0x8c ./source/E4ISD2_rtos_hello.o
 .debug_frame   0x0000000000000508       0x4c ./source/rgbLed.o
 .debug_frame   0x0000000000000554       0x20 ./source/semihost_hardfault.o
 .debug_frame   0x0000000000000574       0x30 ./freertos/fsl_tickless_lptmr.o
 .debug_frame   0x00000000000005a4       0xe4 ./freertos/heap_4.o
 .debug_frame   0x0000000000000688       0xb0 ./freertos/list.o
 .debug_frame   0x0000000000000738      0x154 ./freertos/port.o
 .debug_frame   0x000000000000088c      0x410 ./freertos/queue.o
 .debug_frame   0x0000000000000c9c      0x73c ./freertos/tasks.o
 .debug_frame   0x00000000000013d8      0x2c8 ./freertos/timers.o
 .debug_frame   0x00000000000016a0      0x6dc ./drivers/fsl_clock.o
 .debug_frame   0x0000000000001d7c      0x410 ./drivers/fsl_lpsci.o
 .debug_frame   0x000000000000218c      0x464 ./drivers/fsl_uart.o
 .debug_frame   0x00000000000025f0       0x50 ./board/board.o
 .debug_frame   0x0000000000002640      0x100 ./board/clock_config.o
 .debug_frame   0x0000000000002740       0x88 ./board/pin_mux.o
 .debug_frame   0x00000000000027c8       0x4c ./CMSIS/system_MKL25Z4.o
